<html>
<body>
<pre>
<h1>µVision Build Log</h1>
<h2>Tool Versions:</h2>
IDE-Version: ¦ÌVision V5.22.0.0
Copyright (C) 2016 ARM Ltd and ARM Germany GmbH. All rights reserved.
License Information: wh D, SJTU-5, LIC=32B1Q-NAK07-122LE-5VBRI-2EWBN-2AHAK
 
Tool Versions:
Toolchain:       MDK-ARM Plus  Version: 5.22
Toolchain Path:  F:\Software_downloads\Keil_v5\ARM\ARMCC\Bin
C Compiler:      Armcc.exe V5.06 update 4 (build 422)
Assembler:       Armasm.exe V5.06 update 4 (build 422)
Linker/Locator:  ArmLink.exe V5.06 update 4 (build 422)
Library Manager: ArmAr.exe V5.06 update 4 (build 422)
Hex Converter:   FromElf.exe V5.06 update 4 (build 422)
CPU DLL:         SARMCM3.DLL V5.22
Dialog DLL:      DCM.DLL V1.13.9.0
Target DLL:      lmidk-agdi.dll V???
Dialog DLL:      TCM.DLL V1.21.0.0
 
<h2>Project:</h2>
C:\A2000TM4\EXP1_2\exp1_2.uvprojx
Project File Date:  03/11/2024

<h2>Output:</h2>
*** Using Compiler 'V5.06 update 4 (build 422)', folder: 'F:\Software_downloads\Keil_v5\ARM\ARMCC\Bin'
Build target 'Target 1'
compiling exp1_2.c...
exp1_2.c(169): warning:  #177-D: variable "ui32DelayTime"  was declared but never referenced
    uint32_t ui32DelayTime;
exp1_2.c: 1 warning, 0 errors
compiling uartstdio.c...
linking...
Program Size: Code=3280 RO-data=1740 RW-data=16 ZI-data=608  
FromELF: creating hex file...
".\Objects\exp1_2.axf" - 0 Error(s), 1 Warning(s).

<h2>Software Packages used:</h2>

Package Vendor: Keil
                http://www.keil.com/pack/Keil.TM4C_DFP.1.1.0.pack
                Keil::Device:Startup:1.0.0
                Texas Instruments Tiva C Series Device Support and Examples
   * Component: Startup Version: 1.0.0

<h2>Collection of Component include folders:</h2>
  C:\A2000TM4\EXP1_2\RTE\_Target_1
  F:\Software_downloads\Keil_v5\ARM\PACK\Keil\TM4C_DFP\1.1.0\Device\Include\TM4C129

<h2>Collection of Component Files used:</h2>

   * Component: Keil::Device:Startup:1.0.0
      Source file:   Device\Source\system_TM4C129.c
      Source file:   Device\Source\ARM\startup_TM4C129.s
      Include file:  Device\Include\TM4C129\TM4C129.h
Build Time Elapsed:  00:00:01
</pre>
</body>
</html>
