Component: ARM Compiler 5.06 update 4 (build 422) Tool: armlink [4d35d2]

==============================================================================

Section Cross References

    frequency_measure.o(i.DevicesInit) refers to sysctl.o(i.SysCtlClockFreqSet) for SysCtlClockFreqSet
    frequency_measure.o(i.DevicesInit) refers to frequency_measure.o(i.GPIOInit) for GPIOInit
    frequency_measure.o(i.DevicesInit) refers to frequency_measure.o(i.Timer0Init) for Timer0Init
    frequency_measure.o(i.DevicesInit) refers to frequency_measure.o(i.Timer1Init) for Timer1Init
    frequency_measure.o(i.DevicesInit) refers to frequency_measure.o(i.SysTickInit) for SysTickInit
    frequency_measure.o(i.DevicesInit) refers to interrupt.o(i.IntMasterEnable) for IntMasterEnable
    frequency_measure.o(i.DevicesInit) refers to fpu.o(i.FPULazyStackingEnable) for FPULazyStackingEnable
    frequency_measure.o(i.DevicesInit) refers to fpu.o(i.FPUEnable) for FPUEnable
    frequency_measure.o(i.DevicesInit) refers to interrupt.o(i.IntPrioritySet) for IntPrioritySet
    frequency_measure.o(i.DevicesInit) refers to frequency_measure.o(.data) for g_ui32SysClock
    frequency_measure.o(i.GPIOInit) refers to sysctl.o(i.SysCtlPeripheralEnable) for SysCtlPeripheralEnable
    frequency_measure.o(i.GPIOInit) refers to sysctl.o(i.SysCtlPeripheralReady) for SysCtlPeripheralReady
    frequency_measure.o(i.GPIOInit) refers to gpio.o(i.GPIOPinTypeGPIOOutput) for GPIOPinTypeGPIOOutput
    frequency_measure.o(i.PWMInit) refers to sysctl.o(i.SysCtlPWMClockSet) for SysCtlPWMClockSet
    frequency_measure.o(i.PWMInit) refers to sysctl.o(i.SysCtlPeripheralEnable) for SysCtlPeripheralEnable
    frequency_measure.o(i.PWMInit) refers to pwm.o(i.PWMOutputState) for PWMOutputState
    frequency_measure.o(i.PWMInit) refers to pwm.o(i.PWMGenEnable) for PWMGenEnable
    frequency_measure.o(i.PWMInit) refers to pwm.o(i.PWMGenPeriodSet) for PWMGenPeriodSet
    frequency_measure.o(i.PWMInit) refers to gpio.o(i.GPIOPinConfigure) for GPIOPinConfigure
    frequency_measure.o(i.PWMInit) refers to gpio.o(i.GPIOPinTypePWM) for GPIOPinTypePWM
    frequency_measure.o(i.PWMInit) refers to pwm.o(i.PWMGenConfigure) for PWMGenConfigure
    frequency_measure.o(i.PWMInit) refers to pwm.o(i.PWMGenPeriodGet) for PWMGenPeriodGet
    frequency_measure.o(i.PWMInit) refers to pwm.o(i.PWMPulseWidthSet) for PWMPulseWidthSet
    frequency_measure.o(i.PWMInit) refers to frequency_measure.o(.data) for g_ui32SysClock
    frequency_measure.o(i.SysTickInit) refers to systick.o(i.SysTickPeriodSet) for SysTickPeriodSet
    frequency_measure.o(i.SysTickInit) refers to systick.o(i.SysTickEnable) for SysTickEnable
    frequency_measure.o(i.SysTickInit) refers to systick.o(i.SysTickIntEnable) for SysTickIntEnable
    frequency_measure.o(i.SysTickInit) refers to frequency_measure.o(.data) for g_ui32SysClock
    frequency_measure.o(i.SysTick_Handler) refers to tm1638.o(i.TM1638_RefreshDIGIandLED) for TM1638_RefreshDIGIandLED
    frequency_measure.o(i.SysTick_Handler) refers to tm1638.o(i.TM1638_Readkeyboard) for TM1638_Readkeyboard
    frequency_measure.o(i.SysTick_Handler) refers to frequency_measure.o(.data) for led
    frequency_measure.o(i.TIMER1A_Handler) refers to timer.o(i.TimerIntClear) for TimerIntClear
    frequency_measure.o(i.TIMER1A_Handler) refers to timer.o(i.TimerValueGet) for TimerValueGet
    frequency_measure.o(i.TIMER1A_Handler) refers to timer.o(i.TimerDisable) for TimerDisable
    frequency_measure.o(i.TIMER1A_Handler) refers to frequency_measure.o(.data) for g_ui32TCurCount
    frequency_measure.o(i.Timer0Init) refers to sysctl.o(i.SysCtlPeripheralEnable) for SysCtlPeripheralEnable
    frequency_measure.o(i.Timer0Init) refers to gpio.o(i.GPIOPinConfigure) for GPIOPinConfigure
    frequency_measure.o(i.Timer0Init) refers to gpio.o(i.GPIOPinTypeTimer) for GPIOPinTypeTimer
    frequency_measure.o(i.Timer0Init) refers to gpio.o(i.GPIOPadConfigSet) for GPIOPadConfigSet
    frequency_measure.o(i.Timer0Init) refers to timer.o(i.TimerConfigure) for TimerConfigure
    frequency_measure.o(i.Timer0Init) refers to timer.o(i.TimerControlEvent) for TimerControlEvent
    frequency_measure.o(i.Timer1Init) refers to sysctl.o(i.SysCtlPeripheralEnable) for SysCtlPeripheralEnable
    frequency_measure.o(i.Timer1Init) refers to timer.o(i.TimerConfigure) for TimerConfigure
    frequency_measure.o(i.Timer1Init) refers to timer.o(i.TimerLoadSet) for TimerLoadSet
    frequency_measure.o(i.Timer1Init) refers to frequency_measure.o(.data) for g_ui32SysClock
    frequency_measure.o(i.main) refers to frequency_measure.o(i.DevicesInit) for DevicesInit
    frequency_measure.o(i.main) refers to sysctl.o(.emb_text) for SysCtlDelay
    frequency_measure.o(i.main) refers to tm1638.o(i.TM1638_Init) for TM1638_Init
    frequency_measure.o(i.main) refers to timer.o(i.TimerIntEnable) for TimerIntEnable
[...]
    gpio.o(i.GPIOPinTypeTimer) refers to gpio.o(i.GPIODirModeSet) for GPIODirModeSet
    gpio.o(i.GPIOPinTypeTimer) refers to gpio.o(i.GPIOPadConfigSet) for GPIOPadConfigSet
    gpio.o(i.GPIOPinTypeTrace) refers to gpio.o(i.GPIODirModeSet) for GPIODirModeSet
    gpio.o(i.GPIOPinTypeTrace) refers to gpio.o(i.GPIOPadConfigSet) for GPIOPadConfigSet
    gpio.o(i.GPIOPinTypeUART) refers to gpio.o(i.GPIODirModeSet) for GPIODirModeSet
    gpio.o(i.GPIOPinTypeUART) refers to gpio.o(i.GPIOPadConfigSet) for GPIOPadConfigSet
    gpio.o(i.GPIOPinTypeUSBAnalog) refers to gpio.o(i.GPIODirModeSet) for GPIODirModeSet
    gpio.o(i.GPIOPinTypeUSBAnalog) refers to gpio.o(i.GPIOPadConfigSet) for GPIOPadConfigSet
    gpio.o(i.GPIOPinTypeUSBDigital) refers to gpio.o(i.GPIODirModeSet) for GPIODirModeSet
    gpio.o(i.GPIOPinTypeUSBDigital) refers to gpio.o(i.GPIOPadConfigSet) for GPIOPadConfigSet
    gpio.o(i.GPIOPinTypeWakeHigh) refers to gpio.o(i.GPIODirModeSet) for GPIODirModeSet
    gpio.o(i.GPIOPinTypeWakeHigh) refers to gpio.o(i.GPIOPadConfigSet) for GPIOPadConfigSet
    gpio.o(i.GPIOPinTypeWakeLow) refers to gpio.o(i.GPIODirModeSet) for GPIODirModeSet
    gpio.o(i.GPIOPinTypeWakeLow) refers to gpio.o(i.GPIOPadConfigSet) for GPIOPadConfigSet
    gpio.o(i._GPIOIntNumberGet) refers to gpio.o(.constdata) for .constdata
    interrupt.o(i.IntDisable) refers to interrupt.o(.constdata) for .constdata
    interrupt.o(i.IntEnable) refers to interrupt.o(.constdata) for .constdata
    interrupt.o(i.IntIsEnabled) refers to interrupt.o(.constdata) for .constdata
    interrupt.o(i.IntMasterDisable) refers to cpu.o(.emb_text) for CPUcpsid
    interrupt.o(i.IntMasterEnable) refers to cpu.o(.emb_text) for CPUcpsie
    interrupt.o(i.IntPendClear) refers to interrupt.o(.constdata) for .constdata
    interrupt.o(i.IntPendSet) refers to interrupt.o(.constdata) for .constdata
    interrupt.o(i.IntPriorityGet) refers to interrupt.o(.constdata) for .constdata
    interrupt.o(i.IntPriorityGroupingGet) refers to interrupt.o(.constdata) for .constdata
    interrupt.o(i.IntPriorityGroupingSet) refers to interrupt.o(.constdata) for .constdata
    interrupt.o(i.IntPriorityMaskGet) refers to cpu.o(.emb_text) for CPUbasepriGet
    interrupt.o(i.IntPriorityMaskSet) refers to cpu.o(.emb_text) for CPUbasepriSet
    interrupt.o(i.IntPrioritySet) refers to interrupt.o(.constdata) for .constdata
    interrupt.o(i.IntRegister) refers to interrupt.o(vtable) for vtable
    interrupt.o(i.IntUnregister) refers to interrupt.o(i._IntDefaultHandler) for _IntDefaultHandler
    interrupt.o(i.IntUnregister) refers to interrupt.o(vtable) for vtable
    pwm.o(i.PWMFaultIntRegister) refers to interrupt.o(i.IntRegister) for IntRegister
    pwm.o(i.PWMFaultIntRegister) refers to interrupt.o(i.IntEnable) for IntEnable
    pwm.o(i.PWMFaultIntUnregister) refers to interrupt.o(i.IntDisable) for IntDisable
    pwm.o(i.PWMFaultIntUnregister) refers to interrupt.o(i.IntUnregister) for IntUnregister
    pwm.o(i.PWMGenIntRegister) refers to pwm.o(i._PWMGenIntNumberGet) for _PWMGenIntNumberGet
    pwm.o(i.PWMGenIntRegister) refers to interrupt.o(i.IntRegister) for IntRegister
    pwm.o(i.PWMGenIntRegister) refers to interrupt.o(i.IntEnable) for IntEnable
    pwm.o(i.PWMGenIntUnregister) refers to pwm.o(i._PWMGenIntNumberGet) for _PWMGenIntNumberGet
    pwm.o(i.PWMGenIntUnregister) refers to interrupt.o(i.IntDisable) for IntDisable
    pwm.o(i.PWMGenIntUnregister) refers to interrupt.o(i.IntUnregister) for IntUnregister
    sysctl.o(i.SysCtlClockFreqSet) refers to sysctl.o(.constdata) for .constdata
    sysctl.o(i.SysCtlClockGet) refers to sysctl.o(.constdata) for .constdata
    sysctl.o(i.SysCtlClockSet) refers to sysctl.o(.emb_text) for SysCtlDelay
    sysctl.o(i.SysCtlDeepSleep) refers to cpu.o(.emb_text) for CPUwfi
    sysctl.o(i.SysCtlIntRegister) refers to interrupt.o(i.IntRegister) for IntRegister
    sysctl.o(i.SysCtlIntRegister) refers to interrupt.o(i.IntEnable) for IntEnable
    sysctl.o(i.SysCtlIntUnregister) refers to interrupt.o(i.IntDisable) for IntDisable
    sysctl.o(i.SysCtlIntUnregister) refers to interrupt.o(i.IntUnregister) for IntUnregister
    sysctl.o(i.SysCtlSleep) refers to cpu.o(.emb_text) for CPUwfi
    sysctl.o(i.SysCtlVCOGet) refers to sysctl.o(.constdata) for .constdata
    systick.o(i.SysTickIntRegister) refers to interrupt.o(i.IntRegister) for IntRegister
    systick.o(i.SysTickIntUnregister) refers to interrupt.o(i.IntUnregister) for IntUnregister
    timer.o(i.TimerIntRegister) refers to interrupt.o(i.IntRegister) for IntRegister
    timer.o(i.TimerIntRegister) refers to interrupt.o(i.IntEnable) for IntEnable
    timer.o(i.TimerIntRegister) refers to timer.o(.constdata) for .constdata
    timer.o(i.TimerIntUnregister) refers to interrupt.o(i.IntDisable) for IntDisable
    timer.o(i.TimerIntUnregister) refers to interrupt.o(i.IntUnregister) for IntUnregister
    timer.o(i.TimerIntUnregister) refers to timer.o(.constdata) for .constdata
    __main.o(!!!main) refers to __rtentry.o(.ARM.Collect$$rtentry$$00000000) for __rt_entry
    __rtentry.o(.ARM.Collect$$rtentry$$00000000) refers (Special) to __rtentry2.o(.ARM.Collect$$rtentry$$0000000A) for __rt_entry_li
    __rtentry.o(.ARM.Collect$$rtentry$$00000000) refers (Special) to __rtentry2.o(.ARM.Collect$$rtentry$$0000000D) for __rt_entry_main
    __rtentry.o(.ARM.Collect$$rtentry$$00000000) refers (Special) to __rtentry2.o(.ARM.Collect$$rtentry$$0000000C) for __rt_entry_postli_1
    __rtentry.o(.ARM.Collect$$rtentry$$00000000) refers (Special) to __rtentry2.o(.ARM.Collect$$rtentry$$00000009) for __rt_entry_postsh_1
    __rtentry.o(.ARM.Collect$$rtentry$$00000000) refers (Special) to __rtentry2.o(.ARM.Collect$$rtentry$$00000002) for __rt_entry_presh_1
    __rtentry.o(.ARM.Collect$$rtentry$$00000000) refers (Special) to __rtentry4.o(.ARM.Collect$$rtentry$$00000004) for __rt_entry_sh
    __rtentry2.o(.ARM.Collect$$rtentry$$00000008) refers to boardinit2.o(.text) for _platform_post_stackheap_init
    __rtentry2.o(.ARM.Collect$$rtentry$$0000000A) refers to libinit.o(.ARM.Collect$$libinit$$00000000) for __rt_lib_init
    __rtentry2.o(.ARM.Collect$$rtentry$$0000000B) refers to boardinit3.o(.text) for _platform_post_lib_init
    __rtentry2.o(.ARM.Collect$$rtentry$$0000000D) refers to frequency_measure.o(i.main) for main
    __rtentry2.o(.ARM.Collect$$rtentry$$0000000D) refers to exit.o(.text) for exit
    __rtentry2.o(.ARM.exidx) refers to __rtentry2.o(.ARM.Collect$$rtentry$$00000001) for .ARM.Collect$$rtentry$$00000001
    __rtentry2.o(.ARM.exidx) refers to __rtentry2.o(.ARM.Collect$$rtentry$$00000008) for .ARM.Collect$$rtentry$$00000008
    __rtentry2.o(.ARM.exidx) refers to __rtentry2.o(.ARM.Collect$$rtentry$$0000000A) for .ARM.Collect$$rtentry$$0000000A
    __rtentry2.o(.ARM.exidx) refers to __rtentry2.o(.ARM.Collect$$rtentry$$0000000B) for .ARM.Collect$$rtentry$$0000000B
    __rtentry2.o(.ARM.exidx) refers to __rtentry2.o(.ARM.Collect$$rtentry$$0000000D) for .ARM.Collect$$rtentry$$0000000D
    __rtentry4.o(.ARM.Collect$$rtentry$$00000004) refers to sys_stackheap_outer.o(.text) for __user_setup_stackheap
    __rtentry4.o(.ARM.exidx) refers to __rtentry4.o(.ARM.Collect$$rtentry$$00000004) for .ARM.Collect$$rtentry$$00000004
    sys_stackheap_outer.o(.text) refers to libspace.o(.text) for __user_perproc_libspace
    sys_stackheap_outer.o(.text) refers to startup_tm4c129.o(.text) for __user_initial_stackheap
    exit.o(.text) refers to rtexit.o(.ARM.Collect$$rtexit$$00000000) for __rt_exit
    libinit.o(.ARM.Collect$$libinit$$00000000) refers (Special) to libinit2.o(.ARM.Collect$$libinit$$0000002E) for __rt_lib_init_alloca_1
    libinit.o(.ARM.Collect$$libinit$$00000000) refers (Special) to libinit2.o(.ARM.Collect$$libinit$$0000002C) for __rt_lib_init_argv_1
    libinit.o(.ARM.Collect$$libinit$$00000000) refers (Special) to libinit2.o(.ARM.Collect$$libinit$$0000001B) for __rt_lib_init_atexit_1
    libinit.o(.ARM.Collect$$libinit$$00000000) refers (Special) to libinit2.o(.ARM.Collect$$libinit$$00000021) for __rt_lib_init_clock_1
    libinit.o(.ARM.Collect$$libinit$$00000000) refers (Special) to libinit2.o(.ARM.Collect$$libinit$$00000032) for __rt_lib_init_cpp_1
    libinit.o(.ARM.Collect$$libinit$$00000000) refers (Special) to libinit2.o(.ARM.Collect$$libinit$$00000030) for __rt_lib_init_exceptions_1
    libinit.o(.ARM.Collect$$libinit$$00000000) refers (Special) to libinit2.o(.ARM.Collect$$libinit$$00000001) for __rt_lib_init_fp_1
    libinit.o(.ARM.Collect$$libinit$$00000000) refers (Special) to libinit2.o(.ARM.Collect$$libinit$$0000001F) for __rt_lib_init_fp_trap_1
    libinit.o(.ARM.Collect$$libinit$$00000000) refers (Special) to libinit2.o(.ARM.Collect$$libinit$$00000023) for __rt_lib_init_getenv_1
    libinit.o(.ARM.Collect$$libinit$$00000000) refers (Special) to libinit2.o(.ARM.Collect$$libinit$$0000000A) for __rt_lib_init_heap_1
    libinit.o(.ARM.Collect$$libinit$$00000000) refers (Special) to libinit2.o(.ARM.Collect$$libinit$$00000011) for __rt_lib_init_lc_collate_1
    libinit.o(.ARM.Collect$$libinit$$00000000) refers (Special) to libinit2.o(.ARM.Collect$$libinit$$00000013) for __rt_lib_init_lc_ctype_1
    libinit.o(.ARM.Collect$$libinit$$00000000) refers (Special) to libinit2.o(.ARM.Collect$$libinit$$00000015) for __rt_lib_init_lc_monetary_1
    libinit.o(.ARM.Collect$$libinit$$00000000) refers (Special) to libinit2.o(.ARM.Collect$$libinit$$00000017) for __rt_lib_init_lc_numeric_1
    libinit.o(.ARM.Collect$$libinit$$00000000) refers (Special) to libinit2.o(.ARM.Collect$$libinit$$00000019) for __rt_lib_init_lc_time_1
    libinit.o(.ARM.Collect$$libinit$$00000000) refers (Special) to libinit2.o(.ARM.Collect$$libinit$$00000004) for __rt_lib_init_preinit_1
    libinit.o(.ARM.Collect$$libinit$$00000000) refers (Special) to libinit2.o(.ARM.Collect$$libinit$$0000000E) for __rt_lib_init_rand_1
    libinit.o(.ARM.Collect$$libinit$$00000000) refers (Special) to libinit2.o(.ARM.Collect$$libinit$$00000033) for __rt_lib_init_return
    libinit.o(.ARM.Collect$$libinit$$00000000) refers (Special) to libinit2.o(.ARM.Collect$$libinit$$0000001D) for __rt_lib_init_signal_1
    libinit.o(.ARM.Collect$$libinit$$00000000) refers (Special) to libinit2.o(.ARM.Collect$$libinit$$00000025) for __rt_lib_init_stdio_1
    libinit.o(.ARM.Collect$$libinit$$00000000) refers (Special) to libinit2.o(.ARM.Collect$$libinit$$0000000C) for __rt_lib_init_user_alloc_1
    libspace.o(.text) refers to libspace.o(.bss) for __libspace_start
    rtexit.o(.ARM.Collect$$rtexit$$00000000) refers (Special) to rtexit2.o(.ARM.Collect$$rtexit$$00000004) for __rt_exit_exit
    rtexit.o(.ARM.Collect$$rtexit$$00000000) refers (Special) to rtexit2.o(.ARM.Collect$$rtexit$$00000003) for __rt_exit_ls
    rtexit.o(.ARM.Collect$$rtexit$$00000000) refers (Special) to rtexit2.o(.ARM.Collect$$rtexit$$00000002) for __rt_exit_prels_1
    rtexit.o(.ARM.exidx) refers (Special) to rtexit2.o(.ARM.Collect$$rtexit$$00000004) for __rt_exit_exit
    rtexit.o(.ARM.exidx) refers (Special) to rtexit2.o(.ARM.Collect$$rtexit$$00000003) for __rt_exit_ls
    rtexit.o(.ARM.exidx) refers (Special) to rtexit2.o(.ARM.Collect$$rtexit$$00000002) for __rt_exit_prels_1
    rtexit.o(.ARM.exidx) refers to rtexit.o(.ARM.Collect$$rtexit$$00000000) for .ARM.Collect$$rtexit$$00000000
    libinit2.o(.ARM.Collect$$libinit$$00000001) refers to fpinit.o(x$fpl$fpinit) for _fp_init
    libinit2.o(.ARM.Collect$$libinit$$00000010) refers to libinit2.o(.ARM.Collect$$libinit$$0000000F) for .ARM.Collect$$libinit$$0000000F
    libinit2.o(.ARM.Collect$$libinit$$00000012) refers to libinit2.o(.ARM.Collect$$libinit$$0000000F) for .ARM.Collect$$libinit$$0000000F
    libinit2.o(.ARM.Collect$$libinit$$00000014) refers to libinit2.o(.ARM.Collect$$libinit$$0000000F) for .ARM.Collect$$libinit$$0000000F
    libinit2.o(.ARM.Collect$$libinit$$00000016) refers to libinit2.o(.ARM.Collect$$libinit$$0000000F) for .ARM.Collect$$libinit$$0000000F
    libinit2.o(.ARM.Collect$$libinit$$00000018) refers to libinit2.o(.ARM.Collect$$libinit$$0000000F) for .ARM.Collect$$libinit$$0000000F
    libinit2.o(.ARM.Collect$$libinit$$00000026) refers to argv_veneer.o(.emb_text) for __ARM_argv_veneer
    libinit2.o(.ARM.Collect$$libinit$$00000027) refers to argv_veneer.o(.emb_text) for __ARM_argv_veneer
    rtexit2.o(.ARM.Collect$$rtexit$$00000003) refers to libshutdown.o(.ARM.Collect$$libshutdown$$00000000) for __rt_lib_shutdown
    rtexit2.o(.ARM.Collect$$rtexit$$00000004) refers to sys_exit.o(.text) for _sys_exit
    rtexit2.o(.ARM.exidx) refers to rtexit2.o(.ARM.Collect$$rtexit$$00000001) for .ARM.Collect$$rtexit$$00000001
    rtexit2.o(.ARM.exidx) refers to rtexit2.o(.ARM.Collect$$rtexit$$00000003) for .ARM.Collect$$rtexit$$00000003
    rtexit2.o(.ARM.exidx) refers to rtexit2.o(.ARM.Collect$$rtexit$$00000004) for .ARM.Collect$$rtexit$$00000004
    argv_veneer.o(.emb_text) refers to no_argv.o(.text) for __ARM_get_argv
    sys_exit.o(.text) refers (Special) to use_no_semi.o(.text) for __I$use$semihosting
    sys_exit.o(.text) refers (Special) to indicate_semi.o(.text) for __semihosting_library_function
    _get_argv_nomalloc.o(.text) refers (Special) to hrguard.o(.text) for __heap_region$guard
    _get_argv_nomalloc.o(.text) refers to defsig_rtmem_outer.o(.text) for __rt_SIGRTMEM
    _get_argv_nomalloc.o(.text) refers to sys_command.o(.text) for _sys_command_string
    libshutdown.o(.ARM.Collect$$libshutdown$$00000000) refers (Special) to libshutdown2.o(.ARM.Collect$$libshutdown$$00000002) for __rt_lib_shutdown_cpp_1
    libshutdown.o(.ARM.Collect$$libshutdown$$00000000) refers (Special) to libshutdown2.o(.ARM.Collect$$libshutdown$$00000007) for __rt_lib_shutdown_fp_trap_1
    libshutdown.o(.ARM.Collect$$libshutdown$$00000000) refers (Special) to libshutdown2.o(.ARM.Collect$$libshutdown$$0000000F) for __rt_lib_shutdown_heap_1
    libshutdown.o(.ARM.Collect$$libshutdown$$00000000) refers (Special) to libshutdown2.o(.ARM.Collect$$libshutdown$$00000010) for __rt_lib_shutdown_return
    libshutdown.o(.ARM.Collect$$libshutdown$$00000000) refers (Special) to libshutdown2.o(.ARM.Collect$$libshutdown$$0000000A) for __rt_lib_shutdown_signal_1
    libshutdown.o(.ARM.Collect$$libshutdown$$00000000) refers (Special) to libshutdown2.o(.ARM.Collect$$libshutdown$$00000004) for __rt_lib_shutdown_stdio_1
    libshutdown.o(.ARM.Collect$$libshutdown$$00000000) refers (Special) to libshutdown2.o(.ARM.Collect$$libshutdown$$0000000C) for __rt_lib_shutdown_user_alloc_1
    sys_command.o(.text) refers (Special) to use_no_semi.o(.text) for __I$use$semihosting
    sys_command.o(.text) refers (Special) to indicate_semi.o(.text) for __semihosting_library_function
    defsig_rtmem_outer.o(.text) refers to defsig_rtmem_inner.o(.text) for __rt_SIGRTMEM_inner
    defsig_rtmem_outer.o(.text) refers to defsig_exit.o(.text) for __sig_exit
    defsig_rtmem_formal.o(.text) refers to rt_raise.o(.text) for __rt_raise
    rt_raise.o(.text) refers to __raise.o(.text) for __raise
    rt_raise.o(.text) refers to sys_exit.o(.text) for _sys_exit
    defsig_exit.o(.text) refers to sys_exit.o(.text) for _sys_exit
    defsig_rtmem_inner.o(.text) refers to defsig_general.o(.text) for __default_signal_display
    __raise.o(.text) refers to defsig.o(CL$$defsig) for __default_signal_handler
    defsig_general.o(.text) refers to sys_wrch.o(.text) for _ttywrch
    sys_wrch.o(.text) refers (Special) to use_no_semi.o(.text) for __I$use$semihosting
    sys_wrch.o(.text) refers (Special) to indicate_semi.o(.text) for __semihosting_library_function
    defsig.o(CL$$defsig) refers to defsig_rtmem_inner.o(.text) for __rt_SIGRTMEM_inner
    defsig_abrt_inner.o(.text) refers to defsig_general.o(.text) for __default_signal_display
    defsig_fpe_inner.o(.text) refers to defsig_general.o(.text) for __default_signal_display
    defsig_rtred_inner.o(.text) refers to defsig_general.o(.text) for __default_signal_display
    defsig_stak_inner.o(.text) refers to defsig_general.o(.text) for __default_signal_display
    defsig_pvfn_inner.o(.text) refers to defsig_general.o(.text) for __default_signal_display
    defsig_cppl_inner.o(.text) refers to defsig_general.o(.text) for __default_signal_display
    defsig_segv_inner.o(.text) refers to defsig_general.o(.text) for __default_signal_display
    defsig_other.o(.text) refers to defsig_general.o(.text) for __default_signal_display


==============================================================================

Removing Unused input sections from the image.

    Removing frequency_measure.o(i.PWMInit), (128 bytes).
    Removing system_tm4c129.o(.rev16_text), (4 bytes).
    Removing system_tm4c129.o(.revsh_text), (4 bytes).
    Removing system_tm4c129.o(i.SystemCoreClockUpdate), (16 bytes).
    Removing fpu.o(i.FPUDisable), (16 bytes).
    Removing fpu.o(i.FPUFlushToZeroModeSet), (20 bytes).
    Removing fpu.o(i.FPUHalfPrecisionModeSet), (20 bytes).
    Removing fpu.o(i.FPUNaNModeSet), (20 bytes).
    Removing fpu.o(i.FPURoundingModeSet), (20 bytes).
    Removing fpu.o(i.FPUStackingDisable), (16 bytes).
    Removing fpu.o(i.FPUStackingEnable), (20 bytes).
    Removing gpio.o(i.GPIOADCTriggerDisable), (14 bytes).
    Removing gpio.o(i.GPIOADCTriggerEnable), (12 bytes).
    Removing gpio.o(i.GPIODMATriggerDisable), (14 bytes).
    Removing gpio.o(i.GPIODMATriggerEnable), (12 bytes).
    Removing gpio.o(i.GPIODirModeGet), (34 bytes).
    Removing gpio.o(i.GPIOIntClear), (6 bytes).
    Removing gpio.o(i.GPIOIntDisable), (14 bytes).
    Removing gpio.o(i.GPIOIntEnable), (12 bytes).
    Removing gpio.o(i.GPIOIntRegister), (26 bytes).
    Removing gpio.o(i.GPIOIntRegisterPin), (30 bytes).
    Removing gpio.o(i.GPIOIntStatus), (14 bytes).
    Removing gpio.o(i.GPIOIntTypeGet), (68 bytes).
    Removing gpio.o(i.GPIOIntTypeSet), (80 bytes).
    Removing gpio.o(i.GPIOIntUnregister), (22 bytes).
    Removing gpio.o(i.GPIOIntUnregisterPin), (26 bytes).
    Removing gpio.o(i.GPIOPadConfigGet), (204 bytes).
    Removing gpio.o(i.GPIOPinTypeADC), (28 bytes).
    Removing gpio.o(i.GPIOPinTypeCAN), (28 bytes).
    Removing gpio.o(i.GPIOPinTypeComparator), (28 bytes).
    Removing gpio.o(i.GPIOPinTypeComparatorOutput), (28 bytes).
    Removing gpio.o(i.GPIOPinTypeDIVSCLK), (28 bytes).
    Removing gpio.o(i.GPIOPinTypeEPI), (28 bytes).
    Removing gpio.o(i.GPIOPinTypeEthernetLED), (28 bytes).
    Removing gpio.o(i.GPIOPinTypeEthernetMII), (28 bytes).
    Removing gpio.o(i.GPIOPinTypeGPIOOutputOD), (28 bytes).
    Removing gpio.o(i.GPIOPinTypeHibernateRTCCLK), (28 bytes).
    Removing gpio.o(i.GPIOPinTypeI2C), (28 bytes).
    Removing gpio.o(i.GPIOPinTypeI2CSCL), (28 bytes).
    Removing gpio.o(i.GPIOPinTypeLCD), (28 bytes).
    Removing gpio.o(i.GPIOPinTypeOneWire), (28 bytes).
    Removing gpio.o(i.GPIOPinTypePWM), (28 bytes).
    Removing gpio.o(i.GPIOPinTypeQEI), (28 bytes).
    Removing gpio.o(i.GPIOPinTypeSSI), (28 bytes).
    Removing gpio.o(i.GPIOPinTypeTrace), (28 bytes).
    Removing gpio.o(i.GPIOPinTypeUART), (28 bytes).
    Removing gpio.o(i.GPIOPinTypeUSBAnalog), (28 bytes).
    Removing gpio.o(i.GPIOPinTypeUSBDigital), (28 bytes).
    Removing gpio.o(i.GPIOPinTypeWakeHigh), (30 bytes).
    Removing gpio.o(i.GPIOPinTypeWakeLow), (30 bytes).
    Removing gpio.o(i.GPIOPinWakeStatus), (6 bytes).
    Removing gpio.o(i._GPIOIntNumberGet), (80 bytes).
    Removing interrupt.o(i.IntDisable), (100 bytes).
    Removing interrupt.o(i.IntIsEnabled), (96 bytes).
    Removing interrupt.o(i.IntMasterDisable), (14 bytes).
    Removing interrupt.o(i.IntPendClear), (68 bytes).
    Removing interrupt.o(i.IntPendSet), (84 bytes).
    Removing interrupt.o(i.IntPriorityGet), (28 bytes).
    Removing interrupt.o(i.IntPriorityGroupingGet), (36 bytes).
    Removing interrupt.o(i.IntPriorityGroupingSet), (28 bytes).
    Removing interrupt.o(i.IntPriorityMaskGet), (4 bytes).
    Removing interrupt.o(i.IntPriorityMaskSet), (4 bytes).
    Removing interrupt.o(i.IntRegister), (52 bytes).
    Removing interrupt.o(i.IntTrigger), (12 bytes).
    Removing interrupt.o(i.IntUnregister), (20 bytes).
    Removing interrupt.o(i._IntDefaultHandler), (2 bytes).
    Removing interrupt.o(vtable), (620 bytes).
    Removing pwm.o(i.PWMClockGet), (26 bytes).
    Removing pwm.o(i.PWMClockSet), (20 bytes).
    Removing pwm.o(i.PWMDeadBandDisable), (12 bytes).
    Removing pwm.o(i.PWMDeadBandEnable), (16 bytes).
    Removing pwm.o(i.PWMFaultIntClear), (8 bytes).
    Removing pwm.o(i.PWMFaultIntClearExt), (4 bytes).
    Removing pwm.o(i.PWMFaultIntRegister), (92 bytes).
    Removing pwm.o(i.PWMFaultIntUnregister), (84 bytes).
    Removing pwm.o(i.PWMGenConfigure), (38 bytes).
    Removing pwm.o(i.PWMGenDisable), (10 bytes).
    Removing pwm.o(i.PWMGenEnable), (10 bytes).
    Removing pwm.o(i.PWMGenFaultClear), (18 bytes).
    Removing pwm.o(i.PWMGenFaultConfigure), (18 bytes).
    Removing pwm.o(i.PWMGenFaultStatus), (18 bytes).
    Removing pwm.o(i.PWMGenFaultTriggerGet), (12 bytes).
    Removing pwm.o(i.PWMGenFaultTriggerSet), (12 bytes).
    Removing pwm.o(i.PWMGenIntClear), (6 bytes).
    Removing pwm.o(i.PWMGenIntRegister), (26 bytes).
    Removing pwm.o(i.PWMGenIntStatus), (12 bytes).
    Removing pwm.o(i.PWMGenIntTrigDisable), (10 bytes).
    Removing pwm.o(i.PWMGenIntTrigEnable), (10 bytes).
    Removing pwm.o(i.PWMGenIntUnregister), (22 bytes).
    Removing pwm.o(i.PWMGenPeriodGet), (18 bytes).
    Removing pwm.o(i.PWMGenPeriodSet), (18 bytes).
    Removing pwm.o(i.PWMIntDisable), (10 bytes).
    Removing pwm.o(i.PWMIntEnable), (8 bytes).
    Removing pwm.o(i.PWMIntStatus), (10 bytes).
    Removing pwm.o(i.PWMOutputFault), (16 bytes).
    Removing pwm.o(i.PWMOutputFaultLevel), (16 bytes).
    Removing pwm.o(i.PWMOutputInvert), (16 bytes).
    Removing pwm.o(i.PWMOutputState), (16 bytes).
    Removing pwm.o(i.PWMOutputUpdateMode), (62 bytes).
    Removing pwm.o(i.PWMPulseWidthGet), (32 bytes).
    Removing pwm.o(i.PWMPulseWidthSet), (32 bytes).
    Removing pwm.o(i.PWMSyncTimeBase), (4 bytes).
    Removing pwm.o(i.PWMSyncUpdate), (4 bytes).
    Removing pwm.o(i._PWMGenIntNumberGet), (224 bytes).
    Removing sysctl.o(i.SysCtlAltClkConfig), (12 bytes).
    Removing sysctl.o(i.SysCtlClockGet), (340 bytes).
    Removing sysctl.o(i.SysCtlClockOutConfig), (20 bytes).
    Removing sysctl.o(i.SysCtlClockSet), (288 bytes).
    Removing sysctl.o(i.SysCtlDeepSleep), (32 bytes).
    Removing sysctl.o(i.SysCtlDeepSleepClockConfigSet), (112 bytes).
    Removing sysctl.o(i.SysCtlDeepSleepClockSet), (12 bytes).
    Removing sysctl.o(i.SysCtlDeepSleepPowerSet), (12 bytes).
    Removing sysctl.o(i.SysCtlFlashSectorSizeGet), (56 bytes).
    Removing sysctl.o(i.SysCtlFlashSizeGet), (56 bytes).
    Removing sysctl.o(i.SysCtlGPIOAHBDisable), (28 bytes).
    Removing sysctl.o(i.SysCtlGPIOAHBEnable), (24 bytes).
    Removing sysctl.o(i.SysCtlIntClear), (12 bytes).
    Removing sysctl.o(i.SysCtlIntDisable), (16 bytes).
    Removing sysctl.o(i.SysCtlIntEnable), (16 bytes).
    Removing sysctl.o(i.SysCtlIntRegister), (20 bytes).
    Removing sysctl.o(i.SysCtlIntStatus), (16 bytes).
    Removing sysctl.o(i.SysCtlIntUnregister), (18 bytes).
    Removing sysctl.o(i.SysCtlLDODeepSleepGet), (12 bytes).
    Removing sysctl.o(i.SysCtlLDODeepSleepSet), (12 bytes).
    Removing sysctl.o(i.SysCtlLDOSleepGet), (12 bytes).
    Removing sysctl.o(i.SysCtlLDOSleepSet), (12 bytes).
    Removing sysctl.o(i.SysCtlMOSCConfigSet), (12 bytes).
    Removing sysctl.o(i.SysCtlNMIClear), (16 bytes).
    Removing sysctl.o(i.SysCtlNMIStatus), (12 bytes).
    Removing sysctl.o(i.SysCtlPIOSCCalibrate), (76 bytes).
    Removing sysctl.o(i.SysCtlPWMClockGet), (24 bytes).
    Removing sysctl.o(i.SysCtlPWMClockSet), (20 bytes).
    Removing sysctl.o(i.SysCtlPeripheralClockGating), (68 bytes).
    Removing sysctl.o(i.SysCtlPeripheralDeepSleepDisable), (40 bytes).
    Removing sysctl.o(i.SysCtlPeripheralDeepSleepEnable), (40 bytes).
    Removing sysctl.o(i.SysCtlPeripheralDisable), (40 bytes).
    Removing sysctl.o(i.SysCtlPeripheralPowerOff), (40 bytes).
    Removing sysctl.o(i.SysCtlPeripheralPowerOn), (40 bytes).
    Removing sysctl.o(i.SysCtlPeripheralPresent), (44 bytes).
    Removing sysctl.o(i.SysCtlPeripheralReset), (60 bytes).
    Removing sysctl.o(i.SysCtlPeripheralSleepDisable), (40 bytes).
    Removing sysctl.o(i.SysCtlPeripheralSleepEnable), (40 bytes).
    Removing sysctl.o(i.SysCtlReset), (16 bytes).
    Removing sysctl.o(i.SysCtlResetBehaviorGet), (12 bytes).
    Removing sysctl.o(i.SysCtlResetBehaviorSet), (12 bytes).
    Removing sysctl.o(i.SysCtlResetCauseClear), (16 bytes).
    Removing sysctl.o(i.SysCtlResetCauseGet), (12 bytes).
    Removing sysctl.o(i.SysCtlSRAMSizeGet), (16 bytes).
    Removing sysctl.o(i.SysCtlSleep), (4 bytes).
    Removing sysctl.o(i.SysCtlSleepPowerSet), (12 bytes).
    Removing sysctl.o(i.SysCtlUSBPLLDisable), (16 bytes).
    Removing sysctl.o(i.SysCtlUSBPLLEnable), (16 bytes).
    Removing sysctl.o(i.SysCtlVCOGet), (120 bytes).
    Removing sysctl.o(i.SysCtlVoltageEventClear), (16 bytes).
    Removing sysctl.o(i.SysCtlVoltageEventConfig), (12 bytes).
    Removing sysctl.o(i.SysCtlVoltageEventStatus), (12 bytes).
    Removing systick.o(i.SysTickDisable), (14 bytes).
    Removing systick.o(i.SysTickIntDisable), (14 bytes).
    Removing systick.o(i.SysTickIntRegister), (24 bytes).
    Removing systick.o(i.SysTickIntUnregister), (18 bytes).
    Removing systick.o(i.SysTickPeriodGet), (10 bytes).
    Removing systick.o(i.SysTickValueGet), (8 bytes).
    Removing timer.o(i.TimerADCEventGet), (4 bytes).
    Removing timer.o(i.TimerADCEventSet), (4 bytes).
    Removing timer.o(i.TimerClockSourceGet), (6 bytes).
    Removing timer.o(i.TimerClockSourceSet), (6 bytes).
    Removing timer.o(i.TimerControlLevel), (22 bytes).
    Removing timer.o(i.TimerControlStall), (22 bytes).
    Removing timer.o(i.TimerControlTrigger), (80 bytes).
    Removing timer.o(i.TimerControlWaitOnTrigger), (48 bytes).
    Removing timer.o(i.TimerDMAEventGet), (4 bytes).
    Removing timer.o(i.TimerDMAEventSet), (4 bytes).
    Removing timer.o(i.TimerIntDisable), (10 bytes).
    Removing timer.o(i.TimerIntRegister), (104 bytes).
    Removing timer.o(i.TimerIntStatus), (10 bytes).
    Removing timer.o(i.TimerIntUnregister), (104 bytes).
    Removing timer.o(i.TimerLoadGet), (10 bytes).
    Removing timer.o(i.TimerLoadGet64), (14 bytes).
    Removing timer.o(i.TimerLoadSet64), (6 bytes).
    Removing timer.o(i.TimerMatchGet), (10 bytes).
    Removing timer.o(i.TimerMatchGet64), (14 bytes).
    Removing timer.o(i.TimerMatchSet), (18 bytes).
    Removing timer.o(i.TimerMatchSet64), (6 bytes).
    Removing timer.o(i.TimerPrescaleGet), (10 bytes).
    Removing timer.o(i.TimerPrescaleMatchGet), (10 bytes).
    Removing timer.o(i.TimerPrescaleMatchSet), (18 bytes).
    Removing timer.o(i.TimerPrescaleSet), (18 bytes).
    Removing timer.o(i.TimerRTCDisable), (10 bytes).
    Removing timer.o(i.TimerRTCEnable), (10 bytes).
    Removing timer.o(i.TimerSynchronize), (4 bytes).
    Removing timer.o(i.TimerUpdateMode), (42 bytes).
    Removing timer.o(i.TimerValueGet64), (14 bytes).
    Removing timer.o(.constdata), (160 bytes).

193 unused section(s) (total 6676 bytes) removed from the image.

==============================================================================

Image Symbol Table

    Local Symbols

    Symbol Name                              Value     Ov Type        Size  Object(Section)

    RESET                                    0x00000000   Section      512  startup_tm4c129.o(RESET)
    ../clib/angel/boardlib.s                 0x00000000   Number         0  boardshut.o ABSOLUTE
    ../clib/angel/boardlib.s                 0x00000000   Number         0  boardinit2.o ABSOLUTE
    ../clib/angel/boardlib.s                 0x00000000   Number         0  boardinit3.o ABSOLUTE
    ../clib/angel/boardlib.s                 0x00000000   Number         0  boardinit1.o ABSOLUTE
    ../clib/angel/handlers.s                 0x00000000   Number         0  __scatter_zi.o ABSOLUTE
    ../clib/angel/handlers.s                 0x00000000   Number         0  __scatter_copy.o ABSOLUTE
    ../clib/angel/kernel.s                   0x00000000   Number         0  __rtentry4.o ABSOLUTE
    ../clib/angel/kernel.s                   0x00000000   Number         0  rtexit2.o ABSOLUTE
    ../clib/angel/kernel.s                   0x00000000   Number         0  rtexit.o ABSOLUTE
    ../clib/angel/kernel.s                   0x00000000   Number         0  __rtentry2.o ABSOLUTE
    ../clib/angel/kernel.s                   0x00000000   Number         0  __rtentry.o ABSOLUTE
    ../clib/angel/rt.s                       0x00000000   Number         0  rt_raise.o ABSOLUTE
    ../clib/angel/scatter.s                  0x00000000   Number         0  __scatter.o ABSOLUTE
    ../clib/angel/startup.s                  0x00000000   Number         0  __main.o ABSOLUTE
    ../clib/angel/sys.s                      0x00000000   Number         0  libspace.o ABSOLUTE
    ../clib/angel/sys.s                      0x00000000   Number         0  use_no_semi.o ABSOLUTE
    ../clib/angel/sys.s                      0x00000000   Number         0  indicate_semi.o ABSOLUTE
    ../clib/angel/sys.s                      0x00000000   Number         0  sys_stackheap_outer.o ABSOLUTE
    ../clib/angel/sysapp.c                   0x00000000   Number         0  sys_exit.o ABSOLUTE
    ../clib/angel/sysapp.c                   0x00000000   Number         0  sys_command.o ABSOLUTE
    ../clib/angel/sysapp.c                   0x00000000   Number         0  sys_wrch.o ABSOLUTE
    ../clib/armsys.c                         0x00000000   Number         0  _get_argv_nomalloc.o ABSOLUTE
    ../clib/armsys.c                         0x00000000   Number         0  argv_veneer.o ABSOLUTE
    ../clib/armsys.c                         0x00000000   Number         0  argv_veneer.o ABSOLUTE
    ../clib/armsys.c                         0x00000000   Number         0  no_argv.o ABSOLUTE
    ../clib/heapalloc.c                      0x00000000   Number         0  hrguard.o ABSOLUTE
    ../clib/heapaux.c                        0x00000000   Number         0  heapauxi.o ABSOLUTE
    ../clib/libinit.s                        0x00000000   Number         0  libshutdown.o ABSOLUTE
    ../clib/libinit.s                        0x00000000   Number         0  libinit2.o ABSOLUTE
    ../clib/libinit.s                        0x00000000   Number         0  libinit.o ABSOLUTE
    ../clib/libinit.s                        0x00000000   Number         0  libshutdown2.o ABSOLUTE
    ../clib/signal.c                         0x00000000   Number         0  defsig_rtmem_outer.o ABSOLUTE
    ../clib/signal.c                         0x00000000   Number         0  defsig_rtmem_formal.o ABSOLUTE
    ../clib/signal.c                         0x00000000   Number         0  defsig_cppl_inner.o ABSOLUTE
    ../clib/signal.c                         0x00000000   Number         0  defsig_other.o ABSOLUTE
    ../clib/signal.c                         0x00000000   Number         0  defsig_segv_inner.o ABSOLUTE
    ../clib/signal.c                         0x00000000   Number         0  defsig_pvfn_inner.o ABSOLUTE
    ../clib/signal.c                         0x00000000   Number         0  defsig_stak_inner.o ABSOLUTE
    ../clib/signal.c                         0x00000000   Number         0  defsig_rtred_inner.o ABSOLUTE
    ../clib/signal.c                         0x00000000   Number         0  defsig_fpe_inner.o ABSOLUTE
    ../clib/signal.c                         0x00000000   Number         0  defsig_abrt_inner.o ABSOLUTE
    ../clib/signal.c                         0x00000000   Number         0  __raise.o ABSOLUTE
    ../clib/signal.c                         0x00000000   Number         0  defsig_rtmem_inner.o ABSOLUTE
    ../clib/signal.c                         0x00000000   Number         0  defsig_exit.o ABSOLUTE
    ../clib/signal.c                         0x00000000   Number         0  defsig_general.o ABSOLUTE
    ../clib/signal.s                         0x00000000   Number         0  defsig.o ABSOLUTE
    ../clib/stdlib.c                         0x00000000   Number         0  exit.o ABSOLUTE
    ../fplib/fpinit.s                        0x00000000   Number         0  fpinit.o ABSOLUTE
    Frequency_Measure.c                      0x00000000   Number         0  frequency_measure.o ABSOLUTE
    RTE\Device\TM4C1294NCPDT\startup_TM4C129.s 0x00000000   Number         0  startup_tm4c129.o ABSOLUTE
    RTE\Device\TM4C1294NCPDT\system_TM4C129.c 0x00000000   Number         0  system_tm4c129.o ABSOLUTE
    RTE\\Device\\TM4C1294NCPDT\\system_TM4C129.c 0x00000000   Number         0  system_tm4c129.o ABSOLUTE
    cpu.c                                    0x00000000   Number         0  cpu.o ABSOLUTE
    cpu.c                                    0x00000000   Number         0  cpu.o ABSOLUTE
    dc.s                                     0x00000000   Number         0  dc.o ABSOLUTE
    fpu.c                                    0x00000000   Number         0  fpu.o ABSOLUTE
    gpio.c                                   0x00000000   Number         0  gpio.o ABSOLUTE
    interrupt.c                              0x00000000   Number         0  interrupt.o ABSOLUTE
    pwm.c                                    0x00000000   Number         0  pwm.o ABSOLUTE
    sysctl.c                                 0x00000000   Number         0  sysctl.o ABSOLUTE
    sysctl.c                                 0x00000000   Number         0  sysctl.o ABSOLUTE
    systick.c                                0x00000000   Number         0  systick.o ABSOLUTE
    timer.c                                  0x00000000   Number         0  timer.o ABSOLUTE
    tm1638.c                                 0x00000000   Number         0  tm1638.o ABSOLUTE
    !!!main                                  0x00000200   Section        8  __main.o(!!!main)
    !!!scatter                               0x00000208   Section       52  __scatter.o(!!!scatter)
    !!handler_copy                           0x0000023c   Section       26  __scatter_copy.o(!!handler_copy)
    !!handler_zi                             0x00000258   Section       28  __scatter_zi.o(!!handler_zi)
    .ARM.Collect$$libinit$$00000000          0x00000274   Section        2  libinit.o(.ARM.Collect$$libinit$$00000000)
    .ARM.Collect$$libinit$$00000001          0x00000276   Section        4  libinit2.o(.ARM.Collect$$libinit$$00000001)
    .ARM.Collect$$libinit$$00000004          0x0000027a   Section        0  libinit2.o(.ARM.Collect$$libinit$$00000004)
    .ARM.Collect$$libinit$$0000000A          0x0000027a   Section        0  libinit2.o(.ARM.Collect$$libinit$$0000000A)
    .ARM.Collect$$libinit$$0000000C          0x0000027a   Section        0  libinit2.o(.ARM.Collect$$libinit$$0000000C)
    .ARM.Collect$$libinit$$0000000E          0x0000027a   Section        0  libinit2.o(.ARM.Collect$$libinit$$0000000E)
    .ARM.Collect$$libinit$$00000011          0x0000027a   Section        0  libinit2.o(.ARM.Collect$$libinit$$00000011)
    .ARM.Collect$$libinit$$00000013          0x0000027a   Section        0  libinit2.o(.ARM.Collect$$libinit$$00000013)
    .ARM.Collect$$libinit$$00000015          0x0000027a   Section        0  libinit2.o(.ARM.Collect$$libinit$$00000015)
    .ARM.Collect$$libinit$$00000017          0x0000027a   Section        0  libinit2.o(.ARM.Collect$$libinit$$00000017)
    .ARM.Collect$$libinit$$00000019          0x0000027a   Section        0  libinit2.o(.ARM.Collect$$libinit$$00000019)
    .ARM.Collect$$libinit$$0000001B          0x0000027a   Section        0  libinit2.o(.ARM.Collect$$libinit$$0000001B)
    .ARM.Collect$$libinit$$0000001D          0x0000027a   Section        0  libinit2.o(.ARM.Collect$$libinit$$0000001D)
    .ARM.Collect$$libinit$$0000001F          0x0000027a   Section        0  libinit2.o(.ARM.Collect$$libinit$$0000001F)
    .ARM.Collect$$libinit$$00000021          0x0000027a   Section        0  libinit2.o(.ARM.Collect$$libinit$$00000021)
    .ARM.Collect$$libinit$$00000023          0x0000027a   Section        0  libinit2.o(.ARM.Collect$$libinit$$00000023)
    .ARM.Collect$$libinit$$00000025          0x0000027a   Section        0  libinit2.o(.ARM.Collect$$libinit$$00000025)
    .ARM.Collect$$libinit$$0000002C          0x0000027a   Section        0  libinit2.o(.ARM.Collect$$libinit$$0000002C)
    .ARM.Collect$$libinit$$0000002E          0x0000027a   Section        0  libinit2.o(.ARM.Collect$$libinit$$0000002E)
    .ARM.Collect$$libinit$$00000030          0x0000027a   Section        0  libinit2.o(.ARM.Collect$$libinit$$00000030)
    .ARM.Collect$$libinit$$00000032          0x0000027a   Section        0  libinit2.o(.ARM.Collect$$libinit$$00000032)
    .ARM.Collect$$libinit$$00000033          0x0000027a   Section        2  libinit2.o(.ARM.Collect$$libinit$$00000033)
    .ARM.Collect$$libshutdown$$00000000      0x0000027c   Section        2  libshutdown.o(.ARM.Collect$$libshutdown$$00000000)
    .ARM.Collect$$libshutdown$$00000002      0x0000027e   Section        0  libshutdown2.o(.ARM.Collect$$libshutdown$$00000002)
    .ARM.Collect$$libshutdown$$00000004      0x0000027e   Section        0  libshutdown2.o(.ARM.Collect$$libshutdown$$00000004)
    .ARM.Collect$$libshutdown$$00000007      0x0000027e   Section        0  libshutdown2.o(.ARM.Collect$$libshutdown$$00000007)
    .ARM.Collect$$libshutdown$$0000000A      0x0000027e   Section        0  libshutdown2.o(.ARM.Collect$$libshutdown$$0000000A)
    .ARM.Collect$$libshutdown$$0000000C      0x0000027e   Section        0  libshutdown2.o(.ARM.Collect$$libshutdown$$0000000C)
    .ARM.Collect$$libshutdown$$0000000F      0x0000027e   Section        0  libshutdown2.o(.ARM.Collect$$libshutdown$$0000000F)
    .ARM.Collect$$libshutdown$$00000010      0x0000027e   Section        2  libshutdown2.o(.ARM.Collect$$libshutdown$$00000010)
    .ARM.Collect$$rtentry$$00000000          0x00000280   Section        0  __rtentry.o(.ARM.Collect$$rtentry$$00000000)
    .ARM.Collect$$rtentry$$00000002          0x00000280   Section        0  __rtentry2.o(.ARM.Collect$$rtentry$$00000002)
    .ARM.Collect$$rtentry$$00000004          0x00000280   Section        6  __rtentry4.o(.ARM.Collect$$rtentry$$00000004)
    .ARM.Collect$$rtentry$$00000009          0x00000286   Section        0  __rtentry2.o(.ARM.Collect$$rtentry$$00000009)
    .ARM.Collect$$rtentry$$0000000A          0x00000286   Section        4  __rtentry2.o(.ARM.Collect$$rtentry$$0000000A)
    .ARM.Collect$$rtentry$$0000000C          0x0000028a   Section        0  __rtentry2.o(.ARM.Collect$$rtentry$$0000000C)
    .ARM.Collect$$rtentry$$0000000D          0x0000028a   Section        8  __rtentry2.o(.ARM.Collect$$rtentry$$0000000D)
    .ARM.Collect$$rtexit$$00000000           0x00000292   Section        2  rtexit.o(.ARM.Collect$$rtexit$$00000000)
    .ARM.Collect$$rtexit$$00000002           0x00000294   Section        0  rtexit2.o(.ARM.Collect$$rtexit$$00000002)
    .ARM.Collect$$rtexit$$00000003           0x00000294   Section        4  rtexit2.o(.ARM.Collect$$rtexit$$00000003)
    .ARM.Collect$$rtexit$$00000004           0x00000298   Section        6  rtexit2.o(.ARM.Collect$$rtexit$$00000004)
    .emb_text                                0x000002a0   Section        6  sysctl.o(.emb_text)
    $v0                                      0x000002a0   Number         0  sysctl.o(.emb_text)
    .emb_text                                0x000002a8   Section       38  cpu.o(.emb_text)
    $v0                                      0x000002a8   Number         0  cpu.o(.emb_text)
    .text                                    0x000002d0   Section      300  startup_tm4c129.o(.text)
    $v0                                      0x000002d0   Number         0  startup_tm4c129.o(.text)
    .text                                    0x000003fc   Section        0  heapauxi.o(.text)
    .text                                    0x00000402   Section       74  sys_stackheap_outer.o(.text)
    .text                                    0x0000044c   Section        0  exit.o(.text)
    .text                                    0x00000460   Section        8  libspace.o(.text)
    .text                                    0x00000468   Section        0  sys_exit.o(.text)
    .text                                    0x00000474   Section        2  use_no_semi.o(.text)
    .text                                    0x00000476   Section        0  indicate_semi.o(.text)
    i.DevicesInit                            0x00000478   Section        0  frequency_measure.o(i.DevicesInit)
    i.FPUEnable                              0x000004c8   Section        0  fpu.o(i.FPUEnable)
    i.FPULazyStackingEnable                  0x000004d8   Section        0  fpu.o(i.FPULazyStackingEnable)
    i.GPIODirModeSet                         0x000004e8   Section        0  gpio.o(i.GPIODirModeSet)
    i.GPIOInit                               0x00000510   Section        0  frequency_measure.o(i.GPIOInit)
    i.GPIOPadConfigSet                       0x00000558   Section        0  gpio.o(i.GPIOPadConfigSet)
    i.GPIOPinConfigure                       0x00000690   Section        0  gpio.o(i.GPIOPinConfigure)
    i.GPIOPinRead                            0x000006d4   Section        0  gpio.o(i.GPIOPinRead)
    i.GPIOPinTypeGPIOInput                   0x000006da   Section        0  gpio.o(i.GPIOPinTypeGPIOInput)
    i.GPIOPinTypeGPIOOutput                  0x000006f6   Section        0  gpio.o(i.GPIOPinTypeGPIOOutput)
    i.GPIOPinTypeTimer                       0x00000712   Section        0  gpio.o(i.GPIOPinTypeTimer)
    i.GPIOPinWrite                           0x0000072e   Section        0  gpio.o(i.GPIOPinWrite)
    i.IntEnable                              0x00000734   Section        0  interrupt.o(i.IntEnable)
    i.IntMasterEnable                        0x00000798   Section        0  interrupt.o(i.IntMasterEnable)
    i.IntPrioritySet                         0x000007a8   Section        0  interrupt.o(i.IntPrioritySet)
    i.SysCtlClockFreqSet                     0x000007d0   Section        0  sysctl.o(i.SysCtlClockFreqSet)
    i.SysCtlPeripheralEnable                 0x00000ab4   Section        0  sysctl.o(i.SysCtlPeripheralEnable)
    i.SysCtlPeripheralReady                  0x00000adc   Section        0  sysctl.o(i.SysCtlPeripheralReady)
    i.SysTickEnable                          0x00000b08   Section        0  systick.o(i.SysTickEnable)
    i.SysTickInit                            0x00000b18   Section        0  frequency_measure.o(i.SysTickInit)
    i.SysTickIntEnable                       0x00000b38   Section        0  systick.o(i.SysTickIntEnable)
    i.SysTickPeriodSet                       0x00000b46   Section        0  systick.o(i.SysTickPeriodSet)
    i.SysTick_Handler                        0x00000b50   Section        0  frequency_measure.o(i.SysTick_Handler)
    i.SystemInit                             0x00000bb8   Section        0  system_tm4c129.o(i.SystemInit)
    i.TIMER1A_Handler                        0x00000bd8   Section        0  frequency_measure.o(i.TIMER1A_Handler)
    i.TM1638_DigiSegment                     0x00000c1c   Section        0  tm1638.o(i.TM1638_DigiSegment)
    i.TM1638_Init                            0x00000d20   Section        0  tm1638.o(i.TM1638_Init)
    i.TM1638_Readkeyboard                    0x00000d44   Section        0  tm1638.o(i.TM1638_Readkeyboard)
    i.TM1638_RefreshDIGIandLED               0x00000de4   Section        0  tm1638.o(i.TM1638_RefreshDIGIandLED)
    i.TM1638_Serial_Input                    0x00000e80   Section        0  tm1638.o(i.TM1638_Serial_Input)
    i.TM1638_Serial_Output                   0x00000ed4   Section        0  tm1638.o(i.TM1638_Serial_Output)
    i.Timer0Init                             0x00000f28   Section        0  frequency_measure.o(i.Timer0Init)
    i.Timer1Init                             0x00000f7c   Section        0  frequency_measure.o(i.Timer1Init)
    i.TimerConfigure                         0x00000fa8   Section        0  timer.o(i.TimerConfigure)
    i.TimerControlEvent                      0x00001008   Section        0  timer.o(i.TimerControlEvent)
    i.TimerDisable                           0x0000101a   Section        0  timer.o(i.TimerDisable)
    i.TimerEnable                            0x0000102a   Section        0  timer.o(i.TimerEnable)
    i.TimerIntClear                          0x00001038   Section        0  timer.o(i.TimerIntClear)
    i.TimerIntEnable                         0x0000103c   Section        0  timer.o(i.TimerIntEnable)
    i.TimerLoadSet                           0x00001044   Section        0  timer.o(i.TimerLoadSet)
    i.TimerValueGet                          0x00001056   Section        0  timer.o(i.TimerValueGet)
    i.main                                   0x00001060   Section        0  frequency_measure.o(i.main)
    x$fpl$fpinit                             0x00001180   Section       10  fpinit.o(x$fpl$fpinit)
    $v0                                      0x00001180   Number         0  fpinit.o(x$fpl$fpinit)
    .constdata                               0x0000118c   Section      552  gpio.o(.constdata)
    g_ppui32GPIOIntMapBlizzard               0x0000118c   Data         192  gpio.o(.constdata)
    g_ppui32GPIOIntMapSnowflake              0x0000124c   Data         216  gpio.o(.constdata)
    g_pui32GPIOBaseAddrs                     0x00001324   Data         144  gpio.o(.constdata)
    .constdata                               0x000013b4   Section      268  interrupt.o(.constdata)
    g_pui32Priority                          0x000013b4   Data          32  interrupt.o(.constdata)
    g_pui32Regs                              0x000013d4   Data         156  interrupt.o(.constdata)
    g_pui32EnRegs                            0x00001470   Data          20  interrupt.o(.constdata)
    g_pui32Dii16Regs                         0x00001484   Data          20  interrupt.o(.constdata)
    g_pui32PendRegs                          0x00001498   Data          20  interrupt.o(.constdata)
    g_pui32UnpendRegs                        0x000014ac   Data          20  interrupt.o(.constdata)
    .constdata                               0x000014c0   Section      596  sysctl.o(.constdata)
    g_pui32VCOFrequencies                    0x000014c0   Data           8  sysctl.o(.constdata)
    g_pui32Xtals                             0x000014c8   Data         108  sysctl.o(.constdata)
    g_pppui32XTALtoVCO                       0x00001534   Data         432  sysctl.o(.constdata)
    g_sXTALtoMEMTIM                          0x000016e4   Data          48  sysctl.o(.constdata)
    .data                                    0x20000000   Section       36  frequency_measure.o(.data)
    .data                                    0x20000024   Section        4  system_tm4c129.o(.data)
    .bss                                     0x20000028   Section       96  libspace.o(.bss)
    HEAP                                     0x20000088   Section        0  startup_tm4c129.o(HEAP)
    STACK                                    0x20000088   Section      512  startup_tm4c129.o(STACK)
    Heap_Mem                                 0x20000088   Data           0  startup_tm4c129.o(HEAP)
    Stack_Mem                                0x20000088   Data         512  startup_tm4c129.o(STACK)
    __initial_sp                             0x20000288   Data           0  startup_tm4c129.o(STACK)

    Global Symbols

    Symbol Name                              Value     Ov Type        Size  Object(Section)

    BuildAttributes$$THM_ISAv4$E$P$D$K$B$S$7EM$VFPi3$EXTD16$VFPS$VFMA$PE$A:L22UL41UL21$X:L11$S22US41US21$IEEE1$IW$USESV6$~STKCKD$USESV7$~SHL$OTIME$ROPI$EBA8$UX$STANDARDLIB$REQ8$PRES8$EABIv2 0x00000000   Number         0  anon$$obj.o ABSOLUTE
    __ARM_use_no_argv                        0x00000000   Number         0  frequency_measure.o ABSOLUTE
    __Vectors                                0x00000000   Data           4  startup_tm4c129.o(RESET)
    __ARM_exceptions_init                     - Undefined Weak Reference
    __alloca_initialize                       - Undefined Weak Reference
    __arm_preinit_                            - Undefined Weak Reference
    __cpp_initialize__aeabi_                  - Undefined Weak Reference
    __cxa_finalize                            - Undefined Weak Reference
    __rt_locale                               - Undefined Weak Reference
    __sigvec_lookup                           - Undefined Weak Reference
    _atexit_init                              - Undefined Weak Reference
    _call_atexit_fns                          - Undefined Weak Reference
    _clock_init                               - Undefined Weak Reference
    _fp_trap_init                             - Undefined Weak Reference
    _fp_trap_shutdown                         - Undefined Weak Reference
    _get_lc_collate                           - Undefined Weak Reference
    _get_lc_ctype                             - Undefined Weak Reference
    _get_lc_monetary                          - Undefined Weak Reference
    _get_lc_numeric                           - Undefined Weak Reference
    _get_lc_time                              - Undefined Weak Reference
    _getenv_init                              - Undefined Weak Reference
    _handle_redirection                       - Undefined Weak Reference
    _init_alloc                               - Undefined Weak Reference
    _init_user_alloc                          - Undefined Weak Reference
    _initio                                   - Undefined Weak Reference
    _rand_init                                - Undefined Weak Reference
    _signal_finish                            - Undefined Weak Reference
    _signal_init                              - Undefined Weak Reference
    _terminate_alloc                          - Undefined Weak Reference
    _terminate_user_alloc                     - Undefined Weak Reference
    _terminateio                              - Undefined Weak Reference
    __Vectors_End                            0x00000200   Data           0  startup_tm4c129.o(RESET)
    __Vectors_Size                           0x00000200   Number         0  startup_tm4c129.o ABSOLUTE
    __main                                   0x00000201   Thumb Code     8  __main.o(!!!main)
    __scatterload                            0x00000209   Thumb Code     0  __scatter.o(!!!scatter)
    __scatterload_rt2                        0x00000209   Thumb Code    44  __scatter.o(!!!scatter)
    __scatterload_rt2_thumb_only             0x00000209   Thumb Code     0  __scatter.o(!!!scatter)
    __scatterload_null                       0x00000217   Thumb Code     0  __scatter.o(!!!scatter)
    __scatterload_copy                       0x0000023d   Thumb Code    26  __scatter_copy.o(!!handler_copy)
    __scatterload_zeroinit                   0x00000259   Thumb Code    28  __scatter_zi.o(!!handler_zi)
    __rt_lib_init                            0x00000275   Thumb Code     0  libinit.o(.ARM.Collect$$libinit$$00000000)
    __rt_lib_init_fp_1                       0x00000277   Thumb Code     0  libinit2.o(.ARM.Collect$$libinit$$00000001)
    __rt_lib_init_alloca_1                   0x0000027b   Thumb Code     0  libinit2.o(.ARM.Collect$$libinit$$0000002E)
    __rt_lib_init_argv_1                     0x0000027b   Thumb Code     0  libinit2.o(.ARM.Collect$$libinit$$0000002C)
    __rt_lib_init_atexit_1                   0x0000027b   Thumb Code     0  libinit2.o(.ARM.Collect$$libinit$$0000001B)
    __rt_lib_init_clock_1                    0x0000027b   Thumb Code     0  libinit2.o(.ARM.Collect$$libinit$$00000021)
    __rt_lib_init_cpp_1                      0x0000027b   Thumb Code     0  libinit2.o(.ARM.Collect$$libinit$$00000032)
    __rt_lib_init_exceptions_1               0x0000027b   Thumb Code     0  libinit2.o(.ARM.Collect$$libinit$$00000030)
    __rt_lib_init_fp_trap_1                  0x0000027b   Thumb Code     0  libinit2.o(.ARM.Collect$$libinit$$0000001F)
    __rt_lib_init_getenv_1                   0x0000027b   Thumb Code     0  libinit2.o(.ARM.Collect$$libinit$$00000023)
    __rt_lib_init_heap_1                     0x0000027b   Thumb Code     0  libinit2.o(.ARM.Collect$$libinit$$0000000A)
    __rt_lib_init_lc_collate_1               0x0000027b   Thumb Code     0  libinit2.o(.ARM.Collect$$libinit$$00000011)
    __rt_lib_init_lc_ctype_1                 0x0000027b   Thumb Code     0  libinit2.o(.ARM.Collect$$libinit$$00000013)
    __rt_lib_init_lc_monetary_1              0x0000027b   Thumb Code     0  libinit2.o(.ARM.Collect$$libinit$$00000015)
    __rt_lib_init_lc_numeric_1               0x0000027b   Thumb Code     0  libinit2.o(.ARM.Collect$$libinit$$00000017)
    __rt_lib_init_lc_time_1                  0x0000027b   Thumb Code     0  libinit2.o(.ARM.Collect$$libinit$$00000019)
    __rt_lib_init_preinit_1                  0x0000027b   Thumb Code     0  libinit2.o(.ARM.Collect$$libinit$$00000004)
    __rt_lib_init_rand_1                     0x0000027b   Thumb Code     0  libinit2.o(.ARM.Collect$$libinit$$0000000E)
    __rt_lib_init_return                     0x0000027b   Thumb Code     0  libinit2.o(.ARM.Collect$$libinit$$00000033)
    __rt_lib_init_signal_1                   0x0000027b   Thumb Code     0  libinit2.o(.ARM.Collect$$libinit$$0000001D)
    __rt_lib_init_stdio_1                    0x0000027b   Thumb Code     0  libinit2.o(.ARM.Collect$$libinit$$00000025)
    __rt_lib_init_user_alloc_1               0x0000027b   Thumb Code     0  libinit2.o(.ARM.Collect$$libinit$$0000000C)
    __rt_lib_shutdown                        0x0000027d   Thumb Code     0  libshutdown.o(.ARM.Collect$$libshutdown$$00000000)
    __rt_lib_shutdown_cpp_1                  0x0000027f   Thumb Code     0  libshutdown2.o(.ARM.Collect$$libshutdown$$00000002)
    __rt_lib_shutdown_fp_trap_1              0x0000027f   Thumb Code     0  libshutdown2.o(.ARM.Collect$$libshutdown$$00000007)
    __rt_lib_shutdown_heap_1                 0x0000027f   Thumb Code     0  libshutdown2.o(.ARM.Collect$$libshutdown$$0000000F)
    __rt_lib_shutdown_return                 0x0000027f   Thumb Code     0  libshutdown2.o(.ARM.Collect$$libshutdown$$00000010)
    __rt_lib_shutdown_signal_1               0x0000027f   Thumb Code     0  libshutdown2.o(.ARM.Collect$$libshutdown$$0000000A)
    __rt_lib_shutdown_stdio_1                0x0000027f   Thumb Code     0  libshutdown2.o(.ARM.Collect$$libshutdown$$00000004)
    __rt_lib_shutdown_user_alloc_1           0x0000027f   Thumb Code     0  libshutdown2.o(.ARM.Collect$$libshutdown$$0000000C)
    __rt_entry                               0x00000281   Thumb Code     0  __rtentry.o(.ARM.Collect$$rtentry$$00000000)
    __rt_entry_presh_1                       0x00000281   Thumb Code     0  __rtentry2.o(.ARM.Collect$$rtentry$$00000002)
    __rt_entry_sh                            0x00000281   Thumb Code     0  __rtentry4.o(.ARM.Collect$$rtentry$$00000004)
    __rt_entry_li                            0x00000287   Thumb Code     0  __rtentry2.o(.ARM.Collect$$rtentry$$0000000A)
    __rt_entry_postsh_1                      0x00000287   Thumb Code     0  __rtentry2.o(.ARM.Collect$$rtentry$$00000009)
    __rt_entry_main                          0x0000028b   Thumb Code     0  __rtentry2.o(.ARM.Collect$$rtentry$$0000000D)
    __rt_entry_postli_1                      0x0000028b   Thumb Code     0  __rtentry2.o(.ARM.Collect$$rtentry$$0000000C)
    __rt_exit                                0x00000293   Thumb Code     0  rtexit.o(.ARM.Collect$$rtexit$$00000000)
    __rt_exit_ls                             0x00000295   Thumb Code     0  rtexit2.o(.ARM.Collect$$rtexit$$00000003)
    __rt_exit_prels_1                        0x00000295   Thumb Code     0  rtexit2.o(.ARM.Collect$$rtexit$$00000002)
    __rt_exit_exit                           0x00000299   Thumb Code     0  rtexit2.o(.ARM.Collect$$rtexit$$00000004)
    SysCtlDelay                              0x000002a1   Thumb Code     6  sysctl.o(.emb_text)
    CPUcpsid                                 0x000002a9   Thumb Code     8  cpu.o(.emb_text)
    CPUprimask                               0x000002b1   Thumb Code     6  cpu.o(.emb_text)
    CPUcpsie                                 0x000002b7   Thumb Code     8  cpu.o(.emb_text)
    CPUwfi                                   0x000002bf   Thumb Code     4  cpu.o(.emb_text)
    CPUbasepriSet                            0x000002c3   Thumb Code     6  cpu.o(.emb_text)
    CPUbasepriGet                            0x000002c9   Thumb Code     6  cpu.o(.emb_text)
    Reset_Handler                            0x000002d1   Thumb Code     8  startup_tm4c129.o(.text)
    NMI_Handler                              0x000002d9   Thumb Code     2  startup_tm4c129.o(.text)
    HardFault_Handler                        0x000002db   Thumb Code     2  startup_tm4c129.o(.text)
    MemManage_Handler                        0x000002dd   Thumb Code     2  startup_tm4c129.o(.text)
    BusFault_Handler                         0x000002df   Thumb Code     2  startup_tm4c129.o(.text)
    UsageFault_Handler                       0x000002e1   Thumb Code     2  startup_tm4c129.o(.text)
    SVC_Handler                              0x000002e3   Thumb Code     2  startup_tm4c129.o(.text)
    DebugMon_Handler                         0x000002e5   Thumb Code     2  startup_tm4c129.o(.text)
    PendSV_Handler                           0x000002e7   Thumb Code     2  startup_tm4c129.o(.text)
    GPIOA_Handler                            0x000002eb   Thumb Code     2  startup_tm4c129.o(.text)
    GPIOB_Handler                            0x000002ed   Thumb Code     2  startup_tm4c129.o(.text)
    GPIOC_Handler                            0x000002ef   Thumb Code     2  startup_tm4c129.o(.text)
    GPIOD_Handler                            0x000002f1   Thumb Code     2  startup_tm4c129.o(.text)
    GPIOE_Handler                            0x000002f3   Thumb Code     2  startup_tm4c129.o(.text)
    UART0_Handler                            0x000002f5   Thumb Code     2  startup_tm4c129.o(.text)
    UART1_Handler                            0x000002f7   Thumb Code     2  startup_tm4c129.o(.text)
    SSI0_Handler                             0x000002f9   Thumb Code     2  startup_tm4c129.o(.text)
    I2C0_Handler                             0x000002fb   Thumb Code     2  startup_tm4c129.o(.text)
    PMW0_FAULT_Handler                       0x000002fd   Thumb Code     2  startup_tm4c129.o(.text)
    PWM0_0_Handler                           0x000002ff   Thumb Code     2  startup_tm4c129.o(.text)
    PWM0_1_Handler                           0x00000301   Thumb Code     2  startup_tm4c129.o(.text)
    PWM0_2_Handler                           0x00000303   Thumb Code     2  startup_tm4c129.o(.text)
    QEI0_Handler                             0x00000305   Thumb Code     2  startup_tm4c129.o(.text)
    ADC0SS0_Handler                          0x00000307   Thumb Code     2  startup_tm4c129.o(.text)
    ADC0SS1_Handler                          0x00000309   Thumb Code     2  startup_tm4c129.o(.text)
    ADC0SS2_Handler                          0x0000030b   Thumb Code     2  startup_tm4c129.o(.text)
    ADC0SS3_Handler                          0x0000030d   Thumb Code     2  startup_tm4c129.o(.text)
    WDT0_Handler                             0x0000030f   Thumb Code     2  startup_tm4c129.o(.text)
    TIMER0A_Handler                          0x00000311   Thumb Code     2  startup_tm4c129.o(.text)
    TIMER0B_Handler                          0x00000313   Thumb Code     2  startup_tm4c129.o(.text)
    TIMER1B_Handler                          0x00000317   Thumb Code     2  startup_tm4c129.o(.text)
    TIMER2A_Handler                          0x00000319   Thumb Code     2  startup_tm4c129.o(.text)
    TIMER2B_Handler                          0x0000031b   Thumb Code     2  startup_tm4c129.o(.text)
    COMP0_Handler                            0x0000031d   Thumb Code     2  startup_tm4c129.o(.text)
    COMP1_Handler                            0x0000031f   Thumb Code     2  startup_tm4c129.o(.text)
    COMP2_Handler                            0x00000321   Thumb Code     2  startup_tm4c129.o(.text)
    SYSCTL_Handler                           0x00000323   Thumb Code     2  startup_tm4c129.o(.text)
    FLASH_Handler                            0x00000325   Thumb Code     2  startup_tm4c129.o(.text)
    GPIOF_Handler                            0x00000327   Thumb Code     2  startup_tm4c129.o(.text)
    GPIOG_Handler                            0x00000329   Thumb Code     2  startup_tm4c129.o(.text)
    GPIOH_Handler                            0x0000032b   Thumb Code     2  startup_tm4c129.o(.text)
    UART2_Handler                            0x0000032d   Thumb Code     2  startup_tm4c129.o(.text)
    SSI1_Handler                             0x0000032f   Thumb Code     2  startup_tm4c129.o(.text)
    TIMER3A_Handler                          0x00000331   Thumb Code     2  startup_tm4c129.o(.text)
    TIMER3B_Handler                          0x00000333   Thumb Code     2  startup_tm4c129.o(.text)
    I2C1_Handler                             0x00000335   Thumb Code     2  startup_tm4c129.o(.text)
    CAN0_Handler                             0x00000337   Thumb Code     2  startup_tm4c129.o(.text)
    CAN1_Handler                             0x00000339   Thumb Code     2  startup_tm4c129.o(.text)
    ETH_Handler                              0x0000033b   Thumb Code     2  startup_tm4c129.o(.text)
    HIB_Handler                              0x0000033d   Thumb Code     2  startup_tm4c129.o(.text)
    USB0_Handler                             0x0000033f   Thumb Code     2  startup_tm4c129.o(.text)
    PWM0_3_Handler                           0x00000341   Thumb Code     2  startup_tm4c129.o(.text)
    UDMA_Handler                             0x00000343   Thumb Code     2  startup_tm4c129.o(.text)
    UDMAERR_Handler                          0x00000345   Thumb Code     2  startup_tm4c129.o(.text)
    ADC1SS0_Handler                          0x00000347   Thumb Code     2  startup_tm4c129.o(.text)
    ADC1SS1_Handler                          0x00000349   Thumb Code     2  startup_tm4c129.o(.text)
    ADC1SS2_Handler                          0x0000034b   Thumb Code     2  startup_tm4c129.o(.text)
    ADC1SS3_Handler                          0x0000034d   Thumb Code     2  startup_tm4c129.o(.text)
    EBI0_Handler                             0x0000034f   Thumb Code     2  startup_tm4c129.o(.text)
    GPIOJ_Handler                            0x00000351   Thumb Code     2  startup_tm4c129.o(.text)
    GPIOK_Handler                            0x00000353   Thumb Code     2  startup_tm4c129.o(.text)
    GPIOL_Handler                            0x00000355   Thumb Code     2  startup_tm4c129.o(.text)
    SSI2_Handler                             0x00000357   Thumb Code     2  startup_tm4c129.o(.text)
    SSI3_Handler                             0x00000359   Thumb Code     2  startup_tm4c129.o(.text)
    UART3_Handler                            0x0000035b   Thumb Code     2  startup_tm4c129.o(.text)
    UART4_Handler                            0x0000035d   Thumb Code     2  startup_tm4c129.o(.text)
    UART5_Handler                            0x0000035f   Thumb Code     2  startup_tm4c129.o(.text)
    UART6_Handler                            0x00000361   Thumb Code     2  startup_tm4c129.o(.text)
    UART7_Handler                            0x00000363   Thumb Code     2  startup_tm4c129.o(.text)
    I2C2_Handler                             0x00000365   Thumb Code     2  startup_tm4c129.o(.text)
    I2C3_Handler                             0x00000367   Thumb Code     2  startup_tm4c129.o(.text)
    TIMER4A_Handler                          0x00000369   Thumb Code     2  startup_tm4c129.o(.text)
    TIMER4B_Handler                          0x0000036b   Thumb Code     2  startup_tm4c129.o(.text)
    TIMER5A_Handler                          0x0000036d   Thumb Code     2  startup_tm4c129.o(.text)
    TIMER5B_Handler                          0x0000036f   Thumb Code     2  startup_tm4c129.o(.text)
    WTIMER0A_Handler                         0x00000371   Thumb Code     2  startup_tm4c129.o(.text)
    WTIMER0B_Handler                         0x00000373   Thumb Code     2  startup_tm4c129.o(.text)
    WTIMER1A_Handler                         0x00000375   Thumb Code     2  startup_tm4c129.o(.text)
    WTIMER1B_Handler                         0x00000377   Thumb Code     2  startup_tm4c129.o(.text)
    WTIMER2A_Handler                         0x00000379   Thumb Code     2  startup_tm4c129.o(.text)
    WTIMER2B_Handler                         0x0000037b   Thumb Code     2  startup_tm4c129.o(.text)
    WTIMER3A_Handler                         0x0000037d   Thumb Code     2  startup_tm4c129.o(.text)
    WTIMER3B_Handler                         0x0000037f   Thumb Code     2  startup_tm4c129.o(.text)
    WTIMER4A_Handler                         0x00000381   Thumb Code     2  startup_tm4c129.o(.text)
    WTIMER4B_Handler                         0x00000383   Thumb Code     2  startup_tm4c129.o(.text)
    WTIMER5A_Handler                         0x00000385   Thumb Code     2  startup_tm4c129.o(.text)
    WTIMER5B_Handler                         0x00000387   Thumb Code     2  startup_tm4c129.o(.text)
    FPU_Handler                              0x00000389   Thumb Code     2  startup_tm4c129.o(.text)
    I2C4_Handler                             0x0000038b   Thumb Code     2  startup_tm4c129.o(.text)
    I2C5_Handler                             0x0000038d   Thumb Code     2  startup_tm4c129.o(.text)
    GPIOM_Handler                            0x0000038f   Thumb Code     2  startup_tm4c129.o(.text)
    GPION_Handler                            0x00000391   Thumb Code     2  startup_tm4c129.o(.text)
    TAMPER_Handler                           0x00000393   Thumb Code     2  startup_tm4c129.o(.text)
    GPIOP0_Handler                           0x00000395   Thumb Code     2  startup_tm4c129.o(.text)
    GPIOP1_Handler                           0x00000397   Thumb Code     2  startup_tm4c129.o(.text)
    GPIOP2_Handler                           0x00000399   Thumb Code     2  startup_tm4c129.o(.text)
    GPIOP3_Handler                           0x0000039b   Thumb Code     2  startup_tm4c129.o(.text)
    GPIOP4_Handler                           0x0000039d   Thumb Code     2  startup_tm4c129.o(.text)
    GPIOP5_Handler                           0x0000039f   Thumb Code     2  startup_tm4c129.o(.text)
    GPIOP6_Handler                           0x000003a1   Thumb Code     2  startup_tm4c129.o(.text)
    GPIOP7_Handler                           0x000003a3   Thumb Code     2  startup_tm4c129.o(.text)
    GPIOQ0_Handler                           0x000003a5   Thumb Code     2  startup_tm4c129.o(.text)
    GPIOQ1_Handler                           0x000003a7   Thumb Code     2  startup_tm4c129.o(.text)
    GPIOQ2_Handler                           0x000003a9   Thumb Code     2  startup_tm4c129.o(.text)
    GPIOQ3_Handler                           0x000003ab   Thumb Code     2  startup_tm4c129.o(.text)
    GPIOQ4_Handler                           0x000003ad   Thumb Code     2  startup_tm4c129.o(.text)
    GPIOQ5_Handler                           0x000003af   Thumb Code     2  startup_tm4c129.o(.text)
    GPIOQ6_Handler                           0x000003b1   Thumb Code     2  startup_tm4c129.o(.text)
    GPIOQ7_Handler                           0x000003b3   Thumb Code     2  startup_tm4c129.o(.text)
    GPIOR_Handler                            0x000003b5   Thumb Code     2  startup_tm4c129.o(.text)
    GPIOS_Handler                            0x000003b7   Thumb Code     2  startup_tm4c129.o(.text)
    SHAMD5_Handler                           0x000003b9   Thumb Code     2  startup_tm4c129.o(.text)
    AES_Handler                              0x000003bb   Thumb Code     2  startup_tm4c129.o(.text)
    DES3DES_Handler                          0x000003bd   Thumb Code     2  startup_tm4c129.o(.text)
    LCDCONTROLLER_Handler                    0x000003bf   Thumb Code     2  startup_tm4c129.o(.text)
    TIMER6A_Handler                          0x000003c1   Thumb Code     2  startup_tm4c129.o(.text)
    TIMER6B_Handler                          0x000003c3   Thumb Code     2  startup_tm4c129.o(.text)
    TIMER7A_Handler                          0x000003c5   Thumb Code     2  startup_tm4c129.o(.text)
    TIMER7B_Handler                          0x000003c7   Thumb Code     2  startup_tm4c129.o(.text)
    I2C6_Handler                             0x000003c9   Thumb Code     2  startup_tm4c129.o(.text)
    I2C7_Handler                             0x000003cb   Thumb Code     2  startup_tm4c129.o(.text)
    HIMSCANKEYBOARD_Handler                  0x000003cd   Thumb Code     2  startup_tm4c129.o(.text)
    ONEWIRE_Handler                          0x000003cf   Thumb Code     2  startup_tm4c129.o(.text)
    HIMPS2_Handler                           0x000003d1   Thumb Code     2  startup_tm4c129.o(.text)
    HIMLEDSEQUENCER_Handler                  0x000003d3   Thumb Code     2  startup_tm4c129.o(.text)
    HIMCONSUMERIR_Handler                    0x000003d5   Thumb Code     2  startup_tm4c129.o(.text)
    I2C8_Handler                             0x000003d7   Thumb Code     2  startup_tm4c129.o(.text)
    I2C9_Handler                             0x000003d9   Thumb Code     2  startup_tm4c129.o(.text)
    GPIOT_Handler                            0x000003db   Thumb Code     2  startup_tm4c129.o(.text)
    __user_initial_stackheap                 0x000003dd   Thumb Code     0  startup_tm4c129.o(.text)
    __use_two_region_memory                  0x000003fd   Thumb Code     2  heapauxi.o(.text)
    __rt_heap_escrow$2region                 0x000003ff   Thumb Code     2  heapauxi.o(.text)
    __rt_heap_expand$2region                 0x00000401   Thumb Code     2  heapauxi.o(.text)
    __user_setup_stackheap                   0x00000403   Thumb Code    74  sys_stackheap_outer.o(.text)
    exit                                     0x0000044d   Thumb Code    18  exit.o(.text)
    __user_libspace                          0x00000461   Thumb Code     8  libspace.o(.text)
    __user_perproc_libspace                  0x00000461   Thumb Code     0  libspace.o(.text)
    __user_perthread_libspace                0x00000461   Thumb Code     0  libspace.o(.text)
    _sys_exit                                0x00000469   Thumb Code     8  sys_exit.o(.text)
    __I$use$semihosting                      0x00000475   Thumb Code     0  use_no_semi.o(.text)
    __use_no_semihosting_swi                 0x00000475   Thumb Code     2  use_no_semi.o(.text)
    __semihosting_library_function           0x00000477   Thumb Code     0  indicate_semi.o(.text)
    DevicesInit                              0x00000479   Thumb Code    68  frequency_measure.o(i.DevicesInit)
    FPUEnable                                0x000004c9   Thumb Code    12  fpu.o(i.FPUEnable)
    FPULazyStackingEnable                    0x000004d9   Thumb Code    12  fpu.o(i.FPULazyStackingEnable)
    GPIODirModeSet                           0x000004e9   Thumb Code    40  gpio.o(i.GPIODirModeSet)
    GPIOInit                                 0x00000511   Thumb Code    60  frequency_measure.o(i.GPIOInit)
    GPIOPadConfigSet                         0x00000559   Thumb Code   312  gpio.o(i.GPIOPadConfigSet)
    GPIOPinConfigure                         0x00000691   Thumb Code    60  gpio.o(i.GPIOPinConfigure)
    GPIOPinRead                              0x000006d5   Thumb Code     6  gpio.o(i.GPIOPinRead)
    GPIOPinTypeGPIOInput                     0x000006db   Thumb Code    28  gpio.o(i.GPIOPinTypeGPIOInput)
    GPIOPinTypeGPIOOutput                    0x000006f7   Thumb Code    28  gpio.o(i.GPIOPinTypeGPIOOutput)
    GPIOPinTypeTimer                         0x00000713   Thumb Code    28  gpio.o(i.GPIOPinTypeTimer)
    GPIOPinWrite                             0x0000072f   Thumb Code     6  gpio.o(i.GPIOPinWrite)
    IntEnable                                0x00000735   Thumb Code    92  interrupt.o(i.IntEnable)
    IntMasterEnable                          0x00000799   Thumb Code    14  interrupt.o(i.IntMasterEnable)
    IntPrioritySet                           0x000007a9   Thumb Code    36  interrupt.o(i.IntPrioritySet)
    SysCtlClockFreqSet                       0x000007d1   Thumb Code   700  sysctl.o(i.SysCtlClockFreqSet)
    SysCtlPeripheralEnable                   0x00000ab5   Thumb Code    36  sysctl.o(i.SysCtlPeripheralEnable)
    SysCtlPeripheralReady                    0x00000add   Thumb Code    40  sysctl.o(i.SysCtlPeripheralReady)
    SysTickEnable                            0x00000b09   Thumb Code    14  systick.o(i.SysTickEnable)
    SysTickInit                              0x00000b19   Thumb Code    28  frequency_measure.o(i.SysTickInit)
    SysTickIntEnable                         0x00000b39   Thumb Code    14  systick.o(i.SysTickIntEnable)
    SysTickPeriodSet                         0x00000b47   Thumb Code    10  systick.o(i.SysTickPeriodSet)
    SysTick_Handler                          0x00000b51   Thumb Code    80  frequency_measure.o(i.SysTick_Handler)
    SystemInit                               0x00000bb9   Thumb Code    20  system_tm4c129.o(i.SystemInit)
    TIMER1A_Handler                          0x00000bd9   Thumb Code    46  frequency_measure.o(i.TIMER1A_Handler)
    TM1638_DigiSegment                       0x00000c1d   Thumb Code   260  tm1638.o(i.TM1638_DigiSegment)
    TM1638_Init                              0x00000d21   Thumb Code    30  tm1638.o(i.TM1638_Init)
    TM1638_Readkeyboard                      0x00000d45   Thumb Code   156  tm1638.o(i.TM1638_Readkeyboard)
    TM1638_RefreshDIGIandLED                 0x00000de5   Thumb Code   150  tm1638.o(i.TM1638_RefreshDIGIandLED)
    TM1638_Serial_Input                      0x00000e81   Thumb Code    76  tm1638.o(i.TM1638_Serial_Input)
    TM1638_Serial_Output                     0x00000ed5   Thumb Code    74  tm1638.o(i.TM1638_Serial_Output)
    Timer0Init                               0x00000f29   Thumb Code    60  frequency_measure.o(i.Timer0Init)
    Timer1Init                               0x00000f7d   Thumb Code    30  frequency_measure.o(i.Timer1Init)
    TimerConfigure                           0x00000fa9   Thumb Code    88  timer.o(i.TimerConfigure)
    TimerControlEvent                        0x00001009   Thumb Code    18  timer.o(i.TimerControlEvent)
    TimerDisable                             0x0000101b   Thumb Code    16  timer.o(i.TimerDisable)
    TimerEnable                              0x0000102b   Thumb Code    14  timer.o(i.TimerEnable)
    TimerIntClear                            0x00001039   Thumb Code     4  timer.o(i.TimerIntClear)
    TimerIntEnable                           0x0000103d   Thumb Code     8  timer.o(i.TimerIntEnable)
    TimerLoadSet                             0x00001045   Thumb Code    18  timer.o(i.TimerLoadSet)
    TimerValueGet                            0x00001057   Thumb Code    10  timer.o(i.TimerValueGet)
    main                                     0x00001061   Thumb Code   250  frequency_measure.o(i.main)
    _fp_init                                 0x00001181   Thumb Code    10  fpinit.o(x$fpl$fpinit)
    __fplib_config_fpu_vfp                   0x00001189   Thumb Code     0  fpinit.o(x$fpl$fpinit)
    __fplib_config_pureend_doubles           0x00001189   Thumb Code     0  fpinit.o(x$fpl$fpinit)
    Region$$Table$$Base                      0x00001714   Number         0  anon$$obj.o(Region$$Table)
    Region$$Table$$Limit                     0x00001734   Number         0  anon$$obj.o(Region$$Table)
    digit                                    0x20000000   Data           8  frequency_measure.o(.data)
    pnt                                      0x20000008   Data           1  frequency_measure.o(.data)
    led                                      0x20000009   Data           8  frequency_measure.o(.data)
    key_code                                 0x20000011   Data           1  frequency_measure.o(.data)
    key_state                                0x20000012   Data           1  frequency_measure.o(.data)
    key_flag                                 0x20000013   Data           1  frequency_measure.o(.data)
    g_ui32SysClock                           0x20000014   Data           4  frequency_measure.o(.data)
    g_ui8INTStatus                           0x20000018   Data           1  frequency_measure.o(.data)
    g_ui32TPreCount                          0x2000001c   Data           4  frequency_measure.o(.data)
    g_ui32TCurCount                          0x20000020   Data           4  frequency_measure.o(.data)
    SystemCoreClock                          0x20000024   Data           4  system_tm4c129.o(.data)
    __libspace_start                         0x20000028   Data          96  libspace.o(.bss)
    __temporary_stack_top$libspace           0x20000088   Data           0  libspace.o(.bss)



==============================================================================

Memory Map of the image

  Image Entry point : 0x00000201

  Load Region LR_IROM1 (Base: 0x00000000, Size: 0x0000175c, Max: 0x00100000, ABSOLUTE)

    Execution Region ER_IROM1 (Base: 0x00000000, Size: 0x00001734, Max: 0x00100000, ABSOLUTE)

    Base Addr    Size         Type   Attr      Idx    E Section Name        Object

    0x00000000   0x00000200   Data   RO          161    RESET               startup_tm4c129.o
    0x00000200   0x00000008   Code   RO         1628  * !!!main             c_w.l(__main.o)
    0x00000208   0x00000034   Code   RO         1785    !!!scatter          c_w.l(__scatter.o)
    0x0000023c   0x0000001a   Code   RO         1787    !!handler_copy      c_w.l(__scatter_copy.o)
    0x00000256   0x00000002   PAD
    0x00000258   0x0000001c   Code   RO         1789    !!handler_zi        c_w.l(__scatter_zi.o)
    0x00000274   0x00000002   Code   RO         1655    .ARM.Collect$$libinit$$00000000  c_w.l(libinit.o)
    0x00000276   0x00000004   Code   RO         1661    .ARM.Collect$$libinit$$00000001  c_w.l(libinit2.o)
    0x0000027a   0x00000000   Code   RO         1664    .ARM.Collect$$libinit$$00000004  c_w.l(libinit2.o)
    0x0000027a   0x00000000   Code   RO         1667    .ARM.Collect$$libinit$$0000000A  c_w.l(libinit2.o)
    0x0000027a   0x00000000   Code   RO         1669    .ARM.Collect$$libinit$$0000000C  c_w.l(libinit2.o)
    0x0000027a   0x00000000   Code   RO         1671    .ARM.Collect$$libinit$$0000000E  c_w.l(libinit2.o)
    0x0000027a   0x00000000   Code   RO         1674    .ARM.Collect$$libinit$$00000011  c_w.l(libinit2.o)
    0x0000027a   0x00000000   Code   RO         1676    .ARM.Collect$$libinit$$00000013  c_w.l(libinit2.o)
    0x0000027a   0x00000000   Code   RO         1678    .ARM.Collect$$libinit$$00000015  c_w.l(libinit2.o)
    0x0000027a   0x00000000   Code   RO         1680    .ARM.Collect$$libinit$$00000017  c_w.l(libinit2.o)
    0x0000027a   0x00000000   Code   RO         1682    .ARM.Collect$$libinit$$00000019  c_w.l(libinit2.o)
    0x0000027a   0x00000000   Code   RO         1684    .ARM.Collect$$libinit$$0000001B  c_w.l(libinit2.o)
    0x0000027a   0x00000000   Code   RO         1686    .ARM.Collect$$libinit$$0000001D  c_w.l(libinit2.o)
    0x0000027a   0x00000000   Code   RO         1688    .ARM.Collect$$libinit$$0000001F  c_w.l(libinit2.o)
    0x0000027a   0x00000000   Code   RO         1690    .ARM.Collect$$libinit$$00000021  c_w.l(libinit2.o)
    0x0000027a   0x00000000   Code   RO         1692    .ARM.Collect$$libinit$$00000023  c_w.l(libinit2.o)
    0x0000027a   0x00000000   Code   RO         1694    .ARM.Collect$$libinit$$00000025  c_w.l(libinit2.o)
    0x0000027a   0x00000000   Code   RO         1698    .ARM.Collect$$libinit$$0000002C  c_w.l(libinit2.o)
    0x0000027a   0x00000000   Code   RO         1700    .ARM.Collect$$libinit$$0000002E  c_w.l(libinit2.o)
    0x0000027a   0x00000000   Code   RO         1702    .ARM.Collect$$libinit$$00000030  c_w.l(libinit2.o)
    0x0000027a   0x00000000   Code   RO         1704    .ARM.Collect$$libinit$$00000032  c_w.l(libinit2.o)
    0x0000027a   0x00000002   Code   RO         1705    .ARM.Collect$$libinit$$00000033  c_w.l(libinit2.o)
    0x0000027c   0x00000002   Code   RO         1725    .ARM.Collect$$libshutdown$$00000000  c_w.l(libshutdown.o)
    0x0000027e   0x00000000   Code   RO         1738    .ARM.Collect$$libshutdown$$00000002  c_w.l(libshutdown2.o)
    0x0000027e   0x00000000   Code   RO         1740    .ARM.Collect$$libshutdown$$00000004  c_w.l(libshutdown2.o)
    0x0000027e   0x00000000   Code   RO         1743    .ARM.Collect$$libshutdown$$00000007  c_w.l(libshutdown2.o)
    0x0000027e   0x00000000   Code   RO         1746    .ARM.Collect$$libshutdown$$0000000A  c_w.l(libshutdown2.o)
    0x0000027e   0x00000000   Code   RO         1748    .ARM.Collect$$libshutdown$$0000000C  c_w.l(libshutdown2.o)
    0x0000027e   0x00000000   Code   RO         1751    .ARM.Collect$$libshutdown$$0000000F  c_w.l(libshutdown2.o)
    0x0000027e   0x00000002   Code   RO         1752    .ARM.Collect$$libshutdown$$00000010  c_w.l(libshutdown2.o)
    0x00000280   0x00000000   Code   RO         1630    .ARM.Collect$$rtentry$$00000000  c_w.l(__rtentry.o)
    0x00000280   0x00000000   Code   RO         1632    .ARM.Collect$$rtentry$$00000002  c_w.l(__rtentry2.o)
    0x00000280   0x00000006   Code   RO         1644    .ARM.Collect$$rtentry$$00000004  c_w.l(__rtentry4.o)
    0x00000286   0x00000000   Code   RO         1634    .ARM.Collect$$rtentry$$00000009  c_w.l(__rtentry2.o)
    0x00000286   0x00000004   Code   RO         1635    .ARM.Collect$$rtentry$$0000000A  c_w.l(__rtentry2.o)
    0x0000028a   0x00000000   Code   RO         1637    .ARM.Collect$$rtentry$$0000000C  c_w.l(__rtentry2.o)
    0x0000028a   0x00000008   Code   RO         1638    .ARM.Collect$$rtentry$$0000000D  c_w.l(__rtentry2.o)
    0x00000292   0x00000002   Code   RO         1659    .ARM.Collect$$rtexit$$00000000  c_w.l(rtexit.o)
    0x00000294   0x00000000   Code   RO         1707    .ARM.Collect$$rtexit$$00000002  c_w.l(rtexit2.o)
    0x00000294   0x00000004   Code   RO         1708    .ARM.Collect$$rtexit$$00000003  c_w.l(rtexit2.o)
    0x00000298   0x00000006   Code   RO         1709    .ARM.Collect$$rtexit$$00000004  c_w.l(rtexit2.o)
    0x0000029e   0x00000002   PAD
    0x000002a0   0x00000006   Code   RO          961    .emb_text           driverlib.lib(sysctl.o)
    0x000002a6   0x00000002   PAD
    0x000002a8   0x00000026   Code   RO         1614    .emb_text           driverlib.lib(cpu.o)
    0x000002ce   0x00000002   PAD
    0x000002d0   0x0000012c   Code   RO          162    .text               startup_tm4c129.o
    0x000003fc   0x00000006   Code   RO         1626    .text               c_w.l(heapauxi.o)
    0x00000402   0x0000004a   Code   RO         1646    .text               c_w.l(sys_stackheap_outer.o)
    0x0000044c   0x00000012   Code   RO         1648    .text               c_w.l(exit.o)
    0x0000045e   0x00000002   PAD
    0x00000460   0x00000008   Code   RO         1656    .text               c_w.l(libspace.o)
    0x00000468   0x0000000c   Code   RO         1717    .text               c_w.l(sys_exit.o)
    0x00000474   0x00000002   Code   RO         1728    .text               c_w.l(use_no_semi.o)
    0x00000476   0x00000000   Code   RO         1730    .text               c_w.l(indicate_semi.o)
    0x00000476   0x00000002   PAD
    0x00000478   0x00000050   Code   RO            1    i.DevicesInit       frequency_measure.o
    0x000004c8   0x00000010   Code   RO          219    i.FPUEnable         driverlib.lib(fpu.o)
    0x000004d8   0x00000010   Code   RO          222    i.FPULazyStackingEnable  driverlib.lib(fpu.o)
    0x000004e8   0x00000028   Code   RO          295    i.GPIODirModeSet    driverlib.lib(gpio.o)
    0x00000510   0x00000048   Code   RO            2    i.GPIOInit          frequency_measure.o
    0x00000558   0x00000138   Code   RO          307    i.GPIOPadConfigSet  driverlib.lib(gpio.o)
    0x00000690   0x00000044   Code   RO          308    i.GPIOPinConfigure  driverlib.lib(gpio.o)
    0x000006d4   0x00000006   Code   RO          309    i.GPIOPinRead       driverlib.lib(gpio.o)
    0x000006da   0x0000001c   Code   RO          318    i.GPIOPinTypeGPIOInput  driverlib.lib(gpio.o)
    0x000006f6   0x0000001c   Code   RO          319    i.GPIOPinTypeGPIOOutput  driverlib.lib(gpio.o)
    0x00000712   0x0000001c   Code   RO          329    i.GPIOPinTypeTimer  driverlib.lib(gpio.o)
    0x0000072e   0x00000006   Code   RO          337    i.GPIOPinWrite      driverlib.lib(gpio.o)
    0x00000734   0x00000064   Code   RO          616    i.IntEnable         driverlib.lib(interrupt.o)
    0x00000798   0x0000000e   Code   RO          619    i.IntMasterEnable   driverlib.lib(interrupt.o)
    0x000007a6   0x00000002   PAD
    0x000007a8   0x00000028   Code   RO          627    i.IntPrioritySet    driverlib.lib(interrupt.o)
    0x000007d0   0x000002e4   Code   RO          963    i.SysCtlClockFreqSet  driverlib.lib(sysctl.o)
    0x00000ab4   0x00000028   Code   RO          995    i.SysCtlPeripheralEnable  driverlib.lib(sysctl.o)
    0x00000adc   0x0000002c   Code   RO          999    i.SysCtlPeripheralReady  driverlib.lib(sysctl.o)
    0x00000b08   0x0000000e   Code   RO         1310    i.SysTickEnable     driverlib.lib(systick.o)
    0x00000b16   0x00000002   PAD
    0x00000b18   0x00000020   Code   RO            4    i.SysTickInit       frequency_measure.o
    0x00000b38   0x0000000e   Code   RO         1312    i.SysTickIntEnable  driverlib.lib(systick.o)
    0x00000b46   0x0000000a   Code   RO         1316    i.SysTickPeriodSet  driverlib.lib(systick.o)
    0x00000b50   0x00000068   Code   RO            5    i.SysTick_Handler   frequency_measure.o
    0x00000bb8   0x00000020   Code   RO          170    i.SystemInit        system_tm4c129.o
    0x00000bd8   0x00000044   Code   RO            6    i.TIMER1A_Handler   frequency_measure.o
    0x00000c1c   0x00000104   Code   RO          117    i.TM1638_DigiSegment  tm1638.o
    0x00000d20   0x00000024   Code   RO          118    i.TM1638_Init       tm1638.o
    0x00000d44   0x000000a0   Code   RO          119    i.TM1638_Readkeyboard  tm1638.o
    0x00000de4   0x0000009c   Code   RO          120    i.TM1638_RefreshDIGIandLED  tm1638.o
    0x00000e80   0x00000054   Code   RO          121    i.TM1638_Serial_Input  tm1638.o
    0x00000ed4   0x00000054   Code   RO          122    i.TM1638_Serial_Output  tm1638.o
    0x00000f28   0x00000054   Code   RO            7    i.Timer0Init        frequency_measure.o
    0x00000f7c   0x0000002c   Code   RO            8    i.Timer1Init        frequency_measure.o
    0x00000fa8   0x00000060   Code   RO         1376    i.TimerConfigure    driverlib.lib(timer.o)
    0x00001008   0x00000012   Code   RO         1377    i.TimerControlEvent  driverlib.lib(timer.o)
    0x0000101a   0x00000010   Code   RO         1384    i.TimerDisable      driverlib.lib(timer.o)
    0x0000102a   0x0000000e   Code   RO         1385    i.TimerEnable       driverlib.lib(timer.o)
    0x00001038   0x00000004   Code   RO         1386    i.TimerIntClear     driverlib.lib(timer.o)
    0x0000103c   0x00000008   Code   RO         1388    i.TimerIntEnable    driverlib.lib(timer.o)
    0x00001044   0x00000012   Code   RO         1394    i.TimerLoadSet      driverlib.lib(timer.o)
    0x00001056   0x0000000a   Code   RO         1408    i.TimerValueGet     driverlib.lib(timer.o)
    0x00001060   0x00000120   Code   RO            9    i.main              frequency_measure.o
    0x00001180   0x0000000a   Code   RO         1715    x$fpl$fpinit        fz_wm.l(fpinit.o)
    0x0000118a   0x00000002   PAD
    0x0000118c   0x00000228   Data   RO          339    .constdata          driverlib.lib(gpio.o)
    0x000013b4   0x0000010c   Data   RO          632    .constdata          driverlib.lib(interrupt.o)
    0x000014c0   0x00000254   Data   RO         1017    .constdata          driverlib.lib(sysctl.o)
    0x00001714   0x00000020   Data   RO         1783    Region$$Table       anon$$obj.o


    Execution Region RW_IRAM1 (Base: 0x20000000, Size: 0x00000288, Max: 0x00040000, ABSOLUTE)

    Base Addr    Size         Type   Attr      Idx    E Section Name        Object

    0x20000000   0x00000024   Data   RW           10    .data               frequency_measure.o
    0x20000024   0x00000004   Data   RW          171    .data               system_tm4c129.o
    0x20000028   0x00000060   Zero   RW         1657    .bss                c_w.l(libspace.o)
    0x20000088   0x00000000   Zero   RW          160    HEAP                startup_tm4c129.o
    0x20000088   0x00000200   Zero   RW          159    STACK               startup_tm4c129.o


==============================================================================

Image component sizes


      Code (inc. data)   RO Data    RW Data    ZI Data      Debug   Object Name

       772        150          0         36          0       9818   frequency_measure.o
       300         22        512          0        512       6032   startup_tm4c129.o
        32         12          0          4          0        707   system_tm4c129.o
       780         78          0          0          0       3937   tm1638.o

    ----------------------------------------------------------------------
      1884        262        544         40        512      20494   Object Totals
         0          0         32          0          0          0   (incl. Generated)
         0          0          0          0          0          0   (incl. Padding)

    ----------------------------------------------------------------------

      Code (inc. data)   RO Data    RW Data    ZI Data      Debug   Library Member Name

         8          0          0          0          0         68   __main.o
         0          0          0          0          0          0   __rtentry.o
        12          0          0          0          0          0   __rtentry2.o
         6          0          0          0          0          0   __rtentry4.o
        52          8          0          0          0          0   __scatter.o
        26          0          0          0          0          0   __scatter_copy.o
        28          0          0          0          0          0   __scatter_zi.o
        18          0          0          0          0         80   exit.o
         6          0          0          0          0        152   heapauxi.o
         0          0          0          0          0          0   indicate_semi.o
         2          0          0          0          0          0   libinit.o
         6          0          0          0          0          0   libinit2.o
         2          0          0          0          0          0   libshutdown.o
         2          0          0          0          0          0   libshutdown2.o
         8          4          0          0         96         68   libspace.o
         2          0          0          0          0          0   rtexit.o
        10          0          0          0          0          0   rtexit2.o
        12          4          0          0          0         68   sys_exit.o
        74          0          0          0          0         80   sys_stackheap_outer.o
         2          0          0          0          0         68   use_no_semi.o
        38          0          0          0          0        572   cpu.o
        32          8          0          0          0       3956   fpu.o
       516          8        552          0          0       5666   gpio.o
       154         12        268          0          0       2571   interrupt.o
       830         48        596          0          0       4870   sysctl.o
        38          0          0          0          0       1410   systick.o
       184          8          0          0          0       4110   timer.o
        10          0          0          0          0        116   fpinit.o

    ----------------------------------------------------------------------
      2096        100       1416          0         96      23855   Library Totals
        18          0          0          0          0          0   (incl. Padding)

    ----------------------------------------------------------------------

      Code (inc. data)   RO Data    RW Data    ZI Data      Debug   Library Name

       276         16          0          0         96        584   c_w.l
      1792         84       1416          0          0      23155   driverlib.lib
        10          0          0          0          0        116   fz_wm.l

    ----------------------------------------------------------------------
      2096        100       1416          0         96      23855   Library Totals

    ----------------------------------------------------------------------

==============================================================================


      Code (inc. data)   RO Data    RW Data    ZI Data      Debug   

      3980        362       1960         40        608      40393   Grand Totals
      3980        362       1960         40        608      40393   ELF Image Totals
      3980        362       1960         40          0          0   ROM Totals

==============================================================================

    Total RO  Size (Code + RO Data)                 5940 (   5.80kB)
    Total RW  Size (RW Data + ZI Data)               648 (   0.63kB)
    Total ROM Size (Code + RO Data + RW Data)       5980 (   5.84kB)

==============================================================================

