Component: ARM Compiler 5.06 update 4 (build 422) Tool: armlink [4d35d2]

==============================================================================

Section Cross References

    tm1638.o(i.TM1638_Init) refers to gpio.o(i.GPIOPinWrite) for GPIOPinWrite
    tm1638.o(i.TM1638_Init) refers to tm1638.o(i.TM1638_Serial_Input) for TM1638_Serial_Input
    tm1638.o(i.TM1638_Readkeyboard) refers to gpio.o(i.GPIOPinWrite) for GPIOPinWrite
    tm1638.o(i.TM1638_Readkeyboard) refers to tm1638.o(i.TM1638_Serial_Input) for TM1638_Serial_Input
    tm1638.o(i.TM1638_Readkeyboard) refers to tm1638.o(i.TM1638_Serial_Output) for TM1638_Serial_Output
    tm1638.o(i.TM1638_RefreshDIGIandLED) refers to tm1638.o(i.TM1638_DigiSegment) for TM1638_DigiSegment
    tm1638.o(i.TM1638_RefreshDIGIandLED) refers to gpio.o(i.GPIOPinWrite) for GPIOPinWrite
    tm1638.o(i.TM1638_RefreshDIGIandLED) refers to tm1638.o(i.TM1638_Serial_Input) for TM1638_Serial_Input
    tm1638.o(i.TM1638_Serial_Input) refers to gpio.o(i.GPIOPinTypeGPIOOutput) for GPIOPinTypeGPIOOutput
    tm1638.o(i.TM1638_Serial_Input) refers to gpio.o(i.GPIOPinWrite) for GPIOPinWrite
    tm1638.o(i.TM1638_Serial_Output) refers to gpio.o(i.GPIOPinTypeGPIOInput) for GPIOPinTypeGPIOInput
    tm1638.o(i.TM1638_Serial_Output) refers to gpio.o(i.GPIOPinWrite) for GPIOPinWrite
    tm1638.o(i.TM1638_Serial_Output) refers to gpio.o(i.GPIOPinRead) for GPIOPinRead
    dac6571.o(i.DAC6571_Byte_Transmission) refers to gpio.o(i.GPIOPinWrite) for GPIOPinWrite
    dac6571.o(i.DAC6571_Byte_Transmission) refers to gpio.o(i.GPIOPinTypeGPIOInput) for GPIOPinTypeGPIOInput
    dac6571.o(i.DAC6571_Byte_Transmission) refers to gpio.o(i.GPIOPinTypeGPIOOutput) for GPIOPinTypeGPIOOutput
    dac6571.o(i.DAC6571_Fastmode_Operation) refers to gpio.o(i.GPIOPinWrite) for GPIOPinWrite
    dac6571.o(i.DAC6571_Fastmode_Operation) refers to dac6571.o(i.DAC6571_Byte_Transmission) for DAC6571_Byte_Transmission
    step_2.o(i.ADCInit) refers to sysctl.o(i.SysCtlPeripheralEnable) for SysCtlPeripheralEnable
    step_2.o(i.ADCInit) refers to gpio.o(i.GPIOPinTypeADC) for GPIOPinTypeADC
    step_2.o(i.ADCInit) refers to adc.o(i.ADCSequenceConfigure) for ADCSequenceConfigure
    step_2.o(i.ADCInit) refers to adc.o(i.ADCSequenceStepConfigure) for ADCSequenceStepConfigure
    step_2.o(i.ADCInit) refers to adc.o(i.ADCSequenceEnable) for ADCSequenceEnable
    step_2.o(i.ADCInit) refers to adc.o(i.ADCIntClear) for ADCIntClear
    step_2.o(i.ADC_Sample) refers to adc.o(i.ADCProcessorTrigger) for ADCProcessorTrigger
    step_2.o(i.ADC_Sample) refers to adc.o(i.ADCIntStatus) for ADCIntStatus
    step_2.o(i.ADC_Sample) refers to adc.o(i.ADCIntClear) for ADCIntClear
    step_2.o(i.ADC_Sample) refers to adc.o(i.ADCSequenceDataGet) for ADCSequenceDataGet
    step_2.o(i.ADC_Sample) refers to step_2.o(.bss) for pui32ADC0Value
    step_2.o(i.DevicesInit) refers to sysctl.o(i.SysCtlClockFreqSet) for SysCtlClockFreqSet
    step_2.o(i.DevicesInit) refers to step_2.o(i.GPIOInit) for GPIOInit
    step_2.o(i.DevicesInit) refers to step_2.o(i.ADCInit) for ADCInit
    step_2.o(i.DevicesInit) refers to step_2.o(i.SysTickInit) for SysTickInit
    step_2.o(i.DevicesInit) refers to interrupt.o(i.IntMasterEnable) for IntMasterEnable
    step_2.o(i.DevicesInit) refers to step_2.o(.data) for ui32SysClock
    step_2.o(i.GPIOInit) refers to sysctl.o(i.SysCtlPeripheralEnable) for SysCtlPeripheralEnable
    step_2.o(i.GPIOInit) refers to sysctl.o(i.SysCtlPeripheralReady) for SysCtlPeripheralReady
    step_2.o(i.GPIOInit) refers to gpio.o(i.GPIOPinTypeGPIOOutput) for GPIOPinTypeGPIOOutput
    step_2.o(i.SysTickInit) refers to systick.o(i.SysTickPeriodSet) for SysTickPeriodSet
    step_2.o(i.SysTickInit) refers to systick.o(i.SysTickEnable) for SysTickEnable
    step_2.o(i.SysTickInit) refers to systick.o(i.SysTickIntEnable) for SysTickIntEnable
    step_2.o(i.SysTickInit) refers to step_2.o(.data) for ui32SysClock
    step_2.o(i.SysTick_Handler) refers to tm1638.o(i.TM1638_RefreshDIGIandLED) for TM1638_RefreshDIGIandLED
    step_2.o(i.SysTick_Handler) refers to tm1638.o(i.TM1638_Readkeyboard) for TM1638_Readkeyboard
    step_2.o(i.SysTick_Handler) refers to step_2.o(.data) for clock40ms
    step_2.o(i.main) refers to step_2.o(i.DevicesInit) for DevicesInit
    step_2.o(i.main) refers to tm1638.o(i.TM1638_Init) for TM1638_Init
    step_2.o(i.main) refers to rt_memclr_w.o(.text) for __aeabi_memclr4
    step_2.o(i.main) refers to dflt_clz.o(x$fpl$dfltu) for __aeabi_ui2d
    step_2.o(i.main) refers to dmul.o(x$fpl$dmul) for __aeabi_dmul
    step_2.o(i.main) refers to ddiv.o(x$fpl$ddiv) for __aeabi_ddiv
    step_2.o(i.main) refers to daddsub_clz.o(x$fpl$dsub) for __aeabi_dsub
    step_2.o(i.main) refers to dfixu.o(x$fpl$dfixu) for __aeabi_d2uiz
    step_2.o(i.main) refers to daddsub_clz.o(x$fpl$dadd) for __aeabi_dadd
[...]
    sysctl.o(i.SysCtlIntUnregister) refers to interrupt.o(i.IntDisable) for IntDisable
    sysctl.o(i.SysCtlIntUnregister) refers to interrupt.o(i.IntUnregister) for IntUnregister
    sysctl.o(i.SysCtlSleep) refers to cpu.o(.emb_text) for CPUwfi
    sysctl.o(i.SysCtlVCOGet) refers to sysctl.o(.constdata) for .constdata
    systick.o(i.SysTickIntRegister) refers to interrupt.o(i.IntRegister) for IntRegister
    systick.o(i.SysTickIntUnregister) refers to interrupt.o(i.IntUnregister) for IntUnregister
    __main.o(!!!main) refers to __rtentry.o(.ARM.Collect$$rtentry$$00000000) for __rt_entry
    daddsub_clz.o(x$fpl$dadd) refers (Special) to usenofp.o(x$fpl$usenofp) for __I$use$fp
    daddsub_clz.o(x$fpl$dadd) refers to daddsub_clz.o(x$fpl$dsub) for _dsub1
    daddsub_clz.o(x$fpl$dadd) refers to dretinf.o(x$fpl$dretinf) for __fpl_dretinf
    daddsub_clz.o(x$fpl$dadd) refers to dnaninf.o(x$fpl$dnaninf) for __fpl_dnaninf
    daddsub_clz.o(x$fpl$drsb) refers (Special) to usenofp.o(x$fpl$usenofp) for __I$use$fp
    daddsub_clz.o(x$fpl$drsb) refers to daddsub_clz.o(x$fpl$dadd) for _dadd1
    daddsub_clz.o(x$fpl$drsb) refers to daddsub_clz.o(x$fpl$dsub) for _dsub1
    daddsub_clz.o(x$fpl$dsub) refers (Special) to usenofp.o(x$fpl$usenofp) for __I$use$fp
    daddsub_clz.o(x$fpl$dsub) refers to daddsub_clz.o(x$fpl$dadd) for _dadd1
    daddsub_clz.o(x$fpl$dsub) refers to dnaninf.o(x$fpl$dnaninf) for __fpl_dnaninf
    ddiv.o(x$fpl$drdiv) refers (Special) to usenofp.o(x$fpl$usenofp) for __I$use$fp
    ddiv.o(x$fpl$drdiv) refers to ddiv.o(x$fpl$ddiv) for ddiv_entry
    ddiv.o(x$fpl$ddiv) refers (Special) to usenofp.o(x$fpl$usenofp) for __I$use$fp
    ddiv.o(x$fpl$ddiv) refers to dretinf.o(x$fpl$dretinf) for __fpl_dretinf
    ddiv.o(x$fpl$ddiv) refers to dnaninf.o(x$fpl$dnaninf) for __fpl_dnaninf
    dfixu.o(x$fpl$dfixu) refers (Special) to usenofp.o(x$fpl$usenofp) for __I$use$fp
    dfixu.o(x$fpl$dfixu) refers to dnaninf.o(x$fpl$dnaninf) for __fpl_dnaninf
    dfixu.o(x$fpl$dfixur) refers (Special) to usenofp.o(x$fpl$usenofp) for __I$use$fp
    dfixu.o(x$fpl$dfixur) refers to dnaninf.o(x$fpl$dnaninf) for __fpl_dnaninf
    dflt_clz.o(x$fpl$dfltu) refers (Special) to usenofp.o(x$fpl$usenofp) for __I$use$fp
    dflt_clz.o(x$fpl$dflt) refers (Special) to usenofp.o(x$fpl$usenofp) for __I$use$fp
    dflt_clz.o(x$fpl$dfltn) refers (Special) to usenofp.o(x$fpl$usenofp) for __I$use$fp
    dmul.o(x$fpl$dmul) refers (Special) to usenofp.o(x$fpl$usenofp) for __I$use$fp
    dmul.o(x$fpl$dmul) refers to dretinf.o(x$fpl$dretinf) for __fpl_dretinf
    dmul.o(x$fpl$dmul) refers to dnaninf.o(x$fpl$dnaninf) for __fpl_dnaninf
    __rtentry.o(.ARM.Collect$$rtentry$$00000000) refers (Special) to __rtentry2.o(.ARM.Collect$$rtentry$$0000000A) for __rt_entry_li
    __rtentry.o(.ARM.Collect$$rtentry$$00000000) refers (Special) to __rtentry2.o(.ARM.Collect$$rtentry$$0000000D) for __rt_entry_main
    __rtentry.o(.ARM.Collect$$rtentry$$00000000) refers (Special) to __rtentry2.o(.ARM.Collect$$rtentry$$0000000C) for __rt_entry_postli_1
    __rtentry.o(.ARM.Collect$$rtentry$$00000000) refers (Special) to __rtentry2.o(.ARM.Collect$$rtentry$$00000009) for __rt_entry_postsh_1
    __rtentry.o(.ARM.Collect$$rtentry$$00000000) refers (Special) to __rtentry2.o(.ARM.Collect$$rtentry$$00000002) for __rt_entry_presh_1
    __rtentry.o(.ARM.Collect$$rtentry$$00000000) refers (Special) to __rtentry4.o(.ARM.Collect$$rtentry$$00000004) for __rt_entry_sh
    dnaninf.o(x$fpl$dnaninf) refers (Special) to usenofp.o(x$fpl$usenofp) for __I$use$fp
    dretinf.o(x$fpl$dretinf) refers (Special) to usenofp.o(x$fpl$usenofp) for __I$use$fp
    __rtentry2.o(.ARM.Collect$$rtentry$$00000008) refers to boardinit2.o(.text) for _platform_post_stackheap_init
    __rtentry2.o(.ARM.Collect$$rtentry$$0000000A) refers to libinit.o(.ARM.Collect$$libinit$$00000000) for __rt_lib_init
    __rtentry2.o(.ARM.Collect$$rtentry$$0000000B) refers to boardinit3.o(.text) for _platform_post_lib_init
    __rtentry2.o(.ARM.Collect$$rtentry$$0000000D) refers to step_2.o(i.main) for main
    __rtentry2.o(.ARM.Collect$$rtentry$$0000000D) refers to exit.o(.text) for exit
    __rtentry2.o(.ARM.exidx) refers to __rtentry2.o(.ARM.Collect$$rtentry$$00000001) for .ARM.Collect$$rtentry$$00000001
    __rtentry2.o(.ARM.exidx) refers to __rtentry2.o(.ARM.Collect$$rtentry$$00000008) for .ARM.Collect$$rtentry$$00000008
    __rtentry2.o(.ARM.exidx) refers to __rtentry2.o(.ARM.Collect$$rtentry$$0000000A) for .ARM.Collect$$rtentry$$0000000A
    __rtentry2.o(.ARM.exidx) refers to __rtentry2.o(.ARM.Collect$$rtentry$$0000000B) for .ARM.Collect$$rtentry$$0000000B
    __rtentry2.o(.ARM.exidx) refers to __rtentry2.o(.ARM.Collect$$rtentry$$0000000D) for .ARM.Collect$$rtentry$$0000000D
    __rtentry4.o(.ARM.Collect$$rtentry$$00000004) refers to sys_stackheap_outer.o(.text) for __user_setup_stackheap
    __rtentry4.o(.ARM.exidx) refers to __rtentry4.o(.ARM.Collect$$rtentry$$00000004) for .ARM.Collect$$rtentry$$00000004
    sys_stackheap_outer.o(.text) refers to libspace.o(.text) for __user_perproc_libspace
    sys_stackheap_outer.o(.text) refers to startup_tm4c129.o(.text) for __user_initial_stackheap
    exit.o(.text) refers to rtexit.o(.ARM.Collect$$rtexit$$00000000) for __rt_exit
    libinit.o(.ARM.Collect$$libinit$$00000000) refers (Special) to libinit2.o(.ARM.Collect$$libinit$$0000002E) for __rt_lib_init_alloca_1
    libinit.o(.ARM.Collect$$libinit$$00000000) refers (Special) to libinit2.o(.ARM.Collect$$libinit$$0000002C) for __rt_lib_init_argv_1
    libinit.o(.ARM.Collect$$libinit$$00000000) refers (Special) to libinit2.o(.ARM.Collect$$libinit$$0000001B) for __rt_lib_init_atexit_1
    libinit.o(.ARM.Collect$$libinit$$00000000) refers (Special) to libinit2.o(.ARM.Collect$$libinit$$00000021) for __rt_lib_init_clock_1
    libinit.o(.ARM.Collect$$libinit$$00000000) refers (Special) to libinit2.o(.ARM.Collect$$libinit$$00000032) for __rt_lib_init_cpp_1
    libinit.o(.ARM.Collect$$libinit$$00000000) refers (Special) to libinit2.o(.ARM.Collect$$libinit$$00000030) for __rt_lib_init_exceptions_1
    libinit.o(.ARM.Collect$$libinit$$00000000) refers (Special) to libinit2.o(.ARM.Collect$$libinit$$00000001) for __rt_lib_init_fp_1
    libinit.o(.ARM.Collect$$libinit$$00000000) refers (Special) to libinit2.o(.ARM.Collect$$libinit$$0000001F) for __rt_lib_init_fp_trap_1
    libinit.o(.ARM.Collect$$libinit$$00000000) refers (Special) to libinit2.o(.ARM.Collect$$libinit$$00000023) for __rt_lib_init_getenv_1
    libinit.o(.ARM.Collect$$libinit$$00000000) refers (Special) to libinit2.o(.ARM.Collect$$libinit$$0000000A) for __rt_lib_init_heap_1
    libinit.o(.ARM.Collect$$libinit$$00000000) refers (Special) to libinit2.o(.ARM.Collect$$libinit$$00000011) for __rt_lib_init_lc_collate_1
    libinit.o(.ARM.Collect$$libinit$$00000000) refers (Special) to libinit2.o(.ARM.Collect$$libinit$$00000013) for __rt_lib_init_lc_ctype_1
    libinit.o(.ARM.Collect$$libinit$$00000000) refers (Special) to libinit2.o(.ARM.Collect$$libinit$$00000015) for __rt_lib_init_lc_monetary_1
    libinit.o(.ARM.Collect$$libinit$$00000000) refers (Special) to libinit2.o(.ARM.Collect$$libinit$$00000017) for __rt_lib_init_lc_numeric_1
    libinit.o(.ARM.Collect$$libinit$$00000000) refers (Special) to libinit2.o(.ARM.Collect$$libinit$$00000019) for __rt_lib_init_lc_time_1
    libinit.o(.ARM.Collect$$libinit$$00000000) refers (Special) to libinit2.o(.ARM.Collect$$libinit$$00000004) for __rt_lib_init_preinit_1
    libinit.o(.ARM.Collect$$libinit$$00000000) refers (Special) to libinit2.o(.ARM.Collect$$libinit$$0000000E) for __rt_lib_init_rand_1
    libinit.o(.ARM.Collect$$libinit$$00000000) refers (Special) to libinit2.o(.ARM.Collect$$libinit$$00000033) for __rt_lib_init_return
    libinit.o(.ARM.Collect$$libinit$$00000000) refers (Special) to libinit2.o(.ARM.Collect$$libinit$$0000001D) for __rt_lib_init_signal_1
    libinit.o(.ARM.Collect$$libinit$$00000000) refers (Special) to libinit2.o(.ARM.Collect$$libinit$$00000025) for __rt_lib_init_stdio_1
    libinit.o(.ARM.Collect$$libinit$$00000000) refers (Special) to libinit2.o(.ARM.Collect$$libinit$$0000000C) for __rt_lib_init_user_alloc_1
    libspace.o(.text) refers to libspace.o(.bss) for __libspace_start
    rtexit.o(.ARM.Collect$$rtexit$$00000000) refers (Special) to rtexit2.o(.ARM.Collect$$rtexit$$00000004) for __rt_exit_exit
    rtexit.o(.ARM.Collect$$rtexit$$00000000) refers (Special) to rtexit2.o(.ARM.Collect$$rtexit$$00000003) for __rt_exit_ls
    rtexit.o(.ARM.Collect$$rtexit$$00000000) refers (Special) to rtexit2.o(.ARM.Collect$$rtexit$$00000002) for __rt_exit_prels_1
    rtexit.o(.ARM.exidx) refers (Special) to rtexit2.o(.ARM.Collect$$rtexit$$00000004) for __rt_exit_exit
    rtexit.o(.ARM.exidx) refers (Special) to rtexit2.o(.ARM.Collect$$rtexit$$00000003) for __rt_exit_ls
    rtexit.o(.ARM.exidx) refers (Special) to rtexit2.o(.ARM.Collect$$rtexit$$00000002) for __rt_exit_prels_1
    rtexit.o(.ARM.exidx) refers to rtexit.o(.ARM.Collect$$rtexit$$00000000) for .ARM.Collect$$rtexit$$00000000
    libinit2.o(.ARM.Collect$$libinit$$00000001) refers to fpinit.o(x$fpl$fpinit) for _fp_init
    libinit2.o(.ARM.Collect$$libinit$$00000010) refers to libinit2.o(.ARM.Collect$$libinit$$0000000F) for .ARM.Collect$$libinit$$0000000F
    libinit2.o(.ARM.Collect$$libinit$$00000012) refers to libinit2.o(.ARM.Collect$$libinit$$0000000F) for .ARM.Collect$$libinit$$0000000F
    libinit2.o(.ARM.Collect$$libinit$$00000014) refers to libinit2.o(.ARM.Collect$$libinit$$0000000F) for .ARM.Collect$$libinit$$0000000F
    libinit2.o(.ARM.Collect$$libinit$$00000016) refers to libinit2.o(.ARM.Collect$$libinit$$0000000F) for .ARM.Collect$$libinit$$0000000F
    libinit2.o(.ARM.Collect$$libinit$$00000018) refers to libinit2.o(.ARM.Collect$$libinit$$0000000F) for .ARM.Collect$$libinit$$0000000F
    libinit2.o(.ARM.Collect$$libinit$$00000026) refers to argv_veneer.o(.emb_text) for __ARM_argv_veneer
    libinit2.o(.ARM.Collect$$libinit$$00000027) refers to argv_veneer.o(.emb_text) for __ARM_argv_veneer
    rtexit2.o(.ARM.Collect$$rtexit$$00000003) refers to libshutdown.o(.ARM.Collect$$libshutdown$$00000000) for __rt_lib_shutdown
    rtexit2.o(.ARM.Collect$$rtexit$$00000004) refers to sys_exit.o(.text) for _sys_exit
    rtexit2.o(.ARM.exidx) refers to rtexit2.o(.ARM.Collect$$rtexit$$00000001) for .ARM.Collect$$rtexit$$00000001
    rtexit2.o(.ARM.exidx) refers to rtexit2.o(.ARM.Collect$$rtexit$$00000003) for .ARM.Collect$$rtexit$$00000003
    rtexit2.o(.ARM.exidx) refers to rtexit2.o(.ARM.Collect$$rtexit$$00000004) for .ARM.Collect$$rtexit$$00000004
    argv_veneer.o(.emb_text) refers to no_argv.o(.text) for __ARM_get_argv
    sys_exit.o(.text) refers (Special) to use_no_semi.o(.text) for __I$use$semihosting
    sys_exit.o(.text) refers (Special) to indicate_semi.o(.text) for __semihosting_library_function
    _get_argv_nomalloc.o(.text) refers (Special) to hrguard.o(.text) for __heap_region$guard
    _get_argv_nomalloc.o(.text) refers to defsig_rtmem_outer.o(.text) for __rt_SIGRTMEM
    _get_argv_nomalloc.o(.text) refers to sys_command.o(.text) for _sys_command_string
    libshutdown.o(.ARM.Collect$$libshutdown$$00000000) refers (Special) to libshutdown2.o(.ARM.Collect$$libshutdown$$00000002) for __rt_lib_shutdown_cpp_1
    libshutdown.o(.ARM.Collect$$libshutdown$$00000000) refers (Special) to libshutdown2.o(.ARM.Collect$$libshutdown$$00000007) for __rt_lib_shutdown_fp_trap_1
    libshutdown.o(.ARM.Collect$$libshutdown$$00000000) refers (Special) to libshutdown2.o(.ARM.Collect$$libshutdown$$0000000F) for __rt_lib_shutdown_heap_1
    libshutdown.o(.ARM.Collect$$libshutdown$$00000000) refers (Special) to libshutdown2.o(.ARM.Collect$$libshutdown$$00000010) for __rt_lib_shutdown_return
    libshutdown.o(.ARM.Collect$$libshutdown$$00000000) refers (Special) to libshutdown2.o(.ARM.Collect$$libshutdown$$0000000A) for __rt_lib_shutdown_signal_1
    libshutdown.o(.ARM.Collect$$libshutdown$$00000000) refers (Special) to libshutdown2.o(.ARM.Collect$$libshutdown$$00000004) for __rt_lib_shutdown_stdio_1
    libshutdown.o(.ARM.Collect$$libshutdown$$00000000) refers (Special) to libshutdown2.o(.ARM.Collect$$libshutdown$$0000000C) for __rt_lib_shutdown_user_alloc_1
    sys_command.o(.text) refers (Special) to use_no_semi.o(.text) for __I$use$semihosting
    sys_command.o(.text) refers (Special) to indicate_semi.o(.text) for __semihosting_library_function
    defsig_rtmem_outer.o(.text) refers to defsig_rtmem_inner.o(.text) for __rt_SIGRTMEM_inner
    defsig_rtmem_outer.o(.text) refers to defsig_exit.o(.text) for __sig_exit
    defsig_rtmem_formal.o(.text) refers to rt_raise.o(.text) for __rt_raise
    rt_raise.o(.text) refers to __raise.o(.text) for __raise
    rt_raise.o(.text) refers to sys_exit.o(.text) for _sys_exit
    defsig_exit.o(.text) refers to sys_exit.o(.text) for _sys_exit
    defsig_rtmem_inner.o(.text) refers to defsig_general.o(.text) for __default_signal_display
    __raise.o(.text) refers to defsig.o(CL$$defsig) for __default_signal_handler
    defsig_general.o(.text) refers to sys_wrch.o(.text) for _ttywrch
    sys_wrch.o(.text) refers (Special) to use_no_semi.o(.text) for __I$use$semihosting
    sys_wrch.o(.text) refers (Special) to indicate_semi.o(.text) for __semihosting_library_function
    defsig.o(CL$$defsig) refers to defsig_rtmem_inner.o(.text) for __rt_SIGRTMEM_inner
    defsig_abrt_inner.o(.text) refers to defsig_general.o(.text) for __default_signal_display
    defsig_fpe_inner.o(.text) refers to defsig_general.o(.text) for __default_signal_display
    defsig_rtred_inner.o(.text) refers to defsig_general.o(.text) for __default_signal_display
    defsig_stak_inner.o(.text) refers to defsig_general.o(.text) for __default_signal_display
    defsig_pvfn_inner.o(.text) refers to defsig_general.o(.text) for __default_signal_display
    defsig_cppl_inner.o(.text) refers to defsig_general.o(.text) for __default_signal_display
    defsig_segv_inner.o(.text) refers to defsig_general.o(.text) for __default_signal_display
    defsig_other.o(.text) refers to defsig_general.o(.text) for __default_signal_display


==============================================================================

Removing Unused input sections from the image.

    Removing system_tm4c129.o(.rev16_text), (4 bytes).
    Removing system_tm4c129.o(.revsh_text), (4 bytes).
    Removing system_tm4c129.o(i.SystemCoreClockUpdate), (16 bytes).
    Removing adc.o(i.ADCBusy), (8 bytes).
    Removing adc.o(i.ADCClockConfigGet), (32 bytes).
    Removing adc.o(i.ADCClockConfigSet), (28 bytes).
    Removing adc.o(i.ADCComparatorConfigure), (10 bytes).
    Removing adc.o(i.ADCComparatorIntClear), (4 bytes).
    Removing adc.o(i.ADCComparatorIntDisable), (18 bytes).
    Removing adc.o(i.ADCComparatorIntEnable), (16 bytes).
    Removing adc.o(i.ADCComparatorIntStatus), (4 bytes).
    Removing adc.o(i.ADCComparatorRegionSet), (14 bytes).
    Removing adc.o(i.ADCComparatorReset), (40 bytes).
    Removing adc.o(i.ADCHardwareOversampleConfigure), (18 bytes).
    Removing adc.o(i.ADCIntClearEx), (4 bytes).
    Removing adc.o(i.ADCIntDisable), (16 bytes).
    Removing adc.o(i.ADCIntDisableEx), (10 bytes).
    Removing adc.o(i.ADCIntEnable), (16 bytes).
    Removing adc.o(i.ADCIntEnableEx), (8 bytes).
    Removing adc.o(i.ADCIntRegister), (104 bytes).
    Removing adc.o(i.ADCIntStatusEx), (22 bytes).
    Removing adc.o(i.ADCIntUnregister), (108 bytes).
    Removing adc.o(i.ADCPhaseDelayGet), (4 bytes).
    Removing adc.o(i.ADCPhaseDelaySet), (4 bytes).
    Removing adc.o(i.ADCReferenceGet), (8 bytes).
    Removing adc.o(i.ADCReferenceSet), (12 bytes).
    Removing adc.o(i.ADCSequenceDMADisable), (18 bytes).
    Removing adc.o(i.ADCSequenceDMAEnable), (16 bytes).
    Removing adc.o(i.ADCSequenceDisable), (16 bytes).
    Removing adc.o(i.ADCSequenceOverflow), (12 bytes).
    Removing adc.o(i.ADCSequenceOverflowClear), (10 bytes).
    Removing adc.o(i.ADCSequenceUnderflow), (12 bytes).
    Removing adc.o(i.ADCSequenceUnderflowClear), (10 bytes).
    Removing adc.o(i.ADCSoftwareOversampleConfigure), (44 bytes).
    Removing adc.o(i.ADCSoftwareOversampleDataGet), (88 bytes).
    Removing adc.o(i.ADCSoftwareOversampleStepConfigure), (168 bytes).
    Removing adc.o(.data), (6 bytes).
    Removing gpio.o(i.GPIOADCTriggerDisable), (14 bytes).
    Removing gpio.o(i.GPIOADCTriggerEnable), (12 bytes).
    Removing gpio.o(i.GPIODMATriggerDisable), (14 bytes).
    Removing gpio.o(i.GPIODMATriggerEnable), (12 bytes).
    Removing gpio.o(i.GPIODirModeGet), (34 bytes).
    Removing gpio.o(i.GPIOIntClear), (6 bytes).
    Removing gpio.o(i.GPIOIntDisable), (14 bytes).
    Removing gpio.o(i.GPIOIntEnable), (12 bytes).
    Removing gpio.o(i.GPIOIntRegister), (26 bytes).
    Removing gpio.o(i.GPIOIntRegisterPin), (30 bytes).
    Removing gpio.o(i.GPIOIntStatus), (14 bytes).
    Removing gpio.o(i.GPIOIntTypeGet), (68 bytes).
    Removing gpio.o(i.GPIOIntTypeSet), (80 bytes).
    Removing gpio.o(i.GPIOIntUnregister), (22 bytes).
    Removing gpio.o(i.GPIOIntUnregisterPin), (26 bytes).
    Removing gpio.o(i.GPIOPadConfigGet), (204 bytes).
    Removing gpio.o(i.GPIOPinConfigure), (68 bytes).
    Removing gpio.o(i.GPIOPinTypeCAN), (28 bytes).
    Removing gpio.o(i.GPIOPinTypeComparator), (28 bytes).
    Removing gpio.o(i.GPIOPinTypeComparatorOutput), (28 bytes).
    Removing gpio.o(i.GPIOPinTypeDIVSCLK), (28 bytes).
    Removing gpio.o(i.GPIOPinTypeEPI), (28 bytes).
    Removing gpio.o(i.GPIOPinTypeEthernetLED), (28 bytes).
    Removing gpio.o(i.GPIOPinTypeEthernetMII), (28 bytes).
    Removing gpio.o(i.GPIOPinTypeGPIOOutputOD), (28 bytes).
    Removing gpio.o(i.GPIOPinTypeHibernateRTCCLK), (28 bytes).
    Removing gpio.o(i.GPIOPinTypeI2C), (28 bytes).
    Removing gpio.o(i.GPIOPinTypeI2CSCL), (28 bytes).
    Removing gpio.o(i.GPIOPinTypeLCD), (28 bytes).
    Removing gpio.o(i.GPIOPinTypeOneWire), (28 bytes).
    Removing gpio.o(i.GPIOPinTypePWM), (28 bytes).
    Removing gpio.o(i.GPIOPinTypeQEI), (28 bytes).
    Removing gpio.o(i.GPIOPinTypeSSI), (28 bytes).
    Removing gpio.o(i.GPIOPinTypeTimer), (28 bytes).
    Removing gpio.o(i.GPIOPinTypeTrace), (28 bytes).
    Removing gpio.o(i.GPIOPinTypeUART), (28 bytes).
    Removing gpio.o(i.GPIOPinTypeUSBAnalog), (28 bytes).
    Removing gpio.o(i.GPIOPinTypeUSBDigital), (28 bytes).
    Removing gpio.o(i.GPIOPinTypeWakeHigh), (30 bytes).
    Removing gpio.o(i.GPIOPinTypeWakeLow), (30 bytes).
    Removing gpio.o(i.GPIOPinWakeStatus), (6 bytes).
    Removing gpio.o(i._GPIOIntNumberGet), (80 bytes).
    Removing gpio.o(.constdata), (552 bytes).
    Removing interrupt.o(i.IntDisable), (100 bytes).
    Removing interrupt.o(i.IntEnable), (100 bytes).
    Removing interrupt.o(i.IntIsEnabled), (96 bytes).
    Removing interrupt.o(i.IntMasterDisable), (14 bytes).
    Removing interrupt.o(i.IntPendClear), (68 bytes).
    Removing interrupt.o(i.IntPendSet), (84 bytes).
    Removing interrupt.o(i.IntPriorityGet), (28 bytes).
    Removing interrupt.o(i.IntPriorityGroupingGet), (36 bytes).
    Removing interrupt.o(i.IntPriorityGroupingSet), (28 bytes).
    Removing interrupt.o(i.IntPriorityMaskGet), (4 bytes).
    Removing interrupt.o(i.IntPriorityMaskSet), (4 bytes).
    Removing interrupt.o(i.IntPrioritySet), (40 bytes).
    Removing interrupt.o(i.IntRegister), (52 bytes).
    Removing interrupt.o(i.IntTrigger), (12 bytes).
    Removing interrupt.o(i.IntUnregister), (20 bytes).
    Removing interrupt.o(i._IntDefaultHandler), (2 bytes).
    Removing interrupt.o(.constdata), (268 bytes).
    Removing interrupt.o(vtable), (620 bytes).
    Removing sysctl.o(.emb_text), (6 bytes).
    Removing sysctl.o(i.SysCtlAltClkConfig), (12 bytes).
    Removing sysctl.o(i.SysCtlClockGet), (340 bytes).
    Removing sysctl.o(i.SysCtlClockOutConfig), (20 bytes).
    Removing sysctl.o(i.SysCtlClockSet), (288 bytes).
    Removing sysctl.o(i.SysCtlDeepSleep), (32 bytes).
    Removing sysctl.o(i.SysCtlDeepSleepClockConfigSet), (112 bytes).
    Removing sysctl.o(i.SysCtlDeepSleepClockSet), (12 bytes).
    Removing sysctl.o(i.SysCtlDeepSleepPowerSet), (12 bytes).
    Removing sysctl.o(i.SysCtlFlashSectorSizeGet), (56 bytes).
    Removing sysctl.o(i.SysCtlFlashSizeGet), (56 bytes).
    Removing sysctl.o(i.SysCtlGPIOAHBDisable), (28 bytes).
    Removing sysctl.o(i.SysCtlGPIOAHBEnable), (24 bytes).
    Removing sysctl.o(i.SysCtlIntClear), (12 bytes).
    Removing sysctl.o(i.SysCtlIntDisable), (16 bytes).
    Removing sysctl.o(i.SysCtlIntEnable), (16 bytes).
    Removing sysctl.o(i.SysCtlIntRegister), (20 bytes).
    Removing sysctl.o(i.SysCtlIntStatus), (16 bytes).
    Removing sysctl.o(i.SysCtlIntUnregister), (18 bytes).
    Removing sysctl.o(i.SysCtlLDODeepSleepGet), (12 bytes).
    Removing sysctl.o(i.SysCtlLDODeepSleepSet), (12 bytes).
    Removing sysctl.o(i.SysCtlLDOSleepGet), (12 bytes).
    Removing sysctl.o(i.SysCtlLDOSleepSet), (12 bytes).
    Removing sysctl.o(i.SysCtlMOSCConfigSet), (12 bytes).
    Removing sysctl.o(i.SysCtlNMIClear), (16 bytes).
    Removing sysctl.o(i.SysCtlNMIStatus), (12 bytes).
    Removing sysctl.o(i.SysCtlPIOSCCalibrate), (76 bytes).
    Removing sysctl.o(i.SysCtlPWMClockGet), (24 bytes).
    Removing sysctl.o(i.SysCtlPWMClockSet), (20 bytes).
    Removing sysctl.o(i.SysCtlPeripheralClockGating), (68 bytes).
    Removing sysctl.o(i.SysCtlPeripheralDeepSleepDisable), (40 bytes).
    Removing sysctl.o(i.SysCtlPeripheralDeepSleepEnable), (40 bytes).
    Removing sysctl.o(i.SysCtlPeripheralDisable), (40 bytes).
    Removing sysctl.o(i.SysCtlPeripheralPowerOff), (40 bytes).
    Removing sysctl.o(i.SysCtlPeripheralPowerOn), (40 bytes).
    Removing sysctl.o(i.SysCtlPeripheralPresent), (44 bytes).
    Removing sysctl.o(i.SysCtlPeripheralReset), (60 bytes).
    Removing sysctl.o(i.SysCtlPeripheralSleepDisable), (40 bytes).
    Removing sysctl.o(i.SysCtlPeripheralSleepEnable), (40 bytes).
    Removing sysctl.o(i.SysCtlReset), (16 bytes).
    Removing sysctl.o(i.SysCtlResetBehaviorGet), (12 bytes).
    Removing sysctl.o(i.SysCtlResetBehaviorSet), (12 bytes).
    Removing sysctl.o(i.SysCtlResetCauseClear), (16 bytes).
    Removing sysctl.o(i.SysCtlResetCauseGet), (12 bytes).
    Removing sysctl.o(i.SysCtlSRAMSizeGet), (16 bytes).
    Removing sysctl.o(i.SysCtlSleep), (4 bytes).
    Removing sysctl.o(i.SysCtlSleepPowerSet), (12 bytes).
    Removing sysctl.o(i.SysCtlUSBPLLDisable), (16 bytes).
    Removing sysctl.o(i.SysCtlUSBPLLEnable), (16 bytes).
    Removing sysctl.o(i.SysCtlVCOGet), (120 bytes).
    Removing sysctl.o(i.SysCtlVoltageEventClear), (16 bytes).
    Removing sysctl.o(i.SysCtlVoltageEventConfig), (12 bytes).
    Removing sysctl.o(i.SysCtlVoltageEventStatus), (12 bytes).
    Removing systick.o(i.SysTickDisable), (14 bytes).
    Removing systick.o(i.SysTickIntDisable), (14 bytes).
    Removing systick.o(i.SysTickIntRegister), (24 bytes).
    Removing systick.o(i.SysTickIntUnregister), (18 bytes).
    Removing systick.o(i.SysTickPeriodGet), (10 bytes).
    Removing systick.o(i.SysTickValueGet), (8 bytes).

157 unused section(s) (total 6586 bytes) removed from the image.

==============================================================================

Image Symbol Table

    Local Symbols

    Symbol Name                              Value     Ov Type        Size  Object(Section)

    RESET                                    0x00000000   Section      512  startup_tm4c129.o(RESET)
    ../clib/angel/boardlib.s                 0x00000000   Number         0  boardshut.o ABSOLUTE
    ../clib/angel/boardlib.s                 0x00000000   Number         0  boardinit2.o ABSOLUTE
    ../clib/angel/boardlib.s                 0x00000000   Number         0  boardinit1.o ABSOLUTE
    ../clib/angel/boardlib.s                 0x00000000   Number         0  boardinit3.o ABSOLUTE
    ../clib/angel/handlers.s                 0x00000000   Number         0  __scatter_copy.o ABSOLUTE
    ../clib/angel/handlers.s                 0x00000000   Number         0  __scatter_zi.o ABSOLUTE
    ../clib/angel/kernel.s                   0x00000000   Number         0  rtexit.o ABSOLUTE
    ../clib/angel/kernel.s                   0x00000000   Number         0  __rtentry2.o ABSOLUTE
    ../clib/angel/kernel.s                   0x00000000   Number         0  __rtentry4.o ABSOLUTE
    ../clib/angel/kernel.s                   0x00000000   Number         0  __rtentry.o ABSOLUTE
    ../clib/angel/kernel.s                   0x00000000   Number         0  rtexit2.o ABSOLUTE
    ../clib/angel/rt.s                       0x00000000   Number         0  rt_raise.o ABSOLUTE
    ../clib/angel/scatter.s                  0x00000000   Number         0  __scatter.o ABSOLUTE
    ../clib/angel/startup.s                  0x00000000   Number         0  __main.o ABSOLUTE
    ../clib/angel/sys.s                      0x00000000   Number         0  indicate_semi.o ABSOLUTE
    ../clib/angel/sys.s                      0x00000000   Number         0  sys_stackheap_outer.o ABSOLUTE
    ../clib/angel/sys.s                      0x00000000   Number         0  libspace.o ABSOLUTE
    ../clib/angel/sys.s                      0x00000000   Number         0  use_no_semi.o ABSOLUTE
    ../clib/angel/sysapp.c                   0x00000000   Number         0  sys_wrch.o ABSOLUTE
    ../clib/angel/sysapp.c                   0x00000000   Number         0  sys_command.o ABSOLUTE
    ../clib/angel/sysapp.c                   0x00000000   Number         0  sys_exit.o ABSOLUTE
    ../clib/armsys.c                         0x00000000   Number         0  _get_argv_nomalloc.o ABSOLUTE
    ../clib/armsys.c                         0x00000000   Number         0  no_argv.o ABSOLUTE
    ../clib/armsys.c                         0x00000000   Number         0  argv_veneer.o ABSOLUTE
    ../clib/armsys.c                         0x00000000   Number         0  argv_veneer.o ABSOLUTE
    ../clib/heapalloc.c                      0x00000000   Number         0  hrguard.o ABSOLUTE
    ../clib/heapaux.c                        0x00000000   Number         0  heapauxi.o ABSOLUTE
    ../clib/libinit.s                        0x00000000   Number         0  libinit.o ABSOLUTE
    ../clib/libinit.s                        0x00000000   Number         0  libshutdown2.o ABSOLUTE
    ../clib/libinit.s                        0x00000000   Number         0  libinit2.o ABSOLUTE
    ../clib/libinit.s                        0x00000000   Number         0  libshutdown.o ABSOLUTE
    ../clib/memcpset.s                       0x00000000   Number         0  rt_memclr_w.o ABSOLUTE
    ../clib/signal.c                         0x00000000   Number         0  defsig_other.o ABSOLUTE
    ../clib/signal.c                         0x00000000   Number         0  defsig_segv_inner.o ABSOLUTE
    ../clib/signal.c                         0x00000000   Number         0  defsig_rtred_inner.o ABSOLUTE
    ../clib/signal.c                         0x00000000   Number         0  defsig_pvfn_inner.o ABSOLUTE
    ../clib/signal.c                         0x00000000   Number         0  defsig_cppl_inner.o ABSOLUTE
    ../clib/signal.c                         0x00000000   Number         0  defsig_rtmem_outer.o ABSOLUTE
    ../clib/signal.c                         0x00000000   Number         0  defsig_general.o ABSOLUTE
    ../clib/signal.c                         0x00000000   Number         0  defsig_rtmem_formal.o ABSOLUTE
    ../clib/signal.c                         0x00000000   Number         0  defsig_exit.o ABSOLUTE
    ../clib/signal.c                         0x00000000   Number         0  __raise.o ABSOLUTE
    ../clib/signal.c                         0x00000000   Number         0  defsig_rtmem_inner.o ABSOLUTE
    ../clib/signal.c                         0x00000000   Number         0  defsig_abrt_inner.o ABSOLUTE
    ../clib/signal.c                         0x00000000   Number         0  defsig_fpe_inner.o ABSOLUTE
    ../clib/signal.c                         0x00000000   Number         0  defsig_stak_inner.o ABSOLUTE
    ../clib/signal.s                         0x00000000   Number         0  defsig.o ABSOLUTE
    ../clib/stdlib.c                         0x00000000   Number         0  exit.o ABSOLUTE
    ../fplib/daddsub.s                       0x00000000   Number         0  daddsub_clz.o ABSOLUTE
    ../fplib/ddiv.s                          0x00000000   Number         0  ddiv.o ABSOLUTE
    ../fplib/dfixu.s                         0x00000000   Number         0  dfixu.o ABSOLUTE
    ../fplib/dflt.s                          0x00000000   Number         0  dflt_clz.o ABSOLUTE
    ../fplib/dmul.s                          0x00000000   Number         0  dmul.o ABSOLUTE
    ../fplib/dnaninf.s                       0x00000000   Number         0  dnaninf.o ABSOLUTE
    ../fplib/dretinf.s                       0x00000000   Number         0  dretinf.o ABSOLUTE
    ../fplib/fpinit.s                        0x00000000   Number         0  fpinit.o ABSOLUTE
    ../fplib/usenofp.s                       0x00000000   Number         0  usenofp.o ABSOLUTE
    DAC6571.c                                0x00000000   Number         0  dac6571.o ABSOLUTE
    RTE\Device\TM4C1294NCPDT\startup_TM4C129.s 0x00000000   Number         0  startup_tm4c129.o ABSOLUTE
    RTE\Device\TM4C1294NCPDT\system_TM4C129.c 0x00000000   Number         0  system_tm4c129.o ABSOLUTE
    RTE\\Device\\TM4C1294NCPDT\\system_TM4C129.c 0x00000000   Number         0  system_tm4c129.o ABSOLUTE
    adc.c                                    0x00000000   Number         0  adc.o ABSOLUTE
    cpu.c                                    0x00000000   Number         0  cpu.o ABSOLUTE
    cpu.c                                    0x00000000   Number         0  cpu.o ABSOLUTE
    dc.s                                     0x00000000   Number         0  dc.o ABSOLUTE
    gpio.c                                   0x00000000   Number         0  gpio.o ABSOLUTE
    interrupt.c                              0x00000000   Number         0  interrupt.o ABSOLUTE
    step_2.c                                 0x00000000   Number         0  step_2.o ABSOLUTE
    sysctl.c                                 0x00000000   Number         0  sysctl.o ABSOLUTE
    sysctl.c                                 0x00000000   Number         0  sysctl.o ABSOLUTE
    systick.c                                0x00000000   Number         0  systick.o ABSOLUTE
    tm1638.c                                 0x00000000   Number         0  tm1638.o ABSOLUTE
    !!!main                                  0x00000200   Section        8  __main.o(!!!main)
    !!!scatter                               0x00000208   Section       52  __scatter.o(!!!scatter)
    !!handler_copy                           0x0000023c   Section       26  __scatter_copy.o(!!handler_copy)
    !!handler_zi                             0x00000258   Section       28  __scatter_zi.o(!!handler_zi)
    .ARM.Collect$$libinit$$00000000          0x00000274   Section        2  libinit.o(.ARM.Collect$$libinit$$00000000)
    .ARM.Collect$$libinit$$00000001          0x00000276   Section        4  libinit2.o(.ARM.Collect$$libinit$$00000001)
    .ARM.Collect$$libinit$$00000004          0x0000027a   Section        0  libinit2.o(.ARM.Collect$$libinit$$00000004)
    .ARM.Collect$$libinit$$0000000A          0x0000027a   Section        0  libinit2.o(.ARM.Collect$$libinit$$0000000A)
    .ARM.Collect$$libinit$$0000000C          0x0000027a   Section        0  libinit2.o(.ARM.Collect$$libinit$$0000000C)
    .ARM.Collect$$libinit$$0000000E          0x0000027a   Section        0  libinit2.o(.ARM.Collect$$libinit$$0000000E)
    .ARM.Collect$$libinit$$00000011          0x0000027a   Section        0  libinit2.o(.ARM.Collect$$libinit$$00000011)
    .ARM.Collect$$libinit$$00000013          0x0000027a   Section        0  libinit2.o(.ARM.Collect$$libinit$$00000013)
    .ARM.Collect$$libinit$$00000015          0x0000027a   Section        0  libinit2.o(.ARM.Collect$$libinit$$00000015)
    .ARM.Collect$$libinit$$00000017          0x0000027a   Section        0  libinit2.o(.ARM.Collect$$libinit$$00000017)
    .ARM.Collect$$libinit$$00000019          0x0000027a   Section        0  libinit2.o(.ARM.Collect$$libinit$$00000019)
    .ARM.Collect$$libinit$$0000001B          0x0000027a   Section        0  libinit2.o(.ARM.Collect$$libinit$$0000001B)
    .ARM.Collect$$libinit$$0000001D          0x0000027a   Section        0  libinit2.o(.ARM.Collect$$libinit$$0000001D)
    .ARM.Collect$$libinit$$0000001F          0x0000027a   Section        0  libinit2.o(.ARM.Collect$$libinit$$0000001F)
    .ARM.Collect$$libinit$$00000021          0x0000027a   Section        0  libinit2.o(.ARM.Collect$$libinit$$00000021)
    .ARM.Collect$$libinit$$00000023          0x0000027a   Section        0  libinit2.o(.ARM.Collect$$libinit$$00000023)
    .ARM.Collect$$libinit$$00000025          0x0000027a   Section        0  libinit2.o(.ARM.Collect$$libinit$$00000025)
    .ARM.Collect$$libinit$$0000002C          0x0000027a   Section        0  libinit2.o(.ARM.Collect$$libinit$$0000002C)
    .ARM.Collect$$libinit$$0000002E          0x0000027a   Section        0  libinit2.o(.ARM.Collect$$libinit$$0000002E)
    .ARM.Collect$$libinit$$00000030          0x0000027a   Section        0  libinit2.o(.ARM.Collect$$libinit$$00000030)
    .ARM.Collect$$libinit$$00000032          0x0000027a   Section        0  libinit2.o(.ARM.Collect$$libinit$$00000032)
    .ARM.Collect$$libinit$$00000033          0x0000027a   Section        2  libinit2.o(.ARM.Collect$$libinit$$00000033)
    .ARM.Collect$$libshutdown$$00000000      0x0000027c   Section        2  libshutdown.o(.ARM.Collect$$libshutdown$$00000000)
    .ARM.Collect$$libshutdown$$00000002      0x0000027e   Section        0  libshutdown2.o(.ARM.Collect$$libshutdown$$00000002)
    .ARM.Collect$$libshutdown$$00000004      0x0000027e   Section        0  libshutdown2.o(.ARM.Collect$$libshutdown$$00000004)
    .ARM.Collect$$libshutdown$$00000007      0x0000027e   Section        0  libshutdown2.o(.ARM.Collect$$libshutdown$$00000007)
    .ARM.Collect$$libshutdown$$0000000A      0x0000027e   Section        0  libshutdown2.o(.ARM.Collect$$libshutdown$$0000000A)
    .ARM.Collect$$libshutdown$$0000000C      0x0000027e   Section        0  libshutdown2.o(.ARM.Collect$$libshutdown$$0000000C)
    .ARM.Collect$$libshutdown$$0000000F      0x0000027e   Section        0  libshutdown2.o(.ARM.Collect$$libshutdown$$0000000F)
    .ARM.Collect$$libshutdown$$00000010      0x0000027e   Section        2  libshutdown2.o(.ARM.Collect$$libshutdown$$00000010)
    .ARM.Collect$$rtentry$$00000000          0x00000280   Section        0  __rtentry.o(.ARM.Collect$$rtentry$$00000000)
    .ARM.Collect$$rtentry$$00000002          0x00000280   Section        0  __rtentry2.o(.ARM.Collect$$rtentry$$00000002)
    .ARM.Collect$$rtentry$$00000004          0x00000280   Section        6  __rtentry4.o(.ARM.Collect$$rtentry$$00000004)
    .ARM.Collect$$rtentry$$00000009          0x00000286   Section        0  __rtentry2.o(.ARM.Collect$$rtentry$$00000009)
    .ARM.Collect$$rtentry$$0000000A          0x00000286   Section        4  __rtentry2.o(.ARM.Collect$$rtentry$$0000000A)
    .ARM.Collect$$rtentry$$0000000C          0x0000028a   Section        0  __rtentry2.o(.ARM.Collect$$rtentry$$0000000C)
    .ARM.Collect$$rtentry$$0000000D          0x0000028a   Section        8  __rtentry2.o(.ARM.Collect$$rtentry$$0000000D)
    .ARM.Collect$$rtexit$$00000000           0x00000292   Section        2  rtexit.o(.ARM.Collect$$rtexit$$00000000)
    .ARM.Collect$$rtexit$$00000002           0x00000294   Section        0  rtexit2.o(.ARM.Collect$$rtexit$$00000002)
    .ARM.Collect$$rtexit$$00000003           0x00000294   Section        4  rtexit2.o(.ARM.Collect$$rtexit$$00000003)
    .ARM.Collect$$rtexit$$00000004           0x00000298   Section        6  rtexit2.o(.ARM.Collect$$rtexit$$00000004)
    .emb_text                                0x000002a0   Section       38  cpu.o(.emb_text)
    $v0                                      0x000002a0   Number         0  cpu.o(.emb_text)
    .text                                    0x000002c8   Section      300  startup_tm4c129.o(.text)
    $v0                                      0x000002c8   Number         0  startup_tm4c129.o(.text)
    .text                                    0x000003f4   Section       78  rt_memclr_w.o(.text)
    .text                                    0x00000442   Section        0  heapauxi.o(.text)
    .text                                    0x00000448   Section       74  sys_stackheap_outer.o(.text)
    .text                                    0x00000492   Section        0  exit.o(.text)
    .text                                    0x000004a4   Section        8  libspace.o(.text)
    .text                                    0x000004ac   Section        0  sys_exit.o(.text)
    .text                                    0x000004b8   Section        2  use_no_semi.o(.text)
    .text                                    0x000004ba   Section        0  indicate_semi.o(.text)
    i.ADCInit                                0x000004bc   Section        0  step_2.o(i.ADCInit)
    i.ADCIntClear                            0x00000518   Section        0  adc.o(i.ADCIntClear)
    i.ADCIntStatus                           0x00000522   Section        0  adc.o(i.ADCIntStatus)
    i.ADCProcessorTrigger                    0x00000556   Section        0  adc.o(i.ADCProcessorTrigger)
    i.ADCSequenceConfigure                   0x00000570   Section        0  adc.o(i.ADCSequenceConfigure)
    i.ADCSequenceDataGet                     0x000005d0   Section        0  adc.o(i.ADCSequenceDataGet)
    i.ADCSequenceEnable                      0x000005f4   Section        0  adc.o(i.ADCSequenceEnable)
    i.ADCSequenceStepConfigure               0x00000602   Section        0  adc.o(i.ADCSequenceStepConfigure)
    i.ADC_Sample                             0x0000069c   Section        0  step_2.o(i.ADC_Sample)
    i.DAC6571_Byte_Transmission              0x000006d4   Section        0  dac6571.o(i.DAC6571_Byte_Transmission)
    i.DAC6571_Fastmode_Operation             0x00000744   Section        0  dac6571.o(i.DAC6571_Fastmode_Operation)
    i.DevicesInit                            0x000007b8   Section        0  step_2.o(i.DevicesInit)
    i.GPIODirModeSet                         0x000007e4   Section        0  gpio.o(i.GPIODirModeSet)
    i.GPIOInit                               0x0000080c   Section        0  step_2.o(i.GPIOInit)
    i.GPIOPadConfigSet                       0x00000898   Section        0  gpio.o(i.GPIOPadConfigSet)
    i.GPIOPinRead                            0x000009d0   Section        0  gpio.o(i.GPIOPinRead)
    i.GPIOPinTypeADC                         0x000009d6   Section        0  gpio.o(i.GPIOPinTypeADC)
    i.GPIOPinTypeGPIOInput                   0x000009f2   Section        0  gpio.o(i.GPIOPinTypeGPIOInput)
    i.GPIOPinTypeGPIOOutput                  0x00000a0e   Section        0  gpio.o(i.GPIOPinTypeGPIOOutput)
    i.GPIOPinWrite                           0x00000a2a   Section        0  gpio.o(i.GPIOPinWrite)
    i.IntMasterEnable                        0x00000a30   Section        0  interrupt.o(i.IntMasterEnable)
    i.SysCtlClockFreqSet                     0x00000a40   Section        0  sysctl.o(i.SysCtlClockFreqSet)
    i.SysCtlPeripheralEnable                 0x00000d24   Section        0  sysctl.o(i.SysCtlPeripheralEnable)
    i.SysCtlPeripheralReady                  0x00000d4c   Section        0  sysctl.o(i.SysCtlPeripheralReady)
    i.SysTickEnable                          0x00000d78   Section        0  systick.o(i.SysTickEnable)
    i.SysTickInit                            0x00000d88   Section        0  step_2.o(i.SysTickInit)
    i.SysTickIntEnable                       0x00000da8   Section        0  systick.o(i.SysTickIntEnable)
    i.SysTickPeriodSet                       0x00000db6   Section        0  systick.o(i.SysTickPeriodSet)
    i.SysTick_Handler                        0x00000dc0   Section        0  step_2.o(i.SysTick_Handler)
    i.SystemInit                             0x00000f98   Section        0  system_tm4c129.o(i.SystemInit)
    i.TM1638_DigiSegment                     0x00000fb8   Section        0  tm1638.o(i.TM1638_DigiSegment)
    i.TM1638_Init                            0x000010bc   Section        0  tm1638.o(i.TM1638_Init)
    i.TM1638_Readkeyboard                    0x000010e0   Section        0  tm1638.o(i.TM1638_Readkeyboard)
    i.TM1638_RefreshDIGIandLED               0x00001180   Section        0  tm1638.o(i.TM1638_RefreshDIGIandLED)
    i.TM1638_Serial_Input                    0x0000121c   Section        0  tm1638.o(i.TM1638_Serial_Input)
    i.TM1638_Serial_Output                   0x00001270   Section        0  tm1638.o(i.TM1638_Serial_Output)
    i.main                                   0x000012c4   Section        0  step_2.o(i.main)
    x$fpl$dadd                               0x00001584   Section      336  daddsub_clz.o(x$fpl$dadd)
    $v0                                      0x00001584   Number         0  daddsub_clz.o(x$fpl$dadd)
    _dadd1                                   0x00001595   Thumb Code     0  daddsub_clz.o(x$fpl$dadd)
    x$fpl$ddiv                               0x000016d4   Section      688  ddiv.o(x$fpl$ddiv)
    $v0                                      0x000016d4   Number         0  ddiv.o(x$fpl$ddiv)
    ddiv_entry                               0x000016db   Thumb Code     0  ddiv.o(x$fpl$ddiv)
    x$fpl$dfixu                              0x00001984   Section       90  dfixu.o(x$fpl$dfixu)
    $v0                                      0x00001984   Number         0  dfixu.o(x$fpl$dfixu)
    x$fpl$dfltu                              0x000019de   Section       38  dflt_clz.o(x$fpl$dfltu)
    $v0                                      0x000019de   Number         0  dflt_clz.o(x$fpl$dfltu)
    x$fpl$dmul                               0x00001a04   Section      340  dmul.o(x$fpl$dmul)
    $v0                                      0x00001a04   Number         0  dmul.o(x$fpl$dmul)
    x$fpl$dnaninf                            0x00001b58   Section      156  dnaninf.o(x$fpl$dnaninf)
    $v0                                      0x00001b58   Number         0  dnaninf.o(x$fpl$dnaninf)
    x$fpl$dretinf                            0x00001bf4   Section       12  dretinf.o(x$fpl$dretinf)
    $v0                                      0x00001bf4   Number         0  dretinf.o(x$fpl$dretinf)
    x$fpl$dsub                               0x00001c00   Section      468  daddsub_clz.o(x$fpl$dsub)
    $v0                                      0x00001c00   Number         0  daddsub_clz.o(x$fpl$dsub)
    _dsub1                                   0x00001c11   Thumb Code     0  daddsub_clz.o(x$fpl$dsub)
    x$fpl$fpinit                             0x00001dd4   Section       10  fpinit.o(x$fpl$fpinit)
    $v0                                      0x00001dd4   Number         0  fpinit.o(x$fpl$fpinit)
    x$fpl$usenofp                            0x00001dde   Section        0  usenofp.o(x$fpl$usenofp)
    .constdata                               0x00001de0   Section      596  sysctl.o(.constdata)
    g_pui32VCOFrequencies                    0x00001de0   Data           8  sysctl.o(.constdata)
    g_pui32Xtals                             0x00001de8   Data         108  sysctl.o(.constdata)
    g_pppui32XTALtoVCO                       0x00001e54   Data         432  sysctl.o(.constdata)
    g_sXTALtoMEMTIM                          0x00002004   Data          48  sysctl.o(.constdata)
    .data                                    0x20000000   Section       57  step_2.o(.data)
    .data                                    0x2000003c   Section        4  system_tm4c129.o(.data)
    .bss                                     0x20000040   Section       16  step_2.o(.bss)
    .bss                                     0x20000050   Section       96  libspace.o(.bss)
    HEAP                                     0x200000b0   Section        0  startup_tm4c129.o(HEAP)
    STACK                                    0x200000b0   Section      512  startup_tm4c129.o(STACK)
    Heap_Mem                                 0x200000b0   Data           0  startup_tm4c129.o(HEAP)
    Stack_Mem                                0x200000b0   Data         512  startup_tm4c129.o(STACK)
    __initial_sp                             0x200002b0   Data           0  startup_tm4c129.o(STACK)

    Global Symbols

    Symbol Name                              Value     Ov Type        Size  Object(Section)

    BuildAttributes$$THM_ISAv4$E$P$D$K$B$S$7EM$VFPi3$EXTD16$VFPS$VFMA$PE$A:L22UL41UL21$X:L11$S22US41US21$IEEE1$IW$USESV6$~STKCKD$USESV7$~SHL$OTIME$ROPI$EBA8$UX$STANDARDLIB$REQ8$PRES8$EABIv2 0x00000000   Number         0  anon$$obj.o ABSOLUTE
    __ARM_use_no_argv                        0x00000000   Number         0  step_2.o ABSOLUTE
    __Vectors                                0x00000000   Data           4  startup_tm4c129.o(RESET)
    __ARM_exceptions_init                     - Undefined Weak Reference
    __alloca_initialize                       - Undefined Weak Reference
    __arm_preinit_                            - Undefined Weak Reference
    __cpp_initialize__aeabi_                  - Undefined Weak Reference
    __cxa_finalize                            - Undefined Weak Reference
    __rt_locale                               - Undefined Weak Reference
    __sigvec_lookup                           - Undefined Weak Reference
    _atexit_init                              - Undefined Weak Reference
    _call_atexit_fns                          - Undefined Weak Reference
    _clock_init                               - Undefined Weak Reference
    _fp_trap_init                             - Undefined Weak Reference
    _fp_trap_shutdown                         - Undefined Weak Reference
    _get_lc_collate                           - Undefined Weak Reference
    _get_lc_ctype                             - Undefined Weak Reference
    _get_lc_monetary                          - Undefined Weak Reference
    _get_lc_numeric                           - Undefined Weak Reference
    _get_lc_time                              - Undefined Weak Reference
    _getenv_init                              - Undefined Weak Reference
    _handle_redirection                       - Undefined Weak Reference
    _init_alloc                               - Undefined Weak Reference
    _init_user_alloc                          - Undefined Weak Reference
    _initio                                   - Undefined Weak Reference
    _rand_init                                - Undefined Weak Reference
    _signal_finish                            - Undefined Weak Reference
    _signal_init                              - Undefined Weak Reference
    _terminate_alloc                          - Undefined Weak Reference
    _terminate_user_alloc                     - Undefined Weak Reference
    _terminateio                              - Undefined Weak Reference
    __Vectors_End                            0x00000200   Data           0  startup_tm4c129.o(RESET)
    __Vectors_Size                           0x00000200   Number         0  startup_tm4c129.o ABSOLUTE
    __main                                   0x00000201   Thumb Code     8  __main.o(!!!main)
    __scatterload                            0x00000209   Thumb Code     0  __scatter.o(!!!scatter)
    __scatterload_rt2                        0x00000209   Thumb Code    44  __scatter.o(!!!scatter)
    __scatterload_rt2_thumb_only             0x00000209   Thumb Code     0  __scatter.o(!!!scatter)
    __scatterload_null                       0x00000217   Thumb Code     0  __scatter.o(!!!scatter)
    __scatterload_copy                       0x0000023d   Thumb Code    26  __scatter_copy.o(!!handler_copy)
    __scatterload_zeroinit                   0x00000259   Thumb Code    28  __scatter_zi.o(!!handler_zi)
    __rt_lib_init                            0x00000275   Thumb Code     0  libinit.o(.ARM.Collect$$libinit$$00000000)
    __rt_lib_init_fp_1                       0x00000277   Thumb Code     0  libinit2.o(.ARM.Collect$$libinit$$00000001)
    __rt_lib_init_alloca_1                   0x0000027b   Thumb Code     0  libinit2.o(.ARM.Collect$$libinit$$0000002E)
    __rt_lib_init_argv_1                     0x0000027b   Thumb Code     0  libinit2.o(.ARM.Collect$$libinit$$0000002C)
    __rt_lib_init_atexit_1                   0x0000027b   Thumb Code     0  libinit2.o(.ARM.Collect$$libinit$$0000001B)
    __rt_lib_init_clock_1                    0x0000027b   Thumb Code     0  libinit2.o(.ARM.Collect$$libinit$$00000021)
    __rt_lib_init_cpp_1                      0x0000027b   Thumb Code     0  libinit2.o(.ARM.Collect$$libinit$$00000032)
    __rt_lib_init_exceptions_1               0x0000027b   Thumb Code     0  libinit2.o(.ARM.Collect$$libinit$$00000030)
    __rt_lib_init_fp_trap_1                  0x0000027b   Thumb Code     0  libinit2.o(.ARM.Collect$$libinit$$0000001F)
    __rt_lib_init_getenv_1                   0x0000027b   Thumb Code     0  libinit2.o(.ARM.Collect$$libinit$$00000023)
    __rt_lib_init_heap_1                     0x0000027b   Thumb Code     0  libinit2.o(.ARM.Collect$$libinit$$0000000A)
    __rt_lib_init_lc_collate_1               0x0000027b   Thumb Code     0  libinit2.o(.ARM.Collect$$libinit$$00000011)
    __rt_lib_init_lc_ctype_1                 0x0000027b   Thumb Code     0  libinit2.o(.ARM.Collect$$libinit$$00000013)
    __rt_lib_init_lc_monetary_1              0x0000027b   Thumb Code     0  libinit2.o(.ARM.Collect$$libinit$$00000015)
    __rt_lib_init_lc_numeric_1               0x0000027b   Thumb Code     0  libinit2.o(.ARM.Collect$$libinit$$00000017)
    __rt_lib_init_lc_time_1                  0x0000027b   Thumb Code     0  libinit2.o(.ARM.Collect$$libinit$$00000019)
    __rt_lib_init_preinit_1                  0x0000027b   Thumb Code     0  libinit2.o(.ARM.Collect$$libinit$$00000004)
    __rt_lib_init_rand_1                     0x0000027b   Thumb Code     0  libinit2.o(.ARM.Collect$$libinit$$0000000E)
    __rt_lib_init_return                     0x0000027b   Thumb Code     0  libinit2.o(.ARM.Collect$$libinit$$00000033)
    __rt_lib_init_signal_1                   0x0000027b   Thumb Code     0  libinit2.o(.ARM.Collect$$libinit$$0000001D)
    __rt_lib_init_stdio_1                    0x0000027b   Thumb Code     0  libinit2.o(.ARM.Collect$$libinit$$00000025)
    __rt_lib_init_user_alloc_1               0x0000027b   Thumb Code     0  libinit2.o(.ARM.Collect$$libinit$$0000000C)
    __rt_lib_shutdown                        0x0000027d   Thumb Code     0  libshutdown.o(.ARM.Collect$$libshutdown$$00000000)
    __rt_lib_shutdown_cpp_1                  0x0000027f   Thumb Code     0  libshutdown2.o(.ARM.Collect$$libshutdown$$00000002)
    __rt_lib_shutdown_fp_trap_1              0x0000027f   Thumb Code     0  libshutdown2.o(.ARM.Collect$$libshutdown$$00000007)
    __rt_lib_shutdown_heap_1                 0x0000027f   Thumb Code     0  libshutdown2.o(.ARM.Collect$$libshutdown$$0000000F)
    __rt_lib_shutdown_return                 0x0000027f   Thumb Code     0  libshutdown2.o(.ARM.Collect$$libshutdown$$00000010)
    __rt_lib_shutdown_signal_1               0x0000027f   Thumb Code     0  libshutdown2.o(.ARM.Collect$$libshutdown$$0000000A)
    __rt_lib_shutdown_stdio_1                0x0000027f   Thumb Code     0  libshutdown2.o(.ARM.Collect$$libshutdown$$00000004)
    __rt_lib_shutdown_user_alloc_1           0x0000027f   Thumb Code     0  libshutdown2.o(.ARM.Collect$$libshutdown$$0000000C)
    __rt_entry                               0x00000281   Thumb Code     0  __rtentry.o(.ARM.Collect$$rtentry$$00000000)
    __rt_entry_presh_1                       0x00000281   Thumb Code     0  __rtentry2.o(.ARM.Collect$$rtentry$$00000002)
    __rt_entry_sh                            0x00000281   Thumb Code     0  __rtentry4.o(.ARM.Collect$$rtentry$$00000004)
    __rt_entry_li                            0x00000287   Thumb Code     0  __rtentry2.o(.ARM.Collect$$rtentry$$0000000A)
    __rt_entry_postsh_1                      0x00000287   Thumb Code     0  __rtentry2.o(.ARM.Collect$$rtentry$$00000009)
    __rt_entry_main                          0x0000028b   Thumb Code     0  __rtentry2.o(.ARM.Collect$$rtentry$$0000000D)
    __rt_entry_postli_1                      0x0000028b   Thumb Code     0  __rtentry2.o(.ARM.Collect$$rtentry$$0000000C)
    __rt_exit                                0x00000293   Thumb Code     0  rtexit.o(.ARM.Collect$$rtexit$$00000000)
    __rt_exit_ls                             0x00000295   Thumb Code     0  rtexit2.o(.ARM.Collect$$rtexit$$00000003)
    __rt_exit_prels_1                        0x00000295   Thumb Code     0  rtexit2.o(.ARM.Collect$$rtexit$$00000002)
    __rt_exit_exit                           0x00000299   Thumb Code     0  rtexit2.o(.ARM.Collect$$rtexit$$00000004)
    CPUcpsid                                 0x000002a1   Thumb Code     8  cpu.o(.emb_text)
    CPUprimask                               0x000002a9   Thumb Code     6  cpu.o(.emb_text)
    CPUcpsie                                 0x000002af   Thumb Code     8  cpu.o(.emb_text)
    CPUwfi                                   0x000002b7   Thumb Code     4  cpu.o(.emb_text)
    CPUbasepriSet                            0x000002bb   Thumb Code     6  cpu.o(.emb_text)
    CPUbasepriGet                            0x000002c1   Thumb Code     6  cpu.o(.emb_text)
    Reset_Handler                            0x000002c9   Thumb Code     8  startup_tm4c129.o(.text)
    NMI_Handler                              0x000002d1   Thumb Code     2  startup_tm4c129.o(.text)
    HardFault_Handler                        0x000002d3   Thumb Code     2  startup_tm4c129.o(.text)
    MemManage_Handler                        0x000002d5   Thumb Code     2  startup_tm4c129.o(.text)
    BusFault_Handler                         0x000002d7   Thumb Code     2  startup_tm4c129.o(.text)
    UsageFault_Handler                       0x000002d9   Thumb Code     2  startup_tm4c129.o(.text)
    SVC_Handler                              0x000002db   Thumb Code     2  startup_tm4c129.o(.text)
    DebugMon_Handler                         0x000002dd   Thumb Code     2  startup_tm4c129.o(.text)
    PendSV_Handler                           0x000002df   Thumb Code     2  startup_tm4c129.o(.text)
    GPIOA_Handler                            0x000002e3   Thumb Code     2  startup_tm4c129.o(.text)
    GPIOB_Handler                            0x000002e5   Thumb Code     2  startup_tm4c129.o(.text)
    GPIOC_Handler                            0x000002e7   Thumb Code     2  startup_tm4c129.o(.text)
    GPIOD_Handler                            0x000002e9   Thumb Code     2  startup_tm4c129.o(.text)
    GPIOE_Handler                            0x000002eb   Thumb Code     2  startup_tm4c129.o(.text)
    UART0_Handler                            0x000002ed   Thumb Code     2  startup_tm4c129.o(.text)
    UART1_Handler                            0x000002ef   Thumb Code     2  startup_tm4c129.o(.text)
    SSI0_Handler                             0x000002f1   Thumb Code     2  startup_tm4c129.o(.text)
    I2C0_Handler                             0x000002f3   Thumb Code     2  startup_tm4c129.o(.text)
    PMW0_FAULT_Handler                       0x000002f5   Thumb Code     2  startup_tm4c129.o(.text)
    PWM0_0_Handler                           0x000002f7   Thumb Code     2  startup_tm4c129.o(.text)
    PWM0_1_Handler                           0x000002f9   Thumb Code     2  startup_tm4c129.o(.text)
    PWM0_2_Handler                           0x000002fb   Thumb Code     2  startup_tm4c129.o(.text)
    QEI0_Handler                             0x000002fd   Thumb Code     2  startup_tm4c129.o(.text)
    ADC0SS0_Handler                          0x000002ff   Thumb Code     2  startup_tm4c129.o(.text)
    ADC0SS1_Handler                          0x00000301   Thumb Code     2  startup_tm4c129.o(.text)
    ADC0SS2_Handler                          0x00000303   Thumb Code     2  startup_tm4c129.o(.text)
    ADC0SS3_Handler                          0x00000305   Thumb Code     2  startup_tm4c129.o(.text)
    WDT0_Handler                             0x00000307   Thumb Code     2  startup_tm4c129.o(.text)
    TIMER0A_Handler                          0x00000309   Thumb Code     2  startup_tm4c129.o(.text)
    TIMER0B_Handler                          0x0000030b   Thumb Code     2  startup_tm4c129.o(.text)
    TIMER1A_Handler                          0x0000030d   Thumb Code     2  startup_tm4c129.o(.text)
    TIMER1B_Handler                          0x0000030f   Thumb Code     2  startup_tm4c129.o(.text)
    TIMER2A_Handler                          0x00000311   Thumb Code     2  startup_tm4c129.o(.text)
    TIMER2B_Handler                          0x00000313   Thumb Code     2  startup_tm4c129.o(.text)
    COMP0_Handler                            0x00000315   Thumb Code     2  startup_tm4c129.o(.text)
    COMP1_Handler                            0x00000317   Thumb Code     2  startup_tm4c129.o(.text)
    COMP2_Handler                            0x00000319   Thumb Code     2  startup_tm4c129.o(.text)
    SYSCTL_Handler                           0x0000031b   Thumb Code     2  startup_tm4c129.o(.text)
    FLASH_Handler                            0x0000031d   Thumb Code     2  startup_tm4c129.o(.text)
    GPIOF_Handler                            0x0000031f   Thumb Code     2  startup_tm4c129.o(.text)
    GPIOG_Handler                            0x00000321   Thumb Code     2  startup_tm4c129.o(.text)
    GPIOH_Handler                            0x00000323   Thumb Code     2  startup_tm4c129.o(.text)
    UART2_Handler                            0x00000325   Thumb Code     2  startup_tm4c129.o(.text)
    SSI1_Handler                             0x00000327   Thumb Code     2  startup_tm4c129.o(.text)
    TIMER3A_Handler                          0x00000329   Thumb Code     2  startup_tm4c129.o(.text)
    TIMER3B_Handler                          0x0000032b   Thumb Code     2  startup_tm4c129.o(.text)
    I2C1_Handler                             0x0000032d   Thumb Code     2  startup_tm4c129.o(.text)
    CAN0_Handler                             0x0000032f   Thumb Code     2  startup_tm4c129.o(.text)
    CAN1_Handler                             0x00000331   Thumb Code     2  startup_tm4c129.o(.text)
    ETH_Handler                              0x00000333   Thumb Code     2  startup_tm4c129.o(.text)
    HIB_Handler                              0x00000335   Thumb Code     2  startup_tm4c129.o(.text)
    USB0_Handler                             0x00000337   Thumb Code     2  startup_tm4c129.o(.text)
    PWM0_3_Handler                           0x00000339   Thumb Code     2  startup_tm4c129.o(.text)
    UDMA_Handler                             0x0000033b   Thumb Code     2  startup_tm4c129.o(.text)
    UDMAERR_Handler                          0x0000033d   Thumb Code     2  startup_tm4c129.o(.text)
    ADC1SS0_Handler                          0x0000033f   Thumb Code     2  startup_tm4c129.o(.text)
    ADC1SS1_Handler                          0x00000341   Thumb Code     2  startup_tm4c129.o(.text)
    ADC1SS2_Handler                          0x00000343   Thumb Code     2  startup_tm4c129.o(.text)
    ADC1SS3_Handler                          0x00000345   Thumb Code     2  startup_tm4c129.o(.text)
    EBI0_Handler                             0x00000347   Thumb Code     2  startup_tm4c129.o(.text)
    GPIOJ_Handler                            0x00000349   Thumb Code     2  startup_tm4c129.o(.text)
    GPIOK_Handler                            0x0000034b   Thumb Code     2  startup_tm4c129.o(.text)
    GPIOL_Handler                            0x0000034d   Thumb Code     2  startup_tm4c129.o(.text)
    SSI2_Handler                             0x0000034f   Thumb Code     2  startup_tm4c129.o(.text)
    SSI3_Handler                             0x00000351   Thumb Code     2  startup_tm4c129.o(.text)
    UART3_Handler                            0x00000353   Thumb Code     2  startup_tm4c129.o(.text)
    UART4_Handler                            0x00000355   Thumb Code     2  startup_tm4c129.o(.text)
    UART5_Handler                            0x00000357   Thumb Code     2  startup_tm4c129.o(.text)
    UART6_Handler                            0x00000359   Thumb Code     2  startup_tm4c129.o(.text)
    UART7_Handler                            0x0000035b   Thumb Code     2  startup_tm4c129.o(.text)
    I2C2_Handler                             0x0000035d   Thumb Code     2  startup_tm4c129.o(.text)
    I2C3_Handler                             0x0000035f   Thumb Code     2  startup_tm4c129.o(.text)
    TIMER4A_Handler                          0x00000361   Thumb Code     2  startup_tm4c129.o(.text)
    TIMER4B_Handler                          0x00000363   Thumb Code     2  startup_tm4c129.o(.text)
    TIMER5A_Handler                          0x00000365   Thumb Code     2  startup_tm4c129.o(.text)
    TIMER5B_Handler                          0x00000367   Thumb Code     2  startup_tm4c129.o(.text)
    WTIMER0A_Handler                         0x00000369   Thumb Code     2  startup_tm4c129.o(.text)
    WTIMER0B_Handler                         0x0000036b   Thumb Code     2  startup_tm4c129.o(.text)
    WTIMER1A_Handler                         0x0000036d   Thumb Code     2  startup_tm4c129.o(.text)
    WTIMER1B_Handler                         0x0000036f   Thumb Code     2  startup_tm4c129.o(.text)
    WTIMER2A_Handler                         0x00000371   Thumb Code     2  startup_tm4c129.o(.text)
    WTIMER2B_Handler                         0x00000373   Thumb Code     2  startup_tm4c129.o(.text)
    WTIMER3A_Handler                         0x00000375   Thumb Code     2  startup_tm4c129.o(.text)
    WTIMER3B_Handler                         0x00000377   Thumb Code     2  startup_tm4c129.o(.text)
    WTIMER4A_Handler                         0x00000379   Thumb Code     2  startup_tm4c129.o(.text)
    WTIMER4B_Handler                         0x0000037b   Thumb Code     2  startup_tm4c129.o(.text)
    WTIMER5A_Handler                         0x0000037d   Thumb Code     2  startup_tm4c129.o(.text)
    WTIMER5B_Handler                         0x0000037f   Thumb Code     2  startup_tm4c129.o(.text)
    FPU_Handler                              0x00000381   Thumb Code     2  startup_tm4c129.o(.text)
    I2C4_Handler                             0x00000383   Thumb Code     2  startup_tm4c129.o(.text)
    I2C5_Handler                             0x00000385   Thumb Code     2  startup_tm4c129.o(.text)
    GPIOM_Handler                            0x00000387   Thumb Code     2  startup_tm4c129.o(.text)
    GPION_Handler                            0x00000389   Thumb Code     2  startup_tm4c129.o(.text)
    TAMPER_Handler                           0x0000038b   Thumb Code     2  startup_tm4c129.o(.text)
    GPIOP0_Handler                           0x0000038d   Thumb Code     2  startup_tm4c129.o(.text)
    GPIOP1_Handler                           0x0000038f   Thumb Code     2  startup_tm4c129.o(.text)
    GPIOP2_Handler                           0x00000391   Thumb Code     2  startup_tm4c129.o(.text)
    GPIOP3_Handler                           0x00000393   Thumb Code     2  startup_tm4c129.o(.text)
    GPIOP4_Handler                           0x00000395   Thumb Code     2  startup_tm4c129.o(.text)
    GPIOP5_Handler                           0x00000397   Thumb Code     2  startup_tm4c129.o(.text)
    GPIOP6_Handler                           0x00000399   Thumb Code     2  startup_tm4c129.o(.text)
    GPIOP7_Handler                           0x0000039b   Thumb Code     2  startup_tm4c129.o(.text)
    GPIOQ0_Handler                           0x0000039d   Thumb Code     2  startup_tm4c129.o(.text)
    GPIOQ1_Handler                           0x0000039f   Thumb Code     2  startup_tm4c129.o(.text)
    GPIOQ2_Handler                           0x000003a1   Thumb Code     2  startup_tm4c129.o(.text)
    GPIOQ3_Handler                           0x000003a3   Thumb Code     2  startup_tm4c129.o(.text)
    GPIOQ4_Handler                           0x000003a5   Thumb Code     2  startup_tm4c129.o(.text)
    GPIOQ5_Handler                           0x000003a7   Thumb Code     2  startup_tm4c129.o(.text)
    GPIOQ6_Handler                           0x000003a9   Thumb Code     2  startup_tm4c129.o(.text)
    GPIOQ7_Handler                           0x000003ab   Thumb Code     2  startup_tm4c129.o(.text)
    GPIOR_Handler                            0x000003ad   Thumb Code     2  startup_tm4c129.o(.text)
    GPIOS_Handler                            0x000003af   Thumb Code     2  startup_tm4c129.o(.text)
    SHAMD5_Handler                           0x000003b1   Thumb Code     2  startup_tm4c129.o(.text)
    AES_Handler                              0x000003b3   Thumb Code     2  startup_tm4c129.o(.text)
    DES3DES_Handler                          0x000003b5   Thumb Code     2  startup_tm4c129.o(.text)
    LCDCONTROLLER_Handler                    0x000003b7   Thumb Code     2  startup_tm4c129.o(.text)
    TIMER6A_Handler                          0x000003b9   Thumb Code     2  startup_tm4c129.o(.text)
    TIMER6B_Handler                          0x000003bb   Thumb Code     2  startup_tm4c129.o(.text)
    TIMER7A_Handler                          0x000003bd   Thumb Code     2  startup_tm4c129.o(.text)
    TIMER7B_Handler                          0x000003bf   Thumb Code     2  startup_tm4c129.o(.text)
    I2C6_Handler                             0x000003c1   Thumb Code     2  startup_tm4c129.o(.text)
    I2C7_Handler                             0x000003c3   Thumb Code     2  startup_tm4c129.o(.text)
    HIMSCANKEYBOARD_Handler                  0x000003c5   Thumb Code     2  startup_tm4c129.o(.text)
    ONEWIRE_Handler                          0x000003c7   Thumb Code     2  startup_tm4c129.o(.text)
    HIMPS2_Handler                           0x000003c9   Thumb Code     2  startup_tm4c129.o(.text)
    HIMLEDSEQUENCER_Handler                  0x000003cb   Thumb Code     2  startup_tm4c129.o(.text)
    HIMCONSUMERIR_Handler                    0x000003cd   Thumb Code     2  startup_tm4c129.o(.text)
    I2C8_Handler                             0x000003cf   Thumb Code     2  startup_tm4c129.o(.text)
    I2C9_Handler                             0x000003d1   Thumb Code     2  startup_tm4c129.o(.text)
    GPIOT_Handler                            0x000003d3   Thumb Code     2  startup_tm4c129.o(.text)
    __user_initial_stackheap                 0x000003d5   Thumb Code     0  startup_tm4c129.o(.text)
    __aeabi_memclr4                          0x000003f5   Thumb Code     0  rt_memclr_w.o(.text)
    __aeabi_memclr8                          0x000003f5   Thumb Code     0  rt_memclr_w.o(.text)
    __rt_memclr_w                            0x000003f5   Thumb Code    78  rt_memclr_w.o(.text)
    _memset_w                                0x000003f9   Thumb Code     0  rt_memclr_w.o(.text)
    __use_two_region_memory                  0x00000443   Thumb Code     2  heapauxi.o(.text)
    __rt_heap_escrow$2region                 0x00000445   Thumb Code     2  heapauxi.o(.text)
    __rt_heap_expand$2region                 0x00000447   Thumb Code     2  heapauxi.o(.text)
    __user_setup_stackheap                   0x00000449   Thumb Code    74  sys_stackheap_outer.o(.text)
    exit                                     0x00000493   Thumb Code    18  exit.o(.text)
    __user_libspace                          0x000004a5   Thumb Code     8  libspace.o(.text)
    __user_perproc_libspace                  0x000004a5   Thumb Code     0  libspace.o(.text)
    __user_perthread_libspace                0x000004a5   Thumb Code     0  libspace.o(.text)
    _sys_exit                                0x000004ad   Thumb Code     8  sys_exit.o(.text)
    __I$use$semihosting                      0x000004b9   Thumb Code     0  use_no_semi.o(.text)
    __use_no_semihosting_swi                 0x000004b9   Thumb Code     2  use_no_semi.o(.text)
    __semihosting_library_function           0x000004bb   Thumb Code     0  indicate_semi.o(.text)
    ADCInit                                  0x000004bd   Thumb Code    76  step_2.o(i.ADCInit)
    ADCIntClear                              0x00000519   Thumb Code    10  adc.o(i.ADCIntClear)
    ADCIntStatus                             0x00000523   Thumb Code    52  adc.o(i.ADCIntStatus)
    ADCProcessorTrigger                      0x00000557   Thumb Code    26  adc.o(i.ADCProcessorTrigger)
    ADCSequenceConfigure                     0x00000571   Thumb Code    96  adc.o(i.ADCSequenceConfigure)
    ADCSequenceDataGet                       0x000005d1   Thumb Code    36  adc.o(i.ADCSequenceDataGet)
    ADCSequenceEnable                        0x000005f5   Thumb Code    14  adc.o(i.ADCSequenceEnable)
    ADCSequenceStepConfigure                 0x00000603   Thumb Code   154  adc.o(i.ADCSequenceStepConfigure)
    ADC_Sample                               0x0000069d   Thumb Code    46  step_2.o(i.ADC_Sample)
    DAC6571_Byte_Transmission                0x000006d5   Thumb Code   106  dac6571.o(i.DAC6571_Byte_Transmission)
    DAC6571_Fastmode_Operation               0x00000745   Thumb Code   110  dac6571.o(i.DAC6571_Fastmode_Operation)
    DevicesInit                              0x000007b9   Thumb Code    32  step_2.o(i.DevicesInit)
    GPIODirModeSet                           0x000007e5   Thumb Code    40  gpio.o(i.GPIODirModeSet)
    GPIOInit                                 0x0000080d   Thumb Code   120  step_2.o(i.GPIOInit)
    GPIOPadConfigSet                         0x00000899   Thumb Code   312  gpio.o(i.GPIOPadConfigSet)
    GPIOPinRead                              0x000009d1   Thumb Code     6  gpio.o(i.GPIOPinRead)
    GPIOPinTypeADC                           0x000009d7   Thumb Code    28  gpio.o(i.GPIOPinTypeADC)
    GPIOPinTypeGPIOInput                     0x000009f3   Thumb Code    28  gpio.o(i.GPIOPinTypeGPIOInput)
    GPIOPinTypeGPIOOutput                    0x00000a0f   Thumb Code    28  gpio.o(i.GPIOPinTypeGPIOOutput)
    GPIOPinWrite                             0x00000a2b   Thumb Code     6  gpio.o(i.GPIOPinWrite)
    IntMasterEnable                          0x00000a31   Thumb Code    14  interrupt.o(i.IntMasterEnable)
    SysCtlClockFreqSet                       0x00000a41   Thumb Code   700  sysctl.o(i.SysCtlClockFreqSet)
    SysCtlPeripheralEnable                   0x00000d25   Thumb Code    36  sysctl.o(i.SysCtlPeripheralEnable)
    SysCtlPeripheralReady                    0x00000d4d   Thumb Code    40  sysctl.o(i.SysCtlPeripheralReady)
    SysTickEnable                            0x00000d79   Thumb Code    14  systick.o(i.SysTickEnable)
    SysTickInit                              0x00000d89   Thumb Code    28  step_2.o(i.SysTickInit)
    SysTickIntEnable                         0x00000da9   Thumb Code    14  systick.o(i.SysTickIntEnable)
    SysTickPeriodSet                         0x00000db7   Thumb Code    10  systick.o(i.SysTickPeriodSet)
    SysTick_Handler                          0x00000dc1   Thumb Code   402  step_2.o(i.SysTick_Handler)
    SystemInit                               0x00000f99   Thumb Code    20  system_tm4c129.o(i.SystemInit)
    TM1638_DigiSegment                       0x00000fb9   Thumb Code   260  tm1638.o(i.TM1638_DigiSegment)
    TM1638_Init                              0x000010bd   Thumb Code    30  tm1638.o(i.TM1638_Init)
    TM1638_Readkeyboard                      0x000010e1   Thumb Code   156  tm1638.o(i.TM1638_Readkeyboard)
    TM1638_RefreshDIGIandLED                 0x00001181   Thumb Code   150  tm1638.o(i.TM1638_RefreshDIGIandLED)
    TM1638_Serial_Input                      0x0000121d   Thumb Code    76  tm1638.o(i.TM1638_Serial_Input)
    TM1638_Serial_Output                     0x00001271   Thumb Code    74  tm1638.o(i.TM1638_Serial_Output)
    main                                     0x000012c5   Thumb Code   590  step_2.o(i.main)
    __aeabi_dadd                             0x00001585   Thumb Code     0  daddsub_clz.o(x$fpl$dadd)
    _dadd                                    0x00001585   Thumb Code   332  daddsub_clz.o(x$fpl$dadd)
    __aeabi_ddiv                             0x000016d5   Thumb Code     0  ddiv.o(x$fpl$ddiv)
    _ddiv                                    0x000016d5   Thumb Code   552  ddiv.o(x$fpl$ddiv)
    __aeabi_d2uiz                            0x00001985   Thumb Code     0  dfixu.o(x$fpl$dfixu)
    _dfixu                                   0x00001985   Thumb Code    90  dfixu.o(x$fpl$dfixu)
    __aeabi_ui2d                             0x000019df   Thumb Code     0  dflt_clz.o(x$fpl$dfltu)
    _dfltu                                   0x000019df   Thumb Code    38  dflt_clz.o(x$fpl$dfltu)
    __aeabi_dmul                             0x00001a05   Thumb Code     0  dmul.o(x$fpl$dmul)
    _dmul                                    0x00001a05   Thumb Code   332  dmul.o(x$fpl$dmul)
    __fpl_dnaninf                            0x00001b59   Thumb Code   156  dnaninf.o(x$fpl$dnaninf)
    __fpl_dretinf                            0x00001bf5   Thumb Code    12  dretinf.o(x$fpl$dretinf)
    __aeabi_dsub                             0x00001c01   Thumb Code     0  daddsub_clz.o(x$fpl$dsub)
    _dsub                                    0x00001c01   Thumb Code   464  daddsub_clz.o(x$fpl$dsub)
    _fp_init                                 0x00001dd5   Thumb Code    10  fpinit.o(x$fpl$fpinit)
    __fplib_config_fpu_vfp                   0x00001ddd   Thumb Code     0  fpinit.o(x$fpl$fpinit)
    __fplib_config_pureend_doubles           0x00001ddd   Thumb Code     0  fpinit.o(x$fpl$fpinit)
    __I$use$fp                               0x00001dde   Number         0  usenofp.o(x$fpl$usenofp)
    Region$$Table$$Base                      0x00002034   Number         0  anon$$obj.o(Region$$Table)
    Region$$Table$$Limit                     0x00002054   Number         0  anon$$obj.o(Region$$Table)
    clock500ms                               0x20000000   Data           1  step_2.o(.data)
    clock500ms_flag                          0x20000001   Data           1  step_2.o(.data)
    clock40ms                                0x20000002   Data           1  step_2.o(.data)
    clock100ms                               0x20000003   Data           1  step_2.o(.data)
    clock200ms                               0x20000004   Data           1  step_2.o(.data)
    clock40ms_flag                           0x20000005   Data           1  step_2.o(.data)
    clock100ms_flag                          0x20000006   Data           1  step_2.o(.data)
    clock200ms_flag                          0x20000007   Data           1  step_2.o(.data)
    digit                                    0x20000008   Data           8  step_2.o(.data)
    pnt                                      0x20000010   Data           1  step_2.o(.data)
    led                                      0x20000011   Data           8  step_2.o(.data)
    ui32SysClock                             0x2000001c   Data           4  step_2.o(.data)
    key_code                                 0x20000020   Data           1  step_2.o(.data)
    key_cnt                                  0x20000021   Data           1  step_2.o(.data)
    DAC6571_code                             0x20000024   Data           4  step_2.o(.data)
    target_current                           0x20000028   Data           4  step_2.o(.data)
    DAC6571_voltage                          0x2000002c   Data           4  step_2.o(.data)
    DAC6571_flag                             0x20000030   Data           1  step_2.o(.data)
    max_current                              0x20000034   Data           4  step_2.o(.data)
    output_flag                              0x20000038   Data           1  step_2.o(.data)
    SystemCoreClock                          0x2000003c   Data           4  system_tm4c129.o(.data)
    pui32ADC0Value                           0x20000040   Data          16  step_2.o(.bss)
    __libspace_start                         0x20000050   Data          96  libspace.o(.bss)
    __temporary_stack_top$libspace           0x200000b0   Data           0  libspace.o(.bss)



==============================================================================

Memory Map of the image

  Image Entry point : 0x00000201

  Load Region LR_IROM1 (Base: 0x00000000, Size: 0x00002094, Max: 0x00100000, ABSOLUTE)

    Execution Region ER_IROM1 (Base: 0x00000000, Size: 0x00002054, Max: 0x00100000, ABSOLUTE)

    Base Addr    Size         Type   Attr      Idx    E Section Name        Object

    0x00000000   0x00000200   Data   RO          163    RESET               startup_tm4c129.o
    0x00000200   0x00000008   Code   RO         1348  * !!!main             c_w.l(__main.o)
    0x00000208   0x00000034   Code   RO         1532    !!!scatter          c_w.l(__scatter.o)
    0x0000023c   0x0000001a   Code   RO         1534    !!handler_copy      c_w.l(__scatter_copy.o)
    0x00000256   0x00000002   PAD
    0x00000258   0x0000001c   Code   RO         1536    !!handler_zi        c_w.l(__scatter_zi.o)
    0x00000274   0x00000002   Code   RO         1402    .ARM.Collect$$libinit$$00000000  c_w.l(libinit.o)
    0x00000276   0x00000004   Code   RO         1408    .ARM.Collect$$libinit$$00000001  c_w.l(libinit2.o)
    0x0000027a   0x00000000   Code   RO         1411    .ARM.Collect$$libinit$$00000004  c_w.l(libinit2.o)
    0x0000027a   0x00000000   Code   RO         1414    .ARM.Collect$$libinit$$0000000A  c_w.l(libinit2.o)
    0x0000027a   0x00000000   Code   RO         1416    .ARM.Collect$$libinit$$0000000C  c_w.l(libinit2.o)
    0x0000027a   0x00000000   Code   RO         1418    .ARM.Collect$$libinit$$0000000E  c_w.l(libinit2.o)
    0x0000027a   0x00000000   Code   RO         1421    .ARM.Collect$$libinit$$00000011  c_w.l(libinit2.o)
    0x0000027a   0x00000000   Code   RO         1423    .ARM.Collect$$libinit$$00000013  c_w.l(libinit2.o)
    0x0000027a   0x00000000   Code   RO         1425    .ARM.Collect$$libinit$$00000015  c_w.l(libinit2.o)
    0x0000027a   0x00000000   Code   RO         1427    .ARM.Collect$$libinit$$00000017  c_w.l(libinit2.o)
    0x0000027a   0x00000000   Code   RO         1429    .ARM.Collect$$libinit$$00000019  c_w.l(libinit2.o)
    0x0000027a   0x00000000   Code   RO         1431    .ARM.Collect$$libinit$$0000001B  c_w.l(libinit2.o)
    0x0000027a   0x00000000   Code   RO         1433    .ARM.Collect$$libinit$$0000001D  c_w.l(libinit2.o)
    0x0000027a   0x00000000   Code   RO         1435    .ARM.Collect$$libinit$$0000001F  c_w.l(libinit2.o)
    0x0000027a   0x00000000   Code   RO         1437    .ARM.Collect$$libinit$$00000021  c_w.l(libinit2.o)
    0x0000027a   0x00000000   Code   RO         1439    .ARM.Collect$$libinit$$00000023  c_w.l(libinit2.o)
    0x0000027a   0x00000000   Code   RO         1441    .ARM.Collect$$libinit$$00000025  c_w.l(libinit2.o)
    0x0000027a   0x00000000   Code   RO         1445    .ARM.Collect$$libinit$$0000002C  c_w.l(libinit2.o)
    0x0000027a   0x00000000   Code   RO         1447    .ARM.Collect$$libinit$$0000002E  c_w.l(libinit2.o)
    0x0000027a   0x00000000   Code   RO         1449    .ARM.Collect$$libinit$$00000030  c_w.l(libinit2.o)
    0x0000027a   0x00000000   Code   RO         1451    .ARM.Collect$$libinit$$00000032  c_w.l(libinit2.o)
    0x0000027a   0x00000002   Code   RO         1452    .ARM.Collect$$libinit$$00000033  c_w.l(libinit2.o)
    0x0000027c   0x00000002   Code   RO         1472    .ARM.Collect$$libshutdown$$00000000  c_w.l(libshutdown.o)
    0x0000027e   0x00000000   Code   RO         1485    .ARM.Collect$$libshutdown$$00000002  c_w.l(libshutdown2.o)
    0x0000027e   0x00000000   Code   RO         1487    .ARM.Collect$$libshutdown$$00000004  c_w.l(libshutdown2.o)
    0x0000027e   0x00000000   Code   RO         1490    .ARM.Collect$$libshutdown$$00000007  c_w.l(libshutdown2.o)
    0x0000027e   0x00000000   Code   RO         1493    .ARM.Collect$$libshutdown$$0000000A  c_w.l(libshutdown2.o)
    0x0000027e   0x00000000   Code   RO         1495    .ARM.Collect$$libshutdown$$0000000C  c_w.l(libshutdown2.o)
    0x0000027e   0x00000000   Code   RO         1498    .ARM.Collect$$libshutdown$$0000000F  c_w.l(libshutdown2.o)
    0x0000027e   0x00000002   Code   RO         1499    .ARM.Collect$$libshutdown$$00000010  c_w.l(libshutdown2.o)
    0x00000280   0x00000000   Code   RO         1372    .ARM.Collect$$rtentry$$00000000  c_w.l(__rtentry.o)
    0x00000280   0x00000000   Code   RO         1379    .ARM.Collect$$rtentry$$00000002  c_w.l(__rtentry2.o)
    0x00000280   0x00000006   Code   RO         1391    .ARM.Collect$$rtentry$$00000004  c_w.l(__rtentry4.o)
    0x00000286   0x00000000   Code   RO         1381    .ARM.Collect$$rtentry$$00000009  c_w.l(__rtentry2.o)
    0x00000286   0x00000004   Code   RO         1382    .ARM.Collect$$rtentry$$0000000A  c_w.l(__rtentry2.o)
    0x0000028a   0x00000000   Code   RO         1384    .ARM.Collect$$rtentry$$0000000C  c_w.l(__rtentry2.o)
    0x0000028a   0x00000008   Code   RO         1385    .ARM.Collect$$rtentry$$0000000D  c_w.l(__rtentry2.o)
    0x00000292   0x00000002   Code   RO         1406    .ARM.Collect$$rtexit$$00000000  c_w.l(rtexit.o)
    0x00000294   0x00000000   Code   RO         1454    .ARM.Collect$$rtexit$$00000002  c_w.l(rtexit2.o)
    0x00000294   0x00000004   Code   RO         1455    .ARM.Collect$$rtexit$$00000003  c_w.l(rtexit2.o)
    0x00000298   0x00000006   Code   RO         1456    .ARM.Collect$$rtexit$$00000004  c_w.l(rtexit2.o)
    0x0000029e   0x00000002   PAD
    0x000002a0   0x00000026   Code   RO         1332    .emb_text           driverlib.lib(cpu.o)
    0x000002c6   0x00000002   PAD
    0x000002c8   0x0000012c   Code   RO          164    .text               startup_tm4c129.o
    0x000003f4   0x0000004e   Code   RO         1344    .text               c_w.l(rt_memclr_w.o)
    0x00000442   0x00000006   Code   RO         1346    .text               c_w.l(heapauxi.o)
    0x00000448   0x0000004a   Code   RO         1393    .text               c_w.l(sys_stackheap_outer.o)
    0x00000492   0x00000012   Code   RO         1395    .text               c_w.l(exit.o)
    0x000004a4   0x00000008   Code   RO         1403    .text               c_w.l(libspace.o)
    0x000004ac   0x0000000c   Code   RO         1464    .text               c_w.l(sys_exit.o)
    0x000004b8   0x00000002   Code   RO         1475    .text               c_w.l(use_no_semi.o)
    0x000004ba   0x00000000   Code   RO         1477    .text               c_w.l(indicate_semi.o)
    0x000004ba   0x00000002   PAD
    0x000004bc   0x0000005c   Code   RO          100    i.ADCInit           step_2.o
    0x00000518   0x0000000a   Code   RO          231    i.ADCIntClear       driverlib.lib(adc.o)
    0x00000522   0x00000034   Code   RO          238    i.ADCIntStatus      driverlib.lib(adc.o)
    0x00000556   0x0000001a   Code   RO          243    i.ADCProcessorTrigger  driverlib.lib(adc.o)
    0x00000570   0x00000060   Code   RO          246    i.ADCSequenceConfigure  driverlib.lib(adc.o)
    0x000005d0   0x00000024   Code   RO          249    i.ADCSequenceDataGet  driverlib.lib(adc.o)
    0x000005f4   0x0000000e   Code   RO          251    i.ADCSequenceEnable  driverlib.lib(adc.o)
    0x00000602   0x0000009a   Code   RO          254    i.ADCSequenceStepConfigure  driverlib.lib(adc.o)
    0x0000069c   0x00000038   Code   RO          101    i.ADC_Sample        step_2.o
    0x000006d4   0x00000070   Code   RO           72    i.DAC6571_Byte_Transmission  dac6571.o
    0x00000744   0x00000074   Code   RO           73    i.DAC6571_Fastmode_Operation  dac6571.o
    0x000007b8   0x0000002c   Code   RO          102    i.DevicesInit       step_2.o
    0x000007e4   0x00000028   Code   RO          503    i.GPIODirModeSet    driverlib.lib(gpio.o)
    0x0000080c   0x0000008c   Code   RO          103    i.GPIOInit          step_2.o
    0x00000898   0x00000138   Code   RO          515    i.GPIOPadConfigSet  driverlib.lib(gpio.o)
    0x000009d0   0x00000006   Code   RO          517    i.GPIOPinRead       driverlib.lib(gpio.o)
    0x000009d6   0x0000001c   Code   RO          518    i.GPIOPinTypeADC    driverlib.lib(gpio.o)
    0x000009f2   0x0000001c   Code   RO          526    i.GPIOPinTypeGPIOInput  driverlib.lib(gpio.o)
    0x00000a0e   0x0000001c   Code   RO          527    i.GPIOPinTypeGPIOOutput  driverlib.lib(gpio.o)
    0x00000a2a   0x00000006   Code   RO          545    i.GPIOPinWrite      driverlib.lib(gpio.o)
    0x00000a30   0x0000000e   Code   RO          809    i.IntMasterEnable   driverlib.lib(interrupt.o)
    0x00000a3e   0x00000002   PAD
    0x00000a40   0x000002e4   Code   RO          923    i.SysCtlClockFreqSet  driverlib.lib(sysctl.o)
    0x00000d24   0x00000028   Code   RO          955    i.SysCtlPeripheralEnable  driverlib.lib(sysctl.o)
    0x00000d4c   0x0000002c   Code   RO          959    i.SysCtlPeripheralReady  driverlib.lib(sysctl.o)
    0x00000d78   0x0000000e   Code   RO         1270    i.SysTickEnable     driverlib.lib(systick.o)
    0x00000d86   0x00000002   PAD
    0x00000d88   0x00000020   Code   RO          104    i.SysTickInit       step_2.o
    0x00000da8   0x0000000e   Code   RO         1272    i.SysTickIntEnable  driverlib.lib(systick.o)
    0x00000db6   0x0000000a   Code   RO         1276    i.SysTickPeriodSet  driverlib.lib(systick.o)
    0x00000dc0   0x000001d8   Code   RO          105    i.SysTick_Handler   step_2.o
    0x00000f98   0x00000020   Code   RO          172    i.SystemInit        system_tm4c129.o
    0x00000fb8   0x00000104   Code   RO            1    i.TM1638_DigiSegment  tm1638.o
    0x000010bc   0x00000024   Code   RO            2    i.TM1638_Init       tm1638.o
    0x000010e0   0x000000a0   Code   RO            3    i.TM1638_Readkeyboard  tm1638.o
    0x00001180   0x0000009c   Code   RO            4    i.TM1638_RefreshDIGIandLED  tm1638.o
    0x0000121c   0x00000054   Code   RO            5    i.TM1638_Serial_Input  tm1638.o
    0x00001270   0x00000054   Code   RO            6    i.TM1638_Serial_Output  tm1638.o
    0x000012c4   0x000002c0   Code   RO          106    i.main              step_2.o
    0x00001584   0x00000150   Code   RO         1350    x$fpl$dadd          fz_wm.l(daddsub_clz.o)
    0x000016d4   0x000002b0   Code   RO         1357    x$fpl$ddiv          fz_wm.l(ddiv.o)
    0x00001984   0x0000005a   Code   RO         1360    x$fpl$dfixu         fz_wm.l(dfixu.o)
    0x000019de   0x00000026   Code   RO         1364    x$fpl$dfltu         fz_wm.l(dflt_clz.o)
    0x00001a04   0x00000154   Code   RO         1370    x$fpl$dmul          fz_wm.l(dmul.o)
    0x00001b58   0x0000009c   Code   RO         1373    x$fpl$dnaninf       fz_wm.l(dnaninf.o)
    0x00001bf4   0x0000000c   Code   RO         1375    x$fpl$dretinf       fz_wm.l(dretinf.o)
    0x00001c00   0x000001d4   Code   RO         1352    x$fpl$dsub          fz_wm.l(daddsub_clz.o)
    0x00001dd4   0x0000000a   Code   RO         1462    x$fpl$fpinit        fz_wm.l(fpinit.o)
    0x00001dde   0x00000000   Code   RO         1377    x$fpl$usenofp       fz_wm.l(usenofp.o)
    0x00001dde   0x00000002   PAD
    0x00001de0   0x00000254   Data   RO          977    .constdata          driverlib.lib(sysctl.o)
    0x00002034   0x00000020   Data   RO         1530    Region$$Table       anon$$obj.o


    Execution Region RW_IRAM1 (Base: 0x20000000, Size: 0x000002b0, Max: 0x00040000, ABSOLUTE)

    Base Addr    Size         Type   Attr      Idx    E Section Name        Object

    0x20000000   0x00000039   Data   RW          108    .data               step_2.o
    0x20000039   0x00000003   PAD
    0x2000003c   0x00000004   Data   RW          173    .data               system_tm4c129.o
    0x20000040   0x00000010   Zero   RW          107    .bss                step_2.o
    0x20000050   0x00000060   Zero   RW         1404    .bss                c_w.l(libspace.o)
    0x200000b0   0x00000000   Zero   RW          162    HEAP                startup_tm4c129.o
    0x200000b0   0x00000200   Zero   RW          161    STACK               startup_tm4c129.o


==============================================================================

Image component sizes


      Code (inc. data)   RO Data    RW Data    ZI Data      Debug   Object Name

       228         12          0          0          0       1233   dac6571.o
       300         22        512          0        512       6024   startup_tm4c129.o
      1540        256          0         57         16       5395   step_2.o
        32         12          0          4          0        687   system_tm4c129.o
       780         78          0          0          0       8405   tm1638.o

    ----------------------------------------------------------------------
      2880        380        544         64        528      21744   Object Totals
         0          0         32          0          0          0   (incl. Generated)
         0          0          0          3          0          0   (incl. Padding)

    ----------------------------------------------------------------------

      Code (inc. data)   RO Data    RW Data    ZI Data      Debug   Library Member Name

         8          0          0          0          0         68   __main.o
         0          0          0          0          0          0   __rtentry.o
        12          0          0          0          0          0   __rtentry2.o
         6          0          0          0          0          0   __rtentry4.o
        52          8          0          0          0          0   __scatter.o
        26          0          0          0          0          0   __scatter_copy.o
        28          0          0          0          0          0   __scatter_zi.o
        18          0          0          0          0         80   exit.o
         6          0          0          0          0        152   heapauxi.o
         0          0          0          0          0          0   indicate_semi.o
         2          0          0          0          0          0   libinit.o
         6          0          0          0          0          0   libinit2.o
         2          0          0          0          0          0   libshutdown.o
         2          0          0          0          0          0   libshutdown2.o
         8          4          0          0         96         68   libspace.o
        78          0          0          0          0         80   rt_memclr_w.o
         2          0          0          0          0          0   rtexit.o
        10          0          0          0          0          0   rtexit2.o
        12          4          0          0          0         68   sys_exit.o
        74          0          0          0          0         80   sys_stackheap_outer.o
         2          0          0          0          0         68   use_no_semi.o
       388          0          0          0          0       8194   adc.o
        38          0          0          0          0        572   cpu.o
       448          0          0          0          0       4845   gpio.o
        14          0          0          0          0        518   interrupt.o
       824         48        596          0          0       4490   sysctl.o
        38          0          0          0          0       1410   systick.o
       804         16          0          0          0        368   daddsub_clz.o
       688        140          0          0          0        256   ddiv.o
        90          4          0          0          0        140   dfixu.o
        38          0          0          0          0        116   dflt_clz.o
       340         12          0          0          0        152   dmul.o
       156          4          0          0          0        140   dnaninf.o
        12          0          0          0          0        116   dretinf.o
        10          0          0          0          0        116   fpinit.o
         0          0          0          0          0          0   usenofp.o

    ----------------------------------------------------------------------
      4256        240        596          0         96      22097   Library Totals
        14          0          0          0          0          0   (incl. Padding)

    ----------------------------------------------------------------------

      Code (inc. data)   RO Data    RW Data    ZI Data      Debug   Library Name

       354         16          0          0         96        664   c_w.l
      1750         48        596          0          0      20029   driverlib.lib
      2138        176          0          0          0       1404   fz_wm.l

    ----------------------------------------------------------------------
      4256        240        596          0         96      22097   Library Totals

    ----------------------------------------------------------------------

==============================================================================


      Code (inc. data)   RO Data    RW Data    ZI Data      Debug   

      7136        620       1140         64        624      39633   Grand Totals
      7136        620       1140         64        624      39633   ELF Image Totals
      7136        620       1140         64          0          0   ROM Totals

==============================================================================

    Total RO  Size (Code + RO Data)                 8276 (   8.08kB)
    Total RW  Size (RW Data + ZI Data)               688 (   0.67kB)
    Total ROM Size (Code + RO Data + RW Data)       8340 (   8.14kB)

==============================================================================

