<html>
<body>
<pre>
<h1>µVision Build Log</h1>
<h2>Tool Versions:</h2>
IDE-Version: ¦ÌVision V5.22.0.0
Copyright (C) 2016 ARM Ltd and ARM Germany GmbH. All rights reserved.
License Information: wh D, SJTU-5, LIC=32B1Q-NAK07-122LE-5VBRI-2EWBN-2AHAK
 
Tool Versions:
Toolchain:       MDK-ARM Plus  Version: 5.22
Toolchain Path:  F:\Software_downloads\Keil_v5\ARM\ARMCC\Bin
C Compiler:      Armcc.exe V5.06 update 4 (build 422)
Assembler:       Armasm.exe V5.06 update 4 (build 422)
Linker/Locator:  ArmLink.exe V5.06 update 4 (build 422)
Library Manager: ArmAr.exe V5.06 update 4 (build 422)
Hex Converter:   FromElf.exe V5.06 update 4 (build 422)
CPU DLL:         SARMCM3.DLL V5.22
Dialog DLL:      DCM.DLL V1.13.9.0
Target DLL:      lmidk-agdi.dll V???
Dialog DLL:      TCM.DLL V1.21.0.0
 
<h2>Project:</h2>
C:\A2000TM4\EXP4_3\exp4_3.uvprojx
Project File Date:  04/28/2024

<h2>Output:</h2>
*** Using Compiler 'V5.06 update 4 (build 422)', folder: 'F:\Software_downloads\Keil_v5\ARM\ARMCC\Bin'
Build target 'Target 1'
compiling exp4_3.c...
exp4_3.c(191): warning:  #177-D: variable "temp"  was declared but never referenced
  	uint8_t temp, i;
exp4_3.c(191): warning:  #177-D: variable "i"  was declared but never referenced
  	uint8_t temp, i;
exp4_3.c(260): warning:  #167-D: argument of type "char *" is incompatible with parameter of type "unsigned char *"
  	display_GB2312_string(3, 17, str[0], 0); //(3 - 1) * 8 + 1=17
exp4_3.c(261): warning:  #167-D: argument of type "char *" is incompatible with parameter of type "unsigned char *"
  	display_GB2312_string(3, 81, str[1], 0); //(11 - 1) * 8 + 1=81
exp4_3.c(263): warning:  #167-D: argument of type "char *" is incompatible with parameter of type "unsigned char *"
  	display_GB2312_string(3, 97, str[2], 0); //(13 - 1) * 8 + 1=97
exp4_3.c(286): warning:  #167-D: argument of type "char *" is incompatible with parameter of type "unsigned char *"
  	display_GB2312_string(3, 81, str[0], 0); //(11 - 1) * 8 + 1=81
exp4_3.c(300): warning:  #167-D: argument of type "char *" is incompatible with parameter of type "unsigned char *"
  	display_GB2312_string(3, 81, str[1], 0); //(11 - 1) * 8 + 1=81
exp4_3.c(302): warning:  #167-D: argument of type "char *" is incompatible with parameter of type "unsigned char *"
  	display_GB2312_string(3, 97, str[2], 0); //(13 - 1) * 8 + 1=97
exp4_3.c(415): warning:  #550-D: parameter "ui_state"  was set but never used
  void act4_ui_state_proc(uint8_t ui_state)
exp4_3.c(656): warning:  #167-D: argument of type "char *" is incompatible with parameter of type "unsigned char *"
  		display_GB2312_string(3, (11 - 1) * 8 + 1, str[0], 1);
exp4_3.c(674): warning:  #167-D: argument of type "char *" is incompatible with parameter of type "unsigned char *"
  		display_GB2312_string(3, (11 - 1) * 8 + 1, str[0], 0);
exp4_3.c(681): warning:  #167-D: argument of type "char *" is incompatible with parameter of type "unsigned char *"
  		display_GB2312_string(3, (11 - 1) * 8 + 1, str[0], 0);
exp4_3.c(689): warning:  #167-D: argument of type "char *" is incompatible with parameter of type "unsigned char *"
  		display_GB2312_string(3, (11 - 1) * 8 + 1, str[0], 1);
exp4_3.c(696): warning:  #167-D: argument of type "char *" is incompatible with parameter of type "unsigned char *"
  		display_GB2312_string(3, (11 - 1) * 8 + 1, str[0], 1);
exp4_3.c(706): warning:  #167-D: argument of type "char *" is incompatible with parameter of type "unsigned char *"
  		display_GB2312_string(3, (11 - 1) * 8 + 1, str[0], 0);
exp4_3.c(732): warning:  #167-D: argument of type "char *" is incompatible with parameter of type "unsigned char *"
  		display_GB2312_string(3, (11 - 1) * 8 + 1, str[0], 1);
exp4_3.c(776): warning:  #167-D: argument of type "char *" is incompatible with parameter of type "unsigned char *"
  		display_GB2312_string(3, (11 - 1) * 8 + 1, str[0], 1);
exp4_3.c(821): warning:  #167-D: argument of type "char *" is incompatible with parameter of type "unsigned char *"
  		display_GB2312_string(3, (11 - 1) * 8 + 1, str[1], 1);
exp4_3.c(839): warning:  #167-D: argument of type "char *" is incompatible with parameter of type "unsigned char *"
  		display_GB2312_string(3, (11 - 1) * 8 + 1, str[1], 0);
exp4_3.c(840): warning:  #167-D: argument of type "char *" is incompatible with parameter of type "unsigned char *"
  		display_GB2312_string(3, (13 - 1) * 8 + 1, str[2], 1);
exp4_3.c(846): warning:  #167-D: argument of type "char *" is incompatible with parameter of type "unsigned char *"
  		display_GB2312_string(3, (11 - 1) * 8 + 1, str[1], 0);
exp4_3.c(854): warning:  #167-D: argument of type "char *" is incompatible with parameter of type "unsigned char *"
  		display_GB2312_string(3, (11 - 1) * 8 + 1, str[1], 1);
exp4_3.c(861): warning:  #167-D: argument of type "char *" is incompatible with parameter of type "unsigned char *"
  		display_GB2312_string(3, (11 - 1) * 8 + 1, str[1], 1);
exp4_3.c(871): warning:  #167-D: argument of type "char *" is incompatible with parameter of type "unsigned char *"
  		display_GB2312_string(3, (11 - 1) * 8 + 1, str[1], 0);
exp4_3.c(889): warning:  #167-D: argument of type "char *" is incompatible with parameter of type "unsigned char *"
  		display_GB2312_string(3, (13 - 1) * 8 + 1, str[2], 0);
exp4_3.c(896): warning:  #167-D: argument of type "char *" is incompatible with parameter of type "unsigned char *"
  		display_GB2312_string(3, (13 - 1) * 8 + 1, str[2], 0);
exp4_3.c(897): warning:  #167-D: argument of type "char *" is incompatible with parameter of type "unsigned char *"
  		display_GB2312_string(3, (11 - 1) * 8 + 1, str[1], 1);
exp4_3.c(904): warning:  #167-D: argument of type "char *" is incompatible with parameter of type "unsigned char *"
  		display_GB2312_string(3, (13 - 1) * 8 + 1, str[2], 1);
exp4_3.c(911): warning:  #167-D: argument of type "char *" is incompatible with parameter of type "unsigned char *"
  		display_GB2312_string(3, (13 - 1) * 8 + 1, str[2], 1);
exp4_3.c(921): warning:  #167-D: argument of type "char *" is incompatible with parameter of type "unsigned char *"
  		display_GB2312_string(3, (13 - 1) * 8 + 1, str[2], 0);
exp4_3.c(947): warning:  #167-D: argument of type "char *" is incompatible with parameter of type "unsigned char *"
  		display_GB2312_string(3, (13 - 1) * 8 + 1, str[2], 1);
exp4_3.c(1008): warning:  #167-D: argument of type "char *" is incompatible with parameter of type "unsigned char *"
  		display_GB2312_string(3, (11 - 1) * 8 + 1, str[1], 1);
exp4_3.c: 32 warnings, 0 errors
linking...
Program Size: Code=9540 RO-data=1140 RW-data=1184 ZI-data=640  
FromELF: creating hex file...
".\Objects\exp4_3.axf" - 0 Error(s), 32 Warning(s).

<h2>Software Packages used:</h2>

Package Vendor: Keil
                http://www.keil.com/pack/Keil.TM4C_DFP.1.1.0.pack
                Keil::Device:Startup:1.0.0
                Texas Instruments Tiva C Series Device Support and Examples
   * Component: Startup Version: 1.0.0

<h2>Collection of Component include folders:</h2>
  C:\A2000TM4\EXP4_3\RTE\_Target_1
  F:\Software_downloads\Keil_v5\ARM\PACK\Keil\TM4C_DFP\1.1.0\Device\Include\TM4C129

<h2>Collection of Component Files used:</h2>

   * Component: Keil::Device:Startup:1.0.0
      Include file:  Device\Include\TM4C129\TM4C129.h
      Source file:   Device\Source\ARM\startup_TM4C129.s
      Source file:   Device\Source\system_TM4C129.c
Build Time Elapsed:  00:00:00
</pre>
</body>
</html>
